Archive member included because of file (symbol)

d:/NXP/bstudio_nxp/sdk/JN-SW-4168/Components/Library\libOS_JN516x.a(os.o)
                              d:/NXP/bstudio_nxp/workspace/JN-AN-1189-ZigBee-HA-Demo/DimmableLight/Build/os_gen.o (symbol from plugin) (os_vStart)
d:/NXP/bstudio_nxp/sdk/JN-SW-4168/Components/Library\libOS_JN516x.a(os_contirq_JN516x.o)
                              d:/NXP/bstudio_nxp/workspace/JN-AN-1189-ZigBee-HA-Demo/DimmableLight/Build/os_irq.o (os_UnclaimedException_W)
d:/NXP/bstudio_nxp/sdk/JN-SW-4168/Components/Library\libPWRM_JN516x.a(pwrm.o)
                              d:/NXP/bstudio_nxp/workspace/JN-AN-1189-ZigBee-HA-Demo/DimmableLight/Build/app_start_light.o (symbol from plugin) (PWRM_vInit)
d:/NXP/bstudio_nxp/sdk/JN-SW-4168/Components/Library\libPWRM_JN516x.a(pwrm_setjmp_JN516x.o)
                              pwrm.o (symbol from plugin) (setjmp)
d:/NXP/bstudio_nxp/sdk/JN-SW-4168/Components/Library\libPWRM_JN516x.a(pwrm_cold_start.o)
                              (AppColdStart)
d:/NXP/bstudio_nxp/sdk/JN-SW-4168/Components/Library\libPWRM_JN516x.a(pwrm_warm_start.o)
                              (AppWarmStart)
d:/NXP/bstudio_nxp/sdk/JN-SW-4168/Components/Library\libPDUM_JN516x.a(pdum_nwk.o)
                              d:/NXP/bstudio_nxp/workspace/JN-AN-1189-ZigBee-HA-Demo/DimmableLight/Build/pdum_gen.o (symbol from plugin) (pdum_vNPduInit)
d:/NXP/bstudio_nxp/sdk/JN-SW-4168/Components/Library\libPDUM_JN516x.a(pdum_apl.o)
                              d:/NXP/bstudio_nxp/workspace/JN-AN-1189-ZigBee-HA-Demo/DimmableLight/Build/appZdpExtraction.o (symbol from plugin) (PDUM_u16APduInstanceReadNBO)
d:/NXP/bstudio_nxp/sdk/JN-SW-4168/Components/Library\libPDUM_JN516x.a(pdum.o)
                              pdum_nwk.o (symbol from plugin) (PDUM_u16SizeNBO)
d:/NXP/bstudio_nxp/sdk/JN-SW-4168/Components/Library\libZPSAPL_JN516x.a(zps_apl_af.o)
                              d:/NXP/bstudio_nxp/workspace/JN-AN-1189-ZigBee-HA-Demo/DimmableLight/Build/zha_light_node.o (symbol from plugin) (ZPS_eAplAfInit)
d:/NXP/bstudio_nxp/sdk/JN-SW-4168/Components/Library\libZPSAPL_JN516x.a(zps_apl_af_apsde.o)
                              d:/NXP/bstudio_nxp/workspace/JN-AN-1189-ZigBee-HA-Demo/DimmableLight/Build/zps_gen.o (symbol from plugin) (zps_vHandleApsdeDataFragIndNotSupported)
d:/NXP/bstudio_nxp/sdk/JN-SW-4168/Components/Library\libZPSAPL_JN516x.a(zps_apl_task.o)
                              zps_apl_af_apsde.o (symbol from plugin) (zps_vAplAfPostEvent)
d:/NXP/bstudio_nxp/sdk/JN-SW-4168/Components/Library\libZPSAPL_JN516x.a(zps_apl_apsde.o)
                              zps_apl_task.o (symbol from plugin) (ZPS_vAplRegisterApsdeDcfmIndCallbacks)
d:/NXP/bstudio_nxp/sdk/JN-SW-4168/Components/Library\libZPSAPL_JN516x.a(zps_apl_apsme.o)
                              zps_apl_task.o (symbol from plugin) (ZPS_vAplRegisterApsmeDcfmIndCallbacks)
d:/NXP/bstudio_nxp/sdk/JN-SW-4168/Components/Library\libZPSAPL_JN516x.a(zps_apl_aps_nlde.o)
                              zps_apl_task.o (symbol from plugin) (zps_vAplApsHandleNldeDcfmInd)
d:/NXP/bstudio_nxp/sdk/JN-SW-4168/Components/Library\libZPSAPL_JN516x.a(zps_apl_sec.o)
                              zps_apl_task.o (symbol from plugin) (zps_psFindKeyDescr)
d:/NXP/bstudio_nxp/sdk/JN-SW-4168/Components/Library\libZPSAPL_JN516x.a(zps_apl_aib.o)
                              d:/NXP/bstudio_nxp/workspace/JN-AN-1189-ZigBee-HA-Demo/DimmableLight/Build/app_zbp_utilities.o (symbol from plugin) (zps_psAplAibGetAib)
d:/NXP/bstudio_nxp/sdk/JN-SW-4168/Components/Library\libZPSAPL_JN516x.a(zps_apl_zdo_nwkmanager.o)
                              zps_apl_apsme.o (symbol from plugin) (zps_vAplSaveRecord)
d:/NXP/bstudio_nxp/sdk/JN-SW-4168/Components/Library\libZPSAPL_JN516x.a(zps_apl_zdo_handle_zdp_event.o)
                              zps_apl_task.o (symbol from plugin) (zps_bAplZdoHandleZdpEvent)
d:/NXP/bstudio_nxp/sdk/JN-SW-4168/Components/Library\libZPSAPL_JN516x.a(zps_apl_zdo_trust_center.o)
                              zps_apl_sec.o (symbol from plugin) (zps_eAplTrustCenterFindDevice)
d:/NXP/bstudio_nxp/sdk/JN-SW-4168/Components/Library\libZPSAPL_JN516x.a(zps_apl_zdo_common.o)
                              zps_apl_zdo_nwkmanager.o (symbol from plugin) (zps_eAplZdoNlmeleaveWrapper)
d:/NXP/bstudio_nxp/sdk/JN-SW-4168/Components/Library\libZPSAPL_JN516x.a(zps_apl_zdo_group.o)
                              d:/NXP/bstudio_nxp/workspace/JN-AN-1189-ZigBee-HA-Demo/DimmableLight/Build/GroupsTableManager.o (symbol from plugin) (zps_eAplZdoGroupEndpointAdd)
d:/NXP/bstudio_nxp/sdk/JN-SW-4168/Components/Library\libZPSAPL_JN516x.a(zps_apl_zdo_default_server.o)
                              d:/NXP/bstudio_nxp/workspace/JN-AN-1189-ZigBee-HA-Demo/DimmableLight/Build/zps_gen.o (symbol from plugin) (zps_vAplZdoDefaultServerInit)
d:/NXP/bstudio_nxp/sdk/JN-SW-4168/Components/Library\libZPSAPL_JN516x.a(zps_apl_zdo_bind_manager.o)
[...]
Memory Configuration

Name             Origin             Length             Attributes
flash            0x0000000000080000 0x0000000000080000
ram              0x000000000400004c 0x0000000000007fb4
*default*        0x0000000000000000 0xffffffffffffffff

Linker script and memory map

                0x0000000000001770                __stack_size = 0x1770
                0x00000000000007d0                __minimum_heap_size = 0x7d0
START GROUP
LOAD d:/NXP/bstudio_nxp/workspace/JN-AN-1189-ZigBee-HA-Demo/DimmableLight/Build/os_gen.o
LOAD C:\Users\ADMINI~1\AppData\Local\Temp\cczLHPSk.ltrans0.ltrans.o
LOAD C:\Users\ADMINI~1\AppData\Local\Temp\cczLHPSk.ltrans1.ltrans.o
LOAD C:\Users\ADMINI~1\AppData\Local\Temp\cczLHPSk.ltrans2.ltrans.o
LOAD C:\Users\ADMINI~1\AppData\Local\Temp\cczLHPSk.ltrans3.ltrans.o
LOAD C:\Users\ADMINI~1\AppData\Local\Temp\cczLHPSk.ltrans4.ltrans.o
LOAD C:\Users\ADMINI~1\AppData\Local\Temp\cczLHPSk.ltrans5.ltrans.o
LOAD C:\Users\ADMINI~1\AppData\Local\Temp\cczLHPSk.ltrans6.ltrans.o
LOAD C:\Users\ADMINI~1\AppData\Local\Temp\cczLHPSk.ltrans7.ltrans.o
LOAD C:\Users\ADMINI~1\AppData\Local\Temp\cczLHPSk.ltrans8.ltrans.o
LOAD C:\Users\ADMINI~1\AppData\Local\Temp\cczLHPSk.ltrans9.ltrans.o
LOAD C:\Users\ADMINI~1\AppData\Local\Temp\cczLHPSk.ltrans10.ltrans.o
LOAD C:\Users\ADMINI~1\AppData\Local\Temp\cczLHPSk.ltrans11.ltrans.o
LOAD C:\Users\ADMINI~1\AppData\Local\Temp\cczLHPSk.ltrans12.ltrans.o
LOAD C:\Users\ADMINI~1\AppData\Local\Temp\cczLHPSk.ltrans13.ltrans.o
LOAD C:\Users\ADMINI~1\AppData\Local\Temp\cczLHPSk.ltrans14.ltrans.o
LOAD C:\Users\ADMINI~1\AppData\Local\Temp\cczLHPSk.ltrans15.ltrans.o
LOAD C:\Users\ADMINI~1\AppData\Local\Temp\cczLHPSk.ltrans16.ltrans.o
LOAD C:\Users\ADMINI~1\AppData\Local\Temp\cczLHPSk.ltrans17.ltrans.o
LOAD C:\Users\ADMINI~1\AppData\Local\Temp\cczLHPSk.ltrans18.ltrans.o
LOAD C:\Users\ADMINI~1\AppData\Local\Temp\cczLHPSk.ltrans19.ltrans.o
LOAD C:\Users\ADMINI~1\AppData\Local\Temp\cczLHPSk.ltrans20.ltrans.o
LOAD C:\Users\ADMINI~1\AppData\Local\Temp\cczLHPSk.ltrans21.ltrans.o
LOAD C:\Users\ADMINI~1\AppData\Local\Temp\cczLHPSk.ltrans22.ltrans.o
LOAD C:\Users\ADMINI~1\AppData\Local\Temp\cczLHPSk.ltrans23.ltrans.o
LOAD C:\Users\ADMINI~1\AppData\Local\Temp\cczLHPSk.ltrans24.ltrans.o
LOAD C:\Users\ADMINI~1\AppData\Local\Temp\cczLHPSk.ltrans25.ltrans.o
LOAD C:\Users\ADMINI~1\AppData\Local\Temp\cczLHPSk.ltrans26.ltrans.o
LOAD C:\Users\ADMINI~1\AppData\Local\Temp\cczLHPSk.ltrans27.ltrans.o
LOAD C:\Users\ADMINI~1\AppData\Local\Temp\cczLHPSk.ltrans28.ltrans.o
LOAD C:\Users\ADMINI~1\AppData\Local\Temp\cczLHPSk.ltrans29.ltrans.o
LOAD C:\Users\ADMINI~1\AppData\Local\Temp\cczLHPSk.ltrans30.ltrans.o
LOAD C:\Users\ADMINI~1\AppData\Local\Temp\cczLHPSk.ltrans31.ltrans.o
LOAD d:/nxp/bstudio_nxp/sdk/tools/ba-elf-ba2-r36379/bin/../lib/gcc/ba-elf/4.7.4/../../../../ba-elf/lib/mcpu_jn51xx_sizeopt\libc.a
LOAD d:/nxp/bstudio_nxp/sdk/tools/ba-elf-ba2-r36379/bin/../lib/gcc/ba-elf/4.7.4/mcpu_jn51xx_sizeopt\libgcc.a
LOAD d:/nxp/bstudio_nxp/sdk/tools/ba-elf-ba2-r36379/bin/../lib/gcc/ba-elf/4.7.4/../../../../ba-elf/lib/mcpu_jn51xx_sizeopt\libc.a
LOAD d:/NXP/bstudio_nxp/workspace/JN-AN-1189-ZigBee-HA-Demo/DimmableLight/Build/os_irq.o
LOAD d:/NXP/bstudio_nxp/workspace/JN-AN-1189-ZigBee-HA-Demo/DimmableLight/Build/os_irq_alignment.o
LOAD d:/NXP/bstudio_nxp/workspace/JN-AN-1189-ZigBee-HA-Demo/DimmableLight/Build/os_irq_buserror.o
LOAD d:/NXP/bstudio_nxp/workspace/JN-AN-1189-ZigBee-HA-Demo/DimmableLight/Build/os_irq_illegalinstruction.o
LOAD d:/NXP/bstudio_nxp/workspace/JN-AN-1189-ZigBee-HA-Demo/DimmableLight/Build/os_irq_stackoverflowexception.o
LOAD d:/NXP/bstudio_nxp/workspace/JN-AN-1189-ZigBee-HA-Demo/DimmableLight/Build/os_irq_unimplementedmodule.o
LOAD d:/NXP/bstudio_nxp/workspace/JN-AN-1189-ZigBee-HA-Demo/DimmableLight/Build/pdum_gen.o
LOAD d:/NXP/bstudio_nxp/workspace/JN-AN-1189-ZigBee-HA-Demo/DimmableLight/Build/pdum_apdu.o
LOAD d:/NXP/bstudio_nxp/workspace/JN-AN-1189-ZigBee-HA-Demo/DimmableLight/Build/zps_gen.o
LOAD d:/NXP/bstudio_nxp/workspace/JN-AN-1189-ZigBee-HA-Demo/DimmableLight/Build/app_timer_driver.o
LOAD d:/NXP/bstudio_nxp/workspace/JN-AN-1189-ZigBee-HA-Demo/DimmableLight/Build/app_start_light.o
LOAD d:/NXP/bstudio_nxp/workspace/JN-AN-1189-ZigBee-HA-Demo/DimmableLight/Build/app_manage_temperature.o
LOAD d:/NXP/bstudio_nxp/workspace/JN-AN-1189-ZigBee-HA-Demo/DimmableLight/Build/app_light_interpolation.o
LOAD d:/NXP/bstudio_nxp/workspace/JN-AN-1189-ZigBee-HA-Demo/DimmableLight/Build/app_zbp_utilities.o
LOAD d:/NXP/bstudio_nxp/workspace/JN-AN-1189-ZigBee-HA-Demo/DimmableLight/Build/app_exceptions.o
LOAD d:/NXP/bstudio_nxp/workspace/JN-AN-1189-ZigBee-HA-Demo/DimmableLight/Build/app_pdm.o
LOAD d:/NXP/bstudio_nxp/workspace/JN-AN-1189-ZigBee-HA-Demo/DimmableLight/Build/app_power_on_counter.o
LOAD d:/NXP/bstudio_nxp/workspace/JN-AN-1189-ZigBee-HA-Demo/DimmableLight/Build/app_light_effect.o
LOAD d:/NXP/bstudio_nxp/workspace/JN-AN-1189-ZigBee-HA-Demo/DimmableLight/Build/App_DimmableLight.o
LOAD d:/NXP/bstudio_nxp/workspace/JN-AN-1189-ZigBee-HA-Demo/DimmableLight/Build/zha_light_node.o
LOAD d:/NXP/bstudio_nxp/workspace/JN-AN-1189-ZigBee-HA-Demo/DimmableLight/Build/app_zcl_light_task.o
LOAD d:/NXP/bstudio_nxp/workspace/JN-AN-1189-ZigBee-HA-Demo/DimmableLight/Build/AgeChildren.o
LOAD d:/NXP/bstudio_nxp/workspace/JN-AN-1189-ZigBee-HA-Demo/DimmableLight/Build/app_reporting.o
LOAD d:/NXP/bstudio_nxp/workspace/JN-AN-1189-ZigBee-HA-Demo/DimmableLight/Build/app_scenes.o
LOAD d:/NXP/bstudio_nxp/workspace/JN-AN-1189-ZigBee-HA-Demo/DimmableLight/Build/appZdpExtraction.o
LOAD d:/NXP/bstudio_nxp/workspace/JN-AN-1189-ZigBee-HA-Demo/DimmableLight/Build/appZpsBeaconHandler.o
LOAD d:/NXP/bstudio_nxp/workspace/JN-AN-1189-ZigBee-HA-Demo/DimmableLight/Build/haEzFindAndBind.o
LOAD d:/NXP/bstudio_nxp/workspace/JN-AN-1189-ZigBee-HA-Demo/DimmableLight/Build/haEzJoin.o
LOAD d:/NXP/bstudio_nxp/workspace/JN-AN-1189-ZigBee-HA-Demo/DimmableLight/Build/haKeys.o
LOAD d:/NXP/bstudio_nxp/workspace/JN-AN-1189-ZigBee-HA-Demo/DimmableLight/Build/DriverBulb_DR1175.o
LOAD d:/NXP/bstudio_nxp/workspace/JN-AN-1189-ZigBee-HA-Demo/DimmableLight/Build/DriverBulb_Shim.o
LOAD d:/NXP/bstudio_nxp/workspace/JN-AN-1189-ZigBee-HA-Demo/DimmableLight/Build/Alarms.o
LOAD d:/NXP/bstudio_nxp/workspace/JN-AN-1189-ZigBee-HA-Demo/DimmableLight/Build/AlarmsClientCommands.o
LOAD d:/NXP/bstudio_nxp/workspace/JN-AN-1189-ZigBee-HA-Demo/DimmableLight/Build/AlarmsCommandHandler.o
LOAD d:/NXP/bstudio_nxp/workspace/JN-AN-1189-ZigBee-HA-Demo/DimmableLight/Build/AlarmsServerCommands.o
LOAD d:/NXP/bstudio_nxp/workspace/JN-AN-1189-ZigBee-HA-Demo/DimmableLight/Build/AlarmsTableManager.o
LOAD d:/NXP/bstudio_nxp/workspace/JN-AN-1189-ZigBee-HA-Demo/DimmableLight/Build/AnalogInputBasic.o
LOAD d:/NXP/bstudio_nxp/workspace/JN-AN-1189-ZigBee-HA-Demo/DimmableLight/Build/AnalogOutputBasic.o
LOAD d:/NXP/bstudio_nxp/workspace/JN-AN-1189-ZigBee-HA-Demo/DimmableLight/Build/Basic.o
LOAD d:/NXP/bstudio_nxp/workspace/JN-AN-1189-ZigBee-HA-Demo/DimmableLight/Build/BasicClientCommands.o
LOAD d:/NXP/bstudio_nxp/workspace/JN-AN-1189-ZigBee-HA-Demo/DimmableLight/Build/BasicCommandHandler.o
LOAD d:/NXP/bstudio_nxp/workspace/JN-AN-1189-ZigBee-HA-Demo/DimmableLight/Build/BinaryInputBasic.o
LOAD d:/NXP/bstudio_nxp/workspace/JN-AN-1189-ZigBee-HA-Demo/DimmableLight/Build/BinaryOutputBasic.o
LOAD d:/NXP/bstudio_nxp/workspace/JN-AN-1189-ZigBee-HA-Demo/DimmableLight/Build/Commissioning.o
LOAD d:/NXP/bstudio_nxp/workspace/JN-AN-1189-ZigBee-HA-Demo/DimmableLight/Build/DeviceTemperatureConfiguration.o
LOAD d:/NXP/bstudio_nxp/workspace/JN-AN-1189-ZigBee-HA-Demo/DimmableLight/Build/Diagnostics.o
LOAD d:/NXP/bstudio_nxp/workspace/JN-AN-1189-ZigBee-HA-Demo/DimmableLight/Build/DoorLock.o
LOAD d:/NXP/bstudio_nxp/workspace/JN-AN-1189-ZigBee-HA-Demo/DimmableLight/Build/DoorLockCommandHandler.o
LOAD d:/NXP/bstudio_nxp/workspace/JN-AN-1189-ZigBee-HA-Demo/DimmableLight/Build/DoorLockCommands.o
LOAD d:/NXP/bstudio_nxp/workspace/JN-AN-1189-ZigBee-HA-Demo/DimmableLight/Build/ElectricalMeasurement.o
LOAD d:/NXP/bstudio_nxp/workspace/JN-AN-1189-ZigBee-HA-Demo/DimmableLight/Build/Groups.o
LOAD d:/NXP/bstudio_nxp/workspace/JN-AN-1189-ZigBee-HA-Demo/DimmableLight/Build/GroupsClientCommands.o
LOAD d:/NXP/bstudio_nxp/workspace/JN-AN-1189-ZigBee-HA-Demo/DimmableLight/Build/GroupsCommandHandler.o
LOAD d:/NXP/bstudio_nxp/workspace/JN-AN-1189-ZigBee-HA-Demo/DimmableLight/Build/GroupsServerCommands.o
LOAD d:/NXP/bstudio_nxp/workspace/JN-AN-1189-ZigBee-HA-Demo/DimmableLight/Build/GroupsTableManager.o
LOAD d:/NXP/bstudio_nxp/workspace/JN-AN-1189-ZigBee-HA-Demo/DimmableLight/Build/Identify.o
LOAD d:/NXP/bstudio_nxp/workspace/JN-AN-1189-ZigBee-HA-Demo/DimmableLight/Build/IdentifyClientCommands.o
LOAD d:/NXP/bstudio_nxp/workspace/JN-AN-1189-ZigBee-HA-Demo/DimmableLight/Build/IdentifyCommandHandler.o
LOAD d:/NXP/bstudio_nxp/workspace/JN-AN-1189-ZigBee-HA-Demo/DimmableLight/Build/IdentifyServerCommands.o
LOAD d:/NXP/bstudio_nxp/workspace/JN-AN-1189-ZigBee-HA-Demo/DimmableLight/Build/LevelControl.o
LOAD d:/NXP/bstudio_nxp/workspace/JN-AN-1189-ZigBee-HA-Demo/DimmableLight/Build/LevelControlClientCommands.o
LOAD d:/NXP/bstudio_nxp/workspace/JN-AN-1189-ZigBee-HA-Demo/DimmableLight/Build/LevelControlCommandHandler.o
LOAD d:/NXP/bstudio_nxp/workspace/JN-AN-1189-ZigBee-HA-Demo/DimmableLight/Build/MultistateInputBasic.o
LOAD d:/NXP/bstudio_nxp/workspace/JN-AN-1189-ZigBee-HA-Demo/DimmableLight/Build/MultistateOutputBasic.o
LOAD d:/NXP/bstudio_nxp/workspace/JN-AN-1189-ZigBee-HA-Demo/DimmableLight/Build/OOSC.o
LOAD d:/NXP/bstudio_nxp/workspace/JN-AN-1189-ZigBee-HA-Demo/DimmableLight/Build/OnOff.o
LOAD d:/NXP/bstudio_nxp/workspace/JN-AN-1189-ZigBee-HA-Demo/DimmableLight/Build/OnOffCommandHandler.o
LOAD d:/NXP/bstudio_nxp/workspace/JN-AN-1189-ZigBee-HA-Demo/DimmableLight/Build/OnOffCommands.o
LOAD d:/NXP/bstudio_nxp/workspace/JN-AN-1189-ZigBee-HA-Demo/DimmableLight/Build/PollControl.o
LOAD d:/NXP/bstudio_nxp/workspace/JN-AN-1189-ZigBee-HA-Demo/DimmableLight/Build/PollControlClientCommands.o
LOAD d:/NXP/bstudio_nxp/workspace/JN-AN-1189-ZigBee-HA-Demo/DimmableLight/Build/PollControlCommandHandler.o
LOAD d:/NXP/bstudio_nxp/workspace/JN-AN-1189-ZigBee-HA-Demo/DimmableLight/Build/PollControlServerCommands.o
LOAD d:/NXP/bstudio_nxp/workspace/JN-AN-1189-ZigBee-HA-Demo/DimmableLight/Build/PowerConfiguration.o
LOAD d:/NXP/bstudio_nxp/workspace/JN-AN-1189-ZigBee-HA-Demo/DimmableLight/Build/Scenes.o
LOAD d:/NXP/bstudio_nxp/workspace/JN-AN-1189-ZigBee-HA-Demo/DimmableLight/Build/ScenesClientCommands.o
LOAD d:/NXP/bstudio_nxp/workspace/JN-AN-1189-ZigBee-HA-Demo/DimmableLight/Build/ScenesClusterManagement.o
LOAD d:/NXP/bstudio_nxp/workspace/JN-AN-1189-ZigBee-HA-Demo/DimmableLight/Build/ScenesCommandHandler.o
LOAD d:/NXP/bstudio_nxp/workspace/JN-AN-1189-ZigBee-HA-Demo/DimmableLight/Build/ScenesServerCommands.o
LOAD d:/NXP/bstudio_nxp/workspace/JN-AN-1189-ZigBee-HA-Demo/DimmableLight/Build/ScenesTableManager.o
LOAD d:/NXP/bstudio_nxp/workspace/JN-AN-1189-ZigBee-HA-Demo/DimmableLight/Build/TC.o
LOAD d:/NXP/bstudio_nxp/workspace/JN-AN-1189-ZigBee-HA-Demo/DimmableLight/Build/Time.o
LOAD d:/NXP/bstudio_nxp/workspace/JN-AN-1189-ZigBee-HA-Demo/DimmableLight/Build/FlowMeasurement.o
LOAD d:/NXP/bstudio_nxp/workspace/JN-AN-1189-ZigBee-HA-Demo/DimmableLight/Build/IlluminanceLevelSensing.o
LOAD d:/NXP/bstudio_nxp/workspace/JN-AN-1189-ZigBee-HA-Demo/DimmableLight/Build/IlluminanceMeasurement.o
LOAD d:/NXP/bstudio_nxp/workspace/JN-AN-1189-ZigBee-HA-Demo/DimmableLight/Build/OccupancySensing.o
LOAD d:/NXP/bstudio_nxp/workspace/JN-AN-1189-ZigBee-HA-Demo/DimmableLight/Build/PressureMeasurement.o
LOAD d:/NXP/bstudio_nxp/workspace/JN-AN-1189-ZigBee-HA-Demo/DimmableLight/Build/RelativeHumidityMeasurement.o
LOAD d:/NXP/bstudio_nxp/workspace/JN-AN-1189-ZigBee-HA-Demo/DimmableLight/Build/TemperatureMeasurement.o
LOAD d:/NXP/bstudio_nxp/workspace/JN-AN-1189-ZigBee-HA-Demo/DimmableLight/Build/BallastConfiguration.o
LOAD d:/NXP/bstudio_nxp/workspace/JN-AN-1189-ZigBee-HA-Demo/DimmableLight/Build/ColourControl.o
LOAD d:/NXP/bstudio_nxp/workspace/JN-AN-1189-ZigBee-HA-Demo/DimmableLight/Build/ColourControlClientCommands.o
LOAD d:/NXP/bstudio_nxp/workspace/JN-AN-1189-ZigBee-HA-Demo/DimmableLight/Build/ColourControlCommandHandler.o
LOAD d:/NXP/bstudio_nxp/workspace/JN-AN-1189-ZigBee-HA-Demo/DimmableLight/Build/ColourControlConversions.o
LOAD d:/NXP/bstudio_nxp/workspace/JN-AN-1189-ZigBee-HA-Demo/DimmableLight/Build/colour_dimmable_light.o
LOAD d:/NXP/bstudio_nxp/workspace/JN-AN-1189-ZigBee-HA-Demo/DimmableLight/Build/colour_dimmer_switch.o
LOAD d:/NXP/bstudio_nxp/workspace/JN-AN-1189-ZigBee-HA-Demo/DimmableLight/Build/dimmable_light.o
LOAD d:/NXP/bstudio_nxp/workspace/JN-AN-1189-ZigBee-HA-Demo/DimmableLight/Build/dimmer_switch.o
LOAD d:/NXP/bstudio_nxp/workspace/JN-AN-1189-ZigBee-HA-Demo/DimmableLight/Build/light_sensor.o
LOAD d:/NXP/bstudio_nxp/workspace/JN-AN-1189-ZigBee-HA-Demo/DimmableLight/Build/occupancy_sensor.o
LOAD d:/NXP/bstudio_nxp/workspace/JN-AN-1189-ZigBee-HA-Demo/DimmableLight/Build/on_off_light.o
LOAD d:/NXP/bstudio_nxp/workspace/JN-AN-1189-ZigBee-HA-Demo/DimmableLight/Build/on_off_light_switch.o
LOAD d:/NXP/bstudio_nxp/workspace/JN-AN-1189-ZigBee-HA-Demo/DimmableLight/Build/ha.o
LOAD d:/NXP/bstudio_nxp/workspace/JN-AN-1189-ZigBee-HA-Demo/DimmableLight/Build/door_lock.o
LOAD d:/NXP/bstudio_nxp/workspace/JN-AN-1189-ZigBee-HA-Demo/DimmableLight/Build/door_lock_controller.o
LOAD d:/NXP/bstudio_nxp/workspace/JN-AN-1189-ZigBee-HA-Demo/DimmableLight/Build/mains_power_outlet.o
LOAD d:/NXP/bstudio_nxp/workspace/JN-AN-1189-ZigBee-HA-Demo/DimmableLight/Build/on_off_output.o
LOAD d:/NXP/bstudio_nxp/workspace/JN-AN-1189-ZigBee-HA-Demo/DimmableLight/Build/on_off_switch.o
LOAD d:/NXP/bstudio_nxp/workspace/JN-AN-1189-ZigBee-HA-Demo/DimmableLight/Build/remote_control.o
LOAD d:/NXP/bstudio_nxp/workspace/JN-AN-1189-ZigBee-HA-Demo/DimmableLight/Build/simple_sensor.o
LOAD d:/NXP/bstudio_nxp/workspace/JN-AN-1189-ZigBee-HA-Demo/DimmableLight/Build/smart_plug.o
LOAD d:/NXP/bstudio_nxp/workspace/JN-AN-1189-ZigBee-HA-Demo/DimmableLight/Build/DRLC.o
LOAD d:/NXP/bstudio_nxp/workspace/JN-AN-1189-ZigBee-HA-Demo/DimmableLight/Build/DRLCCommandCanceAlllLoadControlEvents.o
LOAD d:/NXP/bstudio_nxp/workspace/JN-AN-1189-ZigBee-HA-Demo/DimmableLight/Build/DRLCCommandCancelLoadControlEvent.o
LOAD d:/NXP/bstudio_nxp/workspace/JN-AN-1189-ZigBee-HA-Demo/DimmableLight/Build/DRLCCommandGetScheduledEvents.o
LOAD d:/NXP/bstudio_nxp/workspace/JN-AN-1189-ZigBee-HA-Demo/DimmableLight/Build/DRLCCommandHandler.o
LOAD d:/NXP/bstudio_nxp/workspace/JN-AN-1189-ZigBee-HA-Demo/DimmableLight/Build/DRLCCommandLoadControlEvent.o
LOAD d:/NXP/bstudio_nxp/workspace/JN-AN-1189-ZigBee-HA-Demo/DimmableLight/Build/DRLCCommandReportEventStatus.o
LOAD d:/NXP/bstudio_nxp/workspace/JN-AN-1189-ZigBee-HA-Demo/DimmableLight/Build/DRLCCustomCommandResponsesClient.o
LOAD d:/NXP/bstudio_nxp/workspace/JN-AN-1189-ZigBee-HA-Demo/DimmableLight/Build/DRLCCustomCommandResponsesServer.o
LOAD d:/NXP/bstudio_nxp/workspace/JN-AN-1189-ZigBee-HA-Demo/DimmableLight/Build/DRLCEffectiveTime.o
LOAD d:/NXP/bstudio_nxp/workspace/JN-AN-1189-ZigBee-HA-Demo/DimmableLight/Build/DRLCScheduler.o
LOAD d:/NXP/bstudio_nxp/workspace/JN-AN-1189-ZigBee-HA-Demo/DimmableLight/Build/DRLCTableManagerNoMutex.o
LOAD d:/NXP/bstudio_nxp/workspace/JN-AN-1189-ZigBee-HA-Demo/DimmableLight/Build/DRLCTableManagerServer.o
LOAD d:/NXP/bstudio_nxp/workspace/JN-AN-1189-ZigBee-HA-Demo/DimmableLight/Build/DRLCUserEventOptInOut.o
LOAD d:/NXP/bstudio_nxp/workspace/JN-AN-1189-ZigBee-HA-Demo/DimmableLight/Build/Price.o
LOAD d:/NXP/bstudio_nxp/workspace/JN-AN-1189-ZigBee-HA-Demo/DimmableLight/Build/PriceBlockPeriodTableManager.o
LOAD d:/NXP/bstudio_nxp/workspace/JN-AN-1189-ZigBee-HA-Demo/DimmableLight/Build/PriceCalorificValueTableManager.o
LOAD d:/NXP/bstudio_nxp/workspace/JN-AN-1189-ZigBee-HA-Demo/DimmableLight/Build/PriceCommandGetBlockPeriod.o
LOAD d:/NXP/bstudio_nxp/workspace/JN-AN-1189-ZigBee-HA-Demo/DimmableLight/Build/PriceCommandGetCalorificValue.o
LOAD d:/NXP/bstudio_nxp/workspace/JN-AN-1189-ZigBee-HA-Demo/DimmableLight/Build/PriceCommandGetConversionFactor.o
LOAD d:/NXP/bstudio_nxp/workspace/JN-AN-1189-ZigBee-HA-Demo/DimmableLight/Build/PriceCommandGetCurrentPrice.o
LOAD d:/NXP/bstudio_nxp/workspace/JN-AN-1189-ZigBee-HA-Demo/DimmableLight/Build/PriceCommandGetScheduledPrices.o
LOAD d:/NXP/bstudio_nxp/workspace/JN-AN-1189-ZigBee-HA-Demo/DimmableLight/Build/PriceCommandPriceAck.o
LOAD d:/NXP/bstudio_nxp/workspace/JN-AN-1189-ZigBee-HA-Demo/DimmableLight/Build/PriceCommandPublishBlockPeriod.o
LOAD d:/NXP/bstudio_nxp/workspace/JN-AN-1189-ZigBee-HA-Demo/DimmableLight/Build/PriceCommandPublishBlockPeriodReceive.o
LOAD d:/NXP/bstudio_nxp/workspace/JN-AN-1189-ZigBee-HA-Demo/DimmableLight/Build/PriceCommandPublishCalorificValue.o
LOAD d:/NXP/bstudio_nxp/workspace/JN-AN-1189-ZigBee-HA-Demo/DimmableLight/Build/PriceCommandPublishCalorificValueReceive.o
LOAD d:/NXP/bstudio_nxp/workspace/JN-AN-1189-ZigBee-HA-Demo/DimmableLight/Build/PriceCommandPublishConversionFactor.o
LOAD d:/NXP/bstudio_nxp/workspace/JN-AN-1189-ZigBee-HA-Demo/DimmableLight/Build/PriceCommandPublishConversionFactorReceive.o
LOAD d:/NXP/bstudio_nxp/workspace/JN-AN-1189-ZigBee-HA-Demo/DimmableLight/Build/PriceCommandPublishPrice.o
LOAD d:/NXP/bstudio_nxp/workspace/JN-AN-1189-ZigBee-HA-Demo/DimmableLight/Build/PriceCommandPublishPriceReceive.o
LOAD d:/NXP/bstudio_nxp/workspace/JN-AN-1189-ZigBee-HA-Demo/DimmableLight/Build/PriceConversionFactorTableManager.o
LOAD d:/NXP/bstudio_nxp/workspace/JN-AN-1189-ZigBee-HA-Demo/DimmableLight/Build/PriceCustomCommandHandler.o
LOAD d:/NXP/bstudio_nxp/workspace/JN-AN-1189-ZigBee-HA-Demo/DimmableLight/Build/PriceCustomCommandResponses.o
LOAD d:/NXP/bstudio_nxp/workspace/JN-AN-1189-ZigBee-HA-Demo/DimmableLight/Build/PriceScheduler.o
LOAD d:/NXP/bstudio_nxp/workspace/JN-AN-1189-ZigBee-HA-Demo/DimmableLight/Build/PriceServerAttributeManager.o
LOAD d:/NXP/bstudio_nxp/workspace/JN-AN-1189-ZigBee-HA-Demo/DimmableLight/Build/PriceTableManager.o
LOAD d:/NXP/bstudio_nxp/workspace/JN-AN-1189-ZigBee-HA-Demo/DimmableLight/Build/SimpleMetering.o
LOAD d:/NXP/bstudio_nxp/workspace/JN-AN-1189-ZigBee-HA-Demo/DimmableLight/Build/SimpleMeteringCommandHandler.o
LOAD d:/NXP/bstudio_nxp/workspace/JN-AN-1189-ZigBee-HA-Demo/DimmableLight/Build/SimpleMetering_SendRequest.o
LOAD d:/NXP/bstudio_nxp/workspace/JN-AN-1189-ZigBee-HA-Demo/DimmableLight/Build/dlist.o
LOAD d:/NXP/bstudio_nxp/workspace/JN-AN-1189-ZigBee-HA-Demo/DimmableLight/Build/zcl.o
LOAD d:/NXP/bstudio_nxp/workspace/JN-AN-1189-ZigBee-HA-Demo/DimmableLight/Build/zcl_CustomCommandReceive.o
LOAD d:/NXP/bstudio_nxp/workspace/JN-AN-1189-ZigBee-HA-Demo/DimmableLight/Build/zcl_CustomCommandSend.o
LOAD d:/NXP/bstudio_nxp/workspace/JN-AN-1189-ZigBee-HA-Demo/DimmableLight/Build/zcl_PDUbufferReadWrite.o
LOAD d:/NXP/bstudio_nxp/workspace/JN-AN-1189-ZigBee-HA-Demo/DimmableLight/Build/zcl_PDUbufferReadWriteString.o
LOAD d:/NXP/bstudio_nxp/workspace/JN-AN-1189-ZigBee-HA-Demo/DimmableLight/Build/zcl_WriteAttributesRequestHandle.o
LOAD d:/NXP/bstudio_nxp/workspace/JN-AN-1189-ZigBee-HA-Demo/DimmableLight/Build/zcl_WriteAttributesRequestSend.o
LOAD d:/NXP/bstudio_nxp/workspace/JN-AN-1189-ZigBee-HA-Demo/DimmableLight/Build/zcl_WriteAttributesResponseHandle.o
LOAD d:/NXP/bstudio_nxp/workspace/JN-AN-1189-ZigBee-HA-Demo/DimmableLight/Build/zcl_attribute.o
LOAD d:/NXP/bstudio_nxp/workspace/JN-AN-1189-ZigBee-HA-Demo/DimmableLight/Build/zcl_buffer.o
LOAD d:/NXP/bstudio_nxp/workspace/JN-AN-1189-ZigBee-HA-Demo/DimmableLight/Build/zcl_clusterCommand.o
LOAD d:/NXP/bstudio_nxp/workspace/JN-AN-1189-ZigBee-HA-Demo/DimmableLight/Build/zcl_command.o
LOAD d:/NXP/bstudio_nxp/workspace/JN-AN-1189-ZigBee-HA-Demo/DimmableLight/Build/zcl_configureReportingCommandHandle.o
LOAD d:/NXP/bstudio_nxp/workspace/JN-AN-1189-ZigBee-HA-Demo/DimmableLight/Build/zcl_configureReportingCommandSend.o
LOAD d:/NXP/bstudio_nxp/workspace/JN-AN-1189-ZigBee-HA-Demo/DimmableLight/Build/zcl_configureReportingResponseHandle.o
LOAD d:/NXP/bstudio_nxp/workspace/JN-AN-1189-ZigBee-HA-Demo/DimmableLight/Build/zcl_defaultResponse.o
LOAD d:/NXP/bstudio_nxp/workspace/JN-AN-1189-ZigBee-HA-Demo/DimmableLight/Build/zcl_discoverAttributesExtendedRequestHandle.o
LOAD d:/NXP/bstudio_nxp/workspace/JN-AN-1189-ZigBee-HA-Demo/DimmableLight/Build/zcl_discoverAttributesExtendedRequestSend.o
LOAD d:/NXP/bstudio_nxp/workspace/JN-AN-1189-ZigBee-HA-Demo/DimmableLight/Build/zcl_discoverAttributesExtendedResponseHandle.o
LOAD d:/NXP/bstudio_nxp/workspace/JN-AN-1189-ZigBee-HA-Demo/DimmableLight/Build/zcl_discoverAttributesRequestHandle.o
LOAD d:/NXP/bstudio_nxp/workspace/JN-AN-1189-ZigBee-HA-Demo/DimmableLight/Build/zcl_discoverAttributesRequestSend.o
LOAD d:/NXP/bstudio_nxp/workspace/JN-AN-1189-ZigBee-HA-Demo/DimmableLight/Build/zcl_discoverAttributesResponseHandle.o
LOAD d:/NXP/bstudio_nxp/workspace/JN-AN-1189-ZigBee-HA-Demo/DimmableLight/Build/zcl_discoverCommandsRequestHandle.o
LOAD d:/NXP/bstudio_nxp/workspace/JN-AN-1189-ZigBee-HA-Demo/DimmableLight/Build/zcl_discoverCommandsRequestSend.o
LOAD d:/NXP/bstudio_nxp/workspace/JN-AN-1189-ZigBee-HA-Demo/DimmableLight/Build/zcl_discoverCommandsResponseHandle.o
LOAD d:/NXP/bstudio_nxp/workspace/JN-AN-1189-ZigBee-HA-Demo/DimmableLight/Build/zcl_event.o
LOAD d:/NXP/bstudio_nxp/workspace/JN-AN-1189-ZigBee-HA-Demo/DimmableLight/Build/zcl_heap.o
LOAD d:/NXP/bstudio_nxp/workspace/JN-AN-1189-ZigBee-HA-Demo/DimmableLight/Build/zcl_library_options.o
LOAD d:/NXP/bstudio_nxp/workspace/JN-AN-1189-ZigBee-HA-Demo/DimmableLight/Build/zcl_readAttributesRequestHandle.o
LOAD d:/NXP/bstudio_nxp/workspace/JN-AN-1189-ZigBee-HA-Demo/DimmableLight/Build/zcl_readAttributesRequestSend.o
LOAD d:/NXP/bstudio_nxp/workspace/JN-AN-1189-ZigBee-HA-Demo/DimmableLight/Build/zcl_readAttributesResponseHandle.o
LOAD d:/NXP/bstudio_nxp/workspace/JN-AN-1189-ZigBee-HA-Demo/DimmableLight/Build/zcl_readReportingConfigurationCommandHandle.o
LOAD d:/NXP/bstudio_nxp/workspace/JN-AN-1189-ZigBee-HA-Demo/DimmableLight/Build/zcl_readReportingConfigurationCommandSend.o
LOAD d:/NXP/bstudio_nxp/workspace/JN-AN-1189-ZigBee-HA-Demo/DimmableLight/Build/zcl_readReportingConfigurationResponseHandle.o
LOAD d:/NXP/bstudio_nxp/workspace/JN-AN-1189-ZigBee-HA-Demo/DimmableLight/Build/zcl_reportManager.o
LOAD d:/NXP/bstudio_nxp/workspace/JN-AN-1189-ZigBee-HA-Demo/DimmableLight/Build/zcl_reportMaths.o
LOAD d:/NXP/bstudio_nxp/workspace/JN-AN-1189-ZigBee-HA-Demo/DimmableLight/Build/zcl_reportScheduler.o
LOAD d:/NXP/bstudio_nxp/workspace/JN-AN-1189-ZigBee-HA-Demo/DimmableLight/Build/zcl_reportStringHandling.o
LOAD d:/NXP/bstudio_nxp/workspace/JN-AN-1189-ZigBee-HA-Demo/DimmableLight/Build/zcl_reportStructure.o
LOAD d:/NXP/bstudio_nxp/workspace/JN-AN-1189-ZigBee-HA-Demo/DimmableLight/Build/zcl_search.o
LOAD d:/NXP/bstudio_nxp/workspace/JN-AN-1189-ZigBee-HA-Demo/DimmableLight/Build/zcl_timer.o
LOAD d:/NXP/bstudio_nxp/workspace/JN-AN-1189-ZigBee-HA-Demo/DimmableLight/Build/zcl_transmit.o
LOAD d:/NXP/bstudio_nxp/sdk/JN-SW-4168/Components/Library\libZPSMAC_Mini_JN516x.a
LOAD d:/NXP/bstudio_nxp/sdk/JN-SW-4168/Components/Library\libOS_JN516x.a
LOAD d:/NXP/bstudio_nxp/sdk/JN-SW-4168/Components/Library\libPWRM_JN516x.a
LOAD d:/NXP/bstudio_nxp/sdk/JN-SW-4168/Components/Library\libZPSTSV_JN516x.a
LOAD d:/NXP/bstudio_nxp/sdk/JN-SW-4168/Components/Library\libAES_SW_JN516x.a
LOAD d:/NXP/bstudio_nxp/sdk/JN-SW-4168/Components/Library\libPDUM_JN516x.a
LOAD d:/NXP/bstudio_nxp/sdk/JN-SW-4168/Components/Library\libZPSAPL_JN516x.a
LOAD d:/NXP/bstudio_nxp/sdk/JN-SW-4168/Components/Library\libRandom_JN516x.a
LOAD d:/NXP/bstudio_nxp/sdk/JN-SW-4168/Components/Library\libPDM_EEPROM_JN516x.a
LOAD d:/NXP/bstudio_nxp/sdk/JN-SW-4168/Components/Library\libDBG_JN516x.a
LOAD d:/NXP/bstudio_nxp/sdk/JN-SW-4168/Components/Library\libZPSNWK_JN516x.a
LOAD d:/NXP/bstudio_nxp/sdk/JN-SW-4168/Components/Library\libRecal_JN516x.a
LOAD d:/NXP/bstudio_nxp/sdk/JN-SW-4168/Components/Library\libMiniMac_JN5169.a
LOAD d:/NXP/bstudio_nxp/sdk/JN-SW-4168/Components/Library\libMiniMacShim_JN516x.a
LOAD d:/NXP/bstudio_nxp/sdk/JN-SW-4168/Components/Library\libMMAC_JN5169.a
LOAD d:/NXP/bstudio_nxp/sdk/JN-SW-4168/Components/Library\libJPT_JN5169.a
LOAD d:/NXP/bstudio_nxp/sdk/JN-SW-4168/Components/Library\libAes_JN516x.a
LOAD d:/NXP/bstudio_nxp/sdk/JN-SW-4168/Components/Library\libHardwareApi_JN5169.a
LOAD d:/NXP/bstudio_nxp/sdk/JN-SW-4168/Components/Library\libMicroSpecific_JN516x.a
LOAD d:/NXP/bstudio_nxp/sdk/JN-SW-4168/Components/Library\libBoot_JN516x.a
LOAD d:/NXP/bstudio_nxp/sdk/JN-SW-4168/Platform/DK4/Library\libBoardLib_JN516x.a
LOAD d:/nxp/bstudio_nxp/sdk/tools/ba-elf-ba2-r36379/bin/../lib/gcc/ba-elf/4.7.4/../../../../ba-elf/lib/mcpu_jn51xx_sizeopt\libm.a
END GROUP
LOAD d:/nxp/bstudio_nxp/sdk/tools/ba-elf-ba2-r36379/bin/../lib/gcc/ba-elf/4.7.4/../../../../ba-elf/lib/mcpu_jn51xx_sizeopt\libc.a
LOAD d:/nxp/bstudio_nxp/sdk/tools/ba-elf-ba2-r36379/bin/../lib/gcc/ba-elf/4.7.4/mcpu_jn51xx_sizeopt\libgcc.a
LOAD d:/nxp/bstudio_nxp/sdk/tools/ba-elf-ba2-r36379/bin/../lib/gcc/ba-elf/4.7.4/../../../../ba-elf/lib/mcpu_jn51xx_sizeopt\libc.a
                0x0000000000080038                exception_vsr_table = 0x80038
                0x0000000004000000                pSPIflashFncTable = 0x4000000
                0x0000000000000044                restore_state = 0x44
                0x000000000000004a                bZSPIWaitWIPClear = 0x4a
                0x0000000000000050                u16ZSPIflashRDID = 0x50
                0x0000000000000056                u8SelectFlashChipType = 0x56
                0x000000000000005c                memcpy = 0x5c
                0x0000000000000066                vBootFlashProg = 0x66
                [0x00000000000007d0]                __minimum_heap_size = DEFINED (__minimum_heap_size)?__minimum_heap_size:0xd16
                [0x0000000000001770]                __stack_size = DEFINED (__stack_size)?__stack_size:0x800
                0x0000000000000000                _SwConfig = (DEFINED (g_bSWConf_Debug) | (DEFINED (g_bSWConf_AltDebugPort) << 0x1))

.version        0x000000000007fffc        0x4
                0x000000000007fffc        0x4 LONG 0xf03000b

.bir            0x0000000000080000       0x10
                0x0000000000080000                _flash_start = ABSOLUTE (.)
                0x0000000000080000                _flash_beg = ABSOLUTE (.)
                0x0000000000080000        0x4 LONG 0x12345678
                0x0000000000080004        0x4 LONG 0x11223344
                0x0000000000080008        0x4 LONG 0x55667788
                0x000000000008000c        0x1 BYTE 0x8
                0x000000000008000d        0x1 BYTE 0x1
                0x000000000008000e        0x2 SHORT 0x0

.flashheader    0x0000000000080010       0x28
                0x0000000000080010        0x4 LONG 0x0
                0x0000000000080014        0x4 LONG 0x0
                0x0000000000080018        0x4 LONG 0x0
                0x000000000008001c        0x2 SHORT 0x0
                0x000000000008001e        0x2 SHORT 0x0 ABSOLUTE (_SwConfig)
                0x0000000000080020                _enc_start = ABSOLUTE (.)
                0x0000000000080020        0x4 LONG 0x22b58 ABSOLUTE (_image_len)
                0x0000000000080024        0x4 LONG 0xa23a8 ABSOLUTE (_flash_data_start)
                0x0000000000080028        0x2 SHORT 0x13 ((ABSOLUTE (_ram_data_start) / 0x4) & 0xffff)
                0x000000000008002a        0x2 SHORT 0x1ec ((ABSOLUTE (_ram_data_len) / 0x4) & 0xffff)
                0x000000000008002c        0x2 SHORT 0x1ff ((ABSOLUTE (_bss_start) / 0x4) & 0xffff)
                0x000000000008002e        0x2 SHORT 0xe0f ((ABSOLUTE (_bss_len) / 0x4) & 0xffff)
                0x0000000000080030        0x4 LONG 0xa0089 ABSOLUTE (AppWarmStart)
                0x0000000000080034        0x4 LONG 0xa0094 ABSOLUTE (AppColdStart)
                0x0000000000000000                _enc_offset = (_enc_start & 0xf)

.ro_mac_address
                0x0000000000080040        0x0
                0x0000000000080040                _FlsMACAddress = ABSOLUTE (.)
 *(.ro_mac_address)
                0x0000000000080040                . = ALIGN (0x10)

.ro_ota_header  0x0000000000080040        0x0
                0x0000000000080040                _FlsOtaHeader = ABSOLUTE (.)
 *(.ro_ota_header)
                0x0000000000080040                . = ALIGN (0x10)

.ro_se_lnkKey   0x0000000000080040        0x0
                0x0000000000080040                _FlsLinkKey = ABSOLUTE (.)
 *(.ro_se_lnkKey)
                0x0000000000080040                . = ALIGN (0x10)

.rodata         0x0000000000080038      0xb0d
 *(.rodata*)
 .rodata        0x0000000000080038       0x18 C:\Users\ADMINI~1\AppData\Local\Temp\cczLHPSk.ltrans0.ltrans.o
                0x0000000000080038                psAplDefaultZLLAPSLinkKey
                0x000000000008003c                gMAC_u8MaxBuffers
                0x0000000000080040                g_u32ApsFcSaveCountBitShift
                0x0000000000080044                u8MaxZpsConfigEp
                0x0000000000080045                au8EpMapPresent
                0x0000000000080048                s_groupPdmTable
 .rodata.str1.1
                0x0000000000080050        0x5 C:\Users\ADMINI~1\AppData\Local\Temp\cczLHPSk.ltrans2.ltrans.o
                                          0x8 (size before relaxing)
 *fill*         0x0000000000080055        0x3 00
 .rodata        0x0000000000080058       0x98 C:\Users\ADMINI~1\AppData\Local\Temp\cczLHPSk.ltrans4.ltrans.o
 .rodata.str1.1
                0x0000000000000000        0x5 C:\Users\ADMINI~1\AppData\Local\Temp\cczLHPSk.ltrans4.ltrans.o
                                          0x8 (size before relaxing)
 .rodata.str1.1
                0x00000000000800f0        0x6 C:\Users\ADMINI~1\AppData\Local\Temp\cczLHPSk.ltrans5.ltrans.o
 *fill*         0x00000000000800f6        0x2 00
 .rodata        0x00000000000800f8       0x20 C:\Users\ADMINI~1\AppData\Local\Temp\cczLHPSk.ltrans5.ltrans.o
                0x00000000000800f8                au32NwkPdmRecordOffsets
 .rodata.str1.1
                0x0000000000000000        0x6 C:\Users\ADMINI~1\AppData\Local\Temp\cczLHPSk.ltrans6.ltrans.o
                                          0xf (size before relaxing)
 .rodata        0x0000000000080118        0x6 C:\Users\ADMINI~1\AppData\Local\Temp\cczLHPSk.ltrans7.ltrans.o
 .rodata.str1.1
                0x000000000008011e       0x17 C:\Users\ADMINI~1\AppData\Local\Temp\cczLHPSk.ltrans8.ltrans.o
                                         0x2f (size before relaxing)
 .rodata.str1.1
                0x0000000000080135       0xc6 C:\Users\ADMINI~1\AppData\Local\Temp\cczLHPSk.ltrans10.ltrans.o
 .rodata.str1.1
                0x00000000000801fb        0x7 C:\Users\ADMINI~1\AppData\Local\Temp\cczLHPSk.ltrans11.ltrans.o
                                         0x19 (size before relaxing)
 .rodata.str1.1
                0x0000000000080202        0x7 C:\Users\ADMINI~1\AppData\Local\Temp\cczLHPSk.ltrans12.ltrans.o
                                          0xc (size before relaxing)
 *fill*         0x0000000000080209        0x3 00
 .rodata        0x000000000008020c       0x20 C:\Users\ADMINI~1\AppData\Local\Temp\cczLHPSk.ltrans13.ltrans.o
                0x0000000000080214                au32UartAddrOffset
 .rodata.str1.1
                0x000000000008022c        0x3 C:\Users\ADMINI~1\AppData\Local\Temp\cczLHPSk.ltrans13.ltrans.o
 .rodata.str1.1
                0x0000000000000000        0x3 C:\Users\ADMINI~1\AppData\Local\Temp\cczLHPSk.ltrans14.ltrans.o
                                          0x8 (size before relaxing)
 .rodata.str1.1
                0x000000000008022f        0x5 C:\Users\ADMINI~1\AppData\Local\Temp\cczLHPSk.ltrans15.ltrans.o
                                         0x13 (size before relaxing)
 .rodata        0x0000000000080234       0xd0 C:\Users\ADMINI~1\AppData\Local\Temp\cczLHPSk.ltrans15.ltrans.o
                0x0000000000080234                s_aprIdleStHandleCme.154458
                0x0000000000080248                s_aprActvStHandleCme.150605
                0x000000000008026c                u32ScanAttemptDelayTime
                0x0000000000080270                zps_pacNwkFrmStdByteFmt
                0x0000000000080274                zps_pacNwkFrmStdLongFmt
                0x0000000000080278                zps_pacNwkFrmStdHalfFmt
 .rodata.str1.1
                0x0000000000080304       0x18 C:\Users\ADMINI~1\AppData\Local\Temp\cczLHPSk.ltrans16.ltrans.o
 .rodata        0x000000000008031c      0x118 C:\Users\ADMINI~1\AppData\Local\Temp\cczLHPSk.ltrans16.ltrans.o
                0x000000000008031c                gu32ZCLVersion
                0x0000000000080320                OS_g_u32Version
                0x0000000000080324                PDUM_g_u32Version
                0x0000000000080328                ZPS_g_u32MacVersion
                0x000000000008032c                ZPS_g_u32TsvVersion
 .rodata.str1.1
                0x0000000000000000        0x6 C:\Users\ADMINI~1\AppData\Local\Temp\cczLHPSk.ltrans17.ltrans.o
 .rodata        0x0000000000080434       0x4c C:\Users\ADMINI~1\AppData\Local\Temp\cczLHPSk.ltrans17.ltrans.o
                0x0000000000080434                g_u32NwkFcSaveCountBitShift
 .rodata.str1.1
                0x0000000000080480       0x14 C:\Users\ADMINI~1\AppData\Local\Temp\cczLHPSk.ltrans18.ltrans.o
                                         0x23 (size before relaxing)
 .rodata        0x0000000000080494       0x14 C:\Users\ADMINI~1\AppData\Local\Temp\cczLHPSk.ltrans19.ltrans.o
                0x00000000000804a4                pu64NewMacOverrideMyAddressLocation
 .rodata.str1.1
                0x00000000000804a8       0x35 C:\Users\ADMINI~1\AppData\Local\Temp\cczLHPSk.ltrans20.ltrans.o
                                         0x69 (size before relaxing)
 .rodata.str1.1
                0x00000000000804dd       0x1f C:\Users\ADMINI~1\AppData\Local\Temp\cczLHPSk.ltrans26.ltrans.o
                                         0x42 (size before relaxing)
 .rodata        0x00000000000804fc      0x124 C:\Users\ADMINI~1\AppData\Local\Temp\cczLHPSk.ltrans26.ltrans.o
                0x00000000000804fc                g_bStopZdpAcks
 .rodata.str1.1
                0x0000000000080620       0xac C:\Users\ADMINI~1\AppData\Local\Temp\cczLHPSk.ltrans28.ltrans.o
 .rodata        0x00000000000806cc      0x404 C:\Users\ADMINI~1\AppData\Local\Temp\cczLHPSk.ltrans28.ltrans.o
                0x00000000000806cc                zps_g_pvApl
                0x00000000000806d0                au32TimerBaseAddress
 .rodata        0x0000000000080ad0        0x8 C:\Users\ADMINI~1\AppData\Local\Temp\cczLHPSk.ltrans29.ltrans.o
 .rodata        0x0000000000080ad8       0x68 C:\Users\ADMINI~1\AppData\Local\Temp\cczLHPSk.ltrans30.ltrans.o
 .rodata.str1.1
                0x0000000000080b40        0x5 C:\Users\ADMINI~1\AppData\Local\Temp\cczLHPSk.ltrans31.ltrans.o

.text           0x0000000000080b48    0x2185e
 *(.text*)
 .text          0x0000000000080b48     0x1910 C:\Users\ADMINI~1\AppData\Local\Temp\cczLHPSk.ltrans0.ltrans.o
                0x0000000000080b48                APP_TIMER_Version_1v0
                0x0000000000080b48                vInitialiseApp.3091
 .text          0x0000000000082458     0x1520 C:\Users\ADMINI~1\AppData\Local\Temp\cczLHPSk.ltrans1.ltrans.o
                0x0000000000082458                vZCL_EventHandler
 .text          0x0000000000083978     0x15fc C:\Users\ADMINI~1\AppData\Local\Temp\cczLHPSk.ltrans2.ltrans.o
                0x0000000000083978                DBG_vUartFlush
                0x00000000000839a5                DBG_vUartPutch
                0x00000000000839eb                os_u32APP_cbGetTickTimer
                0x00000000000839f4                boIdValueSearchMatch.139116
                0x0000000000083a4e                vStartTransmit.160648
                0x0000000000083b93                iPDM_FilterDuplicateAppendedSegmentsOnList.140330
                0x0000000000083be9                vDispatch.74220
                0x0000000000083cbb                OS_eStartSWTimer.constprop.149
                0x0000000000083dda                OS_eContinueSWTimer.constprop.24
                0x0000000000083ed3                OS_eStopSWTimer
                0x0000000000083ff6                vStartStopTimer
                0x0000000000084021                os_vAPP_RadioRecal
                0x00000000000840c8                OS_ePostMessage
                0x000000000008422e                OS_eExitCriticalSection
                0x0000000000084313                OS_eActivateTask
                0x00000000000843ae                vPostMlmeDcfmInd.94413
                0x0000000000084451                u8ZdoBindUnbindServerUnpackApdu
                0x00000000000844a0                u16ZCL_APduInstanceWriteNBO
                0x00000000000844f4                u16ZCL_WriteCommandHeader
                0x000000000008456c                u16ZCL_APduInstanceWriteStringNBO
                0x0000000000084633                u16ZCL_WriteAttributeValueIntoBuffer
                0x00000000000846a5                u16ZCL_APduInstanceReadStringNBO.part.3.55783
                0x000000000008477e                eZCL_GetAttributeTypeSizeFromBuffer
                0x00000000000847f5                u16ZCL_GetTxPayloadSize
                0x000000000008482d                u16ZCL_ReadTypeNBO
                0x00000000000848e2                u16ZCL_APduInstanceReadNBO
                0x0000000000084933                u16ZCL_ReadCommandHeader.part.0.58524
                0x00000000000849aa                eZCL_FindCluster
                0x0000000000084a0a                eCLD_GroupsSetIdentifying
                0x0000000000084a2f                vCLD_IdentifyTimerClickCallback.17926
                0x0000000000084a9e                eCLD_LevelControlClusterIsPresent
                0x0000000000084b07                eCLD_LevelControlUpdate
                0x0000000000084d81                eCLD_LevelControlSetOnOffState.constprop.21
                0x0000000000084e3a                iPDM_ReadSegmentHeaderDataFromEEPROMsegment
                0x0000000000084e93                zps_psNwkMcpsMgrFindPendingByNwkDstAddr
                0x0000000000084ec9                u16PDM_CalculateRecordChecksum
 .text          0x0000000000084f74     0x1ab1 C:\Users\ADMINI~1\AppData\Local\Temp\cczLHPSk.ltrans3.ltrans.o
                0x0000000000084f74                eSmeASFlBeaconInd.152394
                0x0000000000084f96                eSmeUDNTScanDcfm.151846
                0x0000000000084fb2                vPermitJoinHandleExpiry.147414
                0x0000000000084fbb                vNwkMcpsTimerCallback
                0x0000000000084fd5                zps_eSceGenlIllegal
                0x0000000000084fdc                zps_eSmeGenlIllegal
                0x0000000000084fe3                DBG_vUartFailedAssert
                0x0000000000084fe7                zps_bAplZdoBindRequestServer
                0x0000000000085111                psGetVsMcpsBuf.94417
                0x000000000008511a                psGetMlmeBuf.94410
                0x0000000000085161                psGetNlmeBuf.77401
                0x000000000008516b                psGetNldeBuf.77422
                0x0000000000085175                psGetApsmeBuf.77408
                0x000000000008517e                psGetApsdeBuf.77415
                0x0000000000085184                vLoopbackTimerCallback
                0x00000000000851b3                zps_psNwkSlistRemoveFromHead
                0x00000000000851ca                zps_psNwkSlistRemove
                0x0000000000085202                zps_bNwkMcpsMgrRemoveDescrFromLists
                0x0000000000085240                zps_vNwkSlistAddToTail
                0x000000000008525a                ZPS_bNwkSecHaveNetworkKey
                0x000000000008528e                ZPS_bNwkSecFindMatSet
                0x00000000000852ca                zps_eNwkRctMatchNwkAddr
                0x0000000000085331                ZPS_u8NwkCalcNldeReqOverhead
                0x000000000008536c                zps_vRemoveNextHop
                0x0000000000085409                zps_vRemoveRoute
                0x0000000000085488                zps_psNwkRtMatchNwkAddr
                0x00000000000854e6                ZPS_u64NwkNibGetMappedIeeeAddr
                0x0000000000085508                ZPS_vNwkSecResetDevice
                0x000000000008554d                ZPS_bNwkNibNtActvMatch
                0x0000000000085605                bCheckNwkAddr
                0x0000000000085653                ZPS_vSetExtendedStatus
                0x0000000000085665                zps_eNwkRtMatch
                0x000000000008577e                zps_psApsApsAllocateDcfmRecord
                0x00000000000857ec                zps_u8CalcLinkCost
                0x0000000000085828                ZPS_u8NwkNibNtDiscMatch
                0x000000000008590c                zps_u64NwkLibFromPayload
                0x0000000000085aa9                eSmeAcScBeaconInd.152402
                0x0000000000085bb1                eSmeUDNTBeaconInd.152378
                0x0000000000085bd4                zps_vNwkLibU64ToPayload
                0x0000000000085c01                zps_vInitBeaconPayload
                0x0000000000085c7d                zps_eNwkDcfmIndPost
                0x0000000000085ca0                zps_psNwkDcfmIndGetBuf
                0x0000000000085cc2                eSmeGenlScanDcfm.152386
                0x0000000000085d20                eRouteRequestDataDcfm.148582
                0x0000000000085d74                eNldeDataDcfm.146423
                0x0000000000085da4                zps_vSendNwkStatusInd
                0x0000000000085dd4                DBG_vInit
                0x0000000000085e16                vPDM_ReadBitmapHeader.139969
                0x0000000000085e35                psSLISTsearch
                0x0000000000085e75                psSLISTremove
                0x0000000000085ef3                psSLISTgetNext
                0x0000000000085f17                u8PDM_CalculateFileSystemCapacity
                0x0000000000085f35                u8PDM_CalculateLargestDataRecordStored
                0x0000000000085f66                bPDM_ImageBitmapRepairCheck
                0x0000000000085f8e                u8PDM_ReadSequenceNumber
                0x0000000000085fb1                boSegmentNumberDeleteSearchMatch.139541
                0x0000000000085fcc                u32PDM_ReadFileSystemHeaderWearCount
                0x0000000000085fe2                boSearchForWearCountSubstitute.139863
                0x0000000000086008                boSearchForWearCountInsertPoint.139112
                0x0000000000086026                vPDM_WriteFileSystemHeaderWearCount
                0x0000000000086038                u8PDM_CalculateSegmentsRequired.part.0.138248
                0x0000000000086066                RND_u32GetRand256
                0x0000000000086083                RND_u32GetRand
                0x00000000000860aa                u16CalculateFailedTxCount.112493
                0x00000000000860d4                zps_bAplZdoServerHandleConfirmAcks
                0x000000000008611e                zps_bPerformLeaveActionDecider
                0x0000000000086136                vHandleUpdateDeviceIndication.86437
                0x0000000000086160                u32GetScanChannels.86424
                0x000000000008618b                bDuplicateCheck.81669
                0x0000000000086298                eHandleRemoveNonBroadcastEndpointsFromGroup.81452
                0x0000000000086310                eHandleAddEntryToGroupTable.81415
                0x000000000008636c                bIsBindTableMatch.81392
                0x00000000000863bd                eRemoveEntryInBindingTable.81420
                0x000000000008643c                zps_vAplApsFillAndPostApsAck
                0x00000000000864a6                zps_u8AplApsFreeMsgHandle
                0x0000000000086510                bCheckProfile.77260
                0x000000000008654e                ZPS_bIsGroupPresent
                0x0000000000086586                PDUM_u16APduInstanceWriteStrNBO
                0x0000000000086705                pdum_u16ReadNBO
                0x0000000000086866                PDUM_eNPduReadHeaderNBO
                0x00000000000868b9                PDUM_u16APduInstanceReadNBO
                0x0000000000086903                PDUM_eNPduPrependHeaderNBO
                0x000000000008695e                PDUM_eNPduAppendDataNBO
                0x00000000000869bb                PDUM_u16APduInstanceWriteNBO
 .text          0x0000000000086a25     0x1696 C:\Users\ADMINI~1\AppData\Local\Temp\cczLHPSk.ltrans4.ltrans.o
                0x0000000000086a25                os_bAPP_cbSetTickTimerCompare
                0x0000000000086a81                vZdoServersInit.2816
                0x0000000000086c17                DBG_iUartGetChar
                0x0000000000086ccb                eBasicTxCompleteHandler
                0x0000000000086cd0                vTxRxTimeout.160549
                0x0000000000086d30                eSmeAcScBeaconInd.152559
                0x0000000000086df7                zps_eNwkHandleSmePollDcfm
                0x0000000000086e21                eLeaveDataDcfmRemoteLeave.157085
                0x0000000000086e6a                eSmeEdScScanDcfm.152382
                0x0000000000086eb3                ZPS_eTsvOpen
                0x0000000000086ecd                ZPS_bIsMacAddressUsedInApsTable
                0x0000000000086f17                vDisplayAddressMapTable
                0x0000000000086f31                vDisplayNT
                0x0000000000086f4b                sEZ_GetDiscEntry.10123
                0x0000000000086f8c                eCLD_GroupsCheckGroupExists
                0x0000000000086ff9                zps_vNwkBttMgrInit
                0x0000000000087027                ZPS_vNwkNibClearTables
                0x000000000008713f                vStartTimer.part.0.163140.constprop.128
                0x0000000000087166                bWhite_LED_Off
                0x000000000008717a                vMicroIntEnableOnly.constprop.123
                0x00000000000871a6                vMiniMac_MLME_SetReq_PanId
                0x00000000000871e3                vMiniMac_MLME_SetReq_ShortAddr
                0x00000000000871f1                pvZCL_HeapAlloc.part.0.65848.constprop.104
                0x000000000008722a                vZCL_InitializeClusterInstance.constprop.95
                0x000000000008723b                vACI_OptimisedCcmStar.constprop.50
                0x0000000000087426                zps_eNwkRtDiscMatch.constprop.47
                0x0000000000087479                psDLISTsearchFromHead
                0x00000000000874a2                eCLD_ScenesFindScene
                0x00000000000874ef                vMiniMac_ReturnTxBufferCallback
                0x0000000000087501                vEnableReceive.160554
                0x000000000008753f                pvHeap_Alloc
                0x0000000000087542                vMicroIntRestoreState
                0x000000000008754e                vSetChannelAndPower
                0x00000000000876ee                TSV_eStart
                0x000000000008773e                bAHI_WriteEEPROMfixSegmentData
                0x000000000008779c                bAHI_InitialiseEEPROM
                0x00000000000877e4                vAHI_ReadDataFromEEPROMregister
                0x0000000000087811                vAHI_WriteDataIntoEEPROMregister
                0x0000000000087841                iAHI_WriteDataIntoEEPROMsegment.constprop.108
                0x000000000008788f                iPDM_WriteSegmentHeaderDataIntoEEPROMsegment
                0x00000000000878be                u8AHI_WakeTimerFiredStatus
                0x00000000000878d2                vAHI_WakeTimerStop.part.3.163617
                0x00000000000878f2                vAHI_UartReset.part.4.163371
                0x000000000008792a                vAHI_ClockXtalPull
                0x0000000000087947                vAHI_SwReset
                0x0000000000087977                bAHI_APRegulatorEnabled
                0x0000000000087984                vAHI_ApConfigure.part.0.162850.constprop.125
                0x00000000000879b2                bIssueACIcommand
                0x0000000000087c14                vTransformKey.isra.0.82932
                0x0000000000087c44                vRadioToOff
                0x0000000000087c61                vStartReceive
                0x0000000000087c7d                MAC_u64GetExtAddr
                0x0000000000087c98                ZPS_u64NwkNibFindExtAddr
                0x0000000000087d43                eCLD_ScenesSetLastConfiguredBy.isra.1.24468
                0x0000000000087d7a                ZPS_u16NwkNibFindNwkAddr
                0x0000000000087e20                psSearchForFrameToSend
                0x0000000000087e6e                eMiniMac_FrameInProgress
                0x0000000000087e99                vRemoveFromTxQueue
                0x0000000000087ed5                vAddToTxQueue
                0x0000000000087f0b                u8GetHeaderSize
                0x0000000000087f33                vMiniMac_MLME_SetReq_MinBe
                0x0000000000087f5e                zps_vSendJoinInd
                0x0000000000087fcf                zps_psFormatCmdFrameGeneral
                0x000000000008805b                zps_eNwkFormStInit
                0x0000000000088070                vSendDcfm.153078
                0x0000000000088095                bCheckMatchingEntry.152554
 .text          0x00000000000880bb     0x1291 C:\Users\ADMINI~1\AppData\Local\Temp\cczLHPSk.ltrans5.ltrans.o
                0x00000000000880bb                iPDM_SegmentCopyAndAppendData.constprop.147
                0x0000000000088115                iPDM_ReconstructReplacedDataTable
                0x00000000000882bc                iPDM_ReplaceChangedSegmentInSequence
                0x00000000000883ab                PDM_eSaveRecordData
                0x0000000000088687                zps_vAplSaveRecord
                0x0000000000088720                vAplSecRemoveLinkKey.86529
                0x000000000008879c                ZPS_vNwkSaveRecord
                0x00000000000887c8                zps_bNwkFindAddIeeeAddr
                0x000000000008897c                eCheckAddrConflict.isra.4.143585
                0x0000000000088a12                ZPS_vRemoveEntryFromAddressMap
                0x0000000000088a5b                ZPS_vNwkSaveAllRecords
                0x0000000000088a72                zps_vSaveAllZpsRecords
                0x0000000000088a91                ZPS_vNwkNibSetNwkAddr
                0x0000000000088aaf                zps_eNwkHandleSceRejnResponse
                0x0000000000088b0c                ZPS_vNwkNibSetExtPanId
                0x0000000000088b30                ZPS_vNwkNibSetKeySeqNum
                0x0000000000088b44                ZPS_vNwkNibSetDepth
                0x0000000000088b4d                ZPS_vNwkNibSetUpdateId
                0x0000000000088b5c                vSendNetworkUpdate.143353
                0x0000000000088c8b                ZPS_vNwkNibSetPanId
                0x0000000000088ca9                ZPS_vNwkNibSetCapabilityInfo
                0x0000000000088cd6                ZPS_vNwkNibSetChannel
                0x0000000000088cf4                ZPS_vNwkSaveNt
                0x0000000000088e0e                ZPS_vNtSetUsedStatus
                0x0000000000088eb4                zps_vJoinInitNtParent
                0x0000000000088f78                zps_vBuildSortedActvNTList
                0x0000000000089036                vFinish.156089
                0x000000000008908c                zps_vCleanUnAuthenHandleExpiry
                0x000000000008918a                eUnsolicitedRejoinRspDataDcfm.143361
                0x00000000000891b5                eRejoinRspDataDcfm.154932
                0x0000000000089284                zps_eNwkHandleSmeCommStatusInd
                0x0000000000089338                ZPS_vNwkSaveSecMat
 .text          0x000000000008934c     0x17d1 C:\Users\ADMINI~1\AppData\Local\Temp\cczLHPSk.ltrans6.ltrans.o
                0x000000000008934c                zps_eNwkHandleSceNwkUpdate
                0x0000000000089370                PDUM_eNPduFree
                0x00000000000893dd                zps_vNwkMcpsMgrFreeReqDescr
                0x0000000000089407                zps_vNwkMcpsMgrTidyBtrReqDescr
                0x000000000008944a                PDUM_hAPduAllocateAPduInstance
                0x00000000000894be                hZCL_AllocateAPduInstance
                0x00000000000894fa                zps_eAplZdoSendZdpResponse
                0x0000000000089543                bSendResponse.111307
                0x0000000000089586                PDUM_eAPduFreeAPduInstance
                0x0000000000089609                zps_bAplZdoNwkAddrServer
                0x00000000000897c6                zps_bAplZdoIeeeAddrServer
                0x0000000000089c2f                zps_bAplZdoMatchDescServer
                0x0000000000089c7a                zps_bAplZdoNodeDescServer
                0x0000000000089e16                zps_bAplZdoSimpleDescServer
                0x000000000008a0af                zps_bAplZdoPowerDescServer
                0x000000000008a1fc                zps_bAplZdoActiveEpServer
                0x000000000008a315                zps_bAplZdoSystemServerDiscoveryServer
                0x000000000008a3d2                zps_bAplZdoMgmtLqiServer
                0x000000000008a664                zps_bAplZdoMgmtRtgServer
                0x000000000008a7dd                PDM_eReadDataFromRecord.part.0.138366
                0x000000000008a860                PDM_eReadDataFromRecord
                0x000000000008a880                vLoadAplRecord.86464
                0x000000000008a8ae                vLoadNwkRecord.145208
                0x000000000008a8e6                zps_eAplZdoBdrmRequestSend
                0x000000000008a961                vProcessTimedList.144265
                0x000000000008a9a8                zps_vNwkMcpsMgrPostTimed
                0x000000000008a9bb                vNwkBttTimerExpiry.150651
                0x000000000008aad8                vNwkMcpsSendTimedDfcm
 .text          0x000000000008ab1d     0x121d C:\Users\ADMINI~1\AppData\Local\Temp\cczLHPSk.ltrans7.ltrans.o
                0x000000000008ab1d                vPostVsMcpsDcfmInd.94420
                0x000000000008abe6                vPDM_AddFileSystemElementToListInAscendingWearCountOrder
                0x000000000008acdd                iPDM_WriteSegmentHeaderAndData
                0x000000000008aee6                vPDM_MoveAllDataFromListToList
                0x000000000008af24                vPDM_MoveAllDataToDeAllocList.constprop.148
                0x000000000008af4f                PDM_vDeleteAllDataRecords
                0x000000000008afcc                vPDM_MoveAllDataWithBufferIdAndStateFromListToList
                0x000000000008b057                vPDM_MoveAllDataWithBufferIdFromListToList
                0x000000000008b0dc                vPDM_DeleteAllSegmentsWithIdFromFileSystemList.constprop.77
                0x000000000008b11e                vPDM_MoveFileRecordFromListToList
                0x000000000008b22d                iPDM_VerifyDataSequenceWithBufferId
                0x000000000008b2d3                vPDM_MoveRecordToDeAllocList
                0x000000000008b2f3                vPDM_DeleteAppendedSequence
                0x000000000008b395                PDM_eFullSegmentSave.139660
                0x000000000008b4f8                vFreePendingReqDescr
                0x000000000008b55a                vHandleRouteDiscoveryExpiry.148144
                0x000000000008b5b5                zps_vSendJoinDcfm
                0x000000000008b5fb                vGiveUp.155654
                0x000000000008b633                PDUM_eNPduAllocate
                0x000000000008b6a2                zps_u8AplApsConstructAndPostLoopBackDataInd.80005
                0x000000000008b7db                u8PostUnicastMsgToNHLE.80013
                0x000000000008b814                zps_psAllocateAndFormatMacHdr
                0x000000000008baeb                zps_psNwkInitCmdFrame
                0x000000000008bb6a                eSendLinkStatusDataDcfm.part.1.142318
                0x000000000008bc9c                PDUM_eNPduClone
                0x000000000008bce8                zps_vNwkRemoveConflictedBroadcast
 *fill*         0x000000000008bd3a        0x2 00
 .text          0x000000000008bd3c     0x145c C:\Users\ADMINI~1\AppData\Local\Temp\cczLHPSk.ltrans8.ltrans.o
                0x000000000008bd3c                vApsmeResendTimeOutHandler
                0x000000000008bf5e                vPostNldeDcfmInd.77425
                0x000000000008ca02                vMcpsMgrExpiry.144244
                0x000000000008ca61                zps_vNwkHandleCmeRouteDiscoveryReq
                0x000000000008cae7                vMiniMac_MlmeCallback
                0x000000000008cdd3                vPollConfirm.161565
                0x000000000008cdea                ZPS_vNwkResetOutgoingFrameCounter
                0x000000000008ce3e                eUnfragmentedUnicastTransmission.79988
 .text          0x000000000008d198     0x10f9 C:\Users\ADMINI~1\AppData\Local\Temp\cczLHPSk.ltrans9.ltrans.o
                0x000000000008d242                eBeaconReqSent.161366
                0x000000000008d269                zps_eNwkHandleSceLinkStatus
                0x000000000008d3c1                zps_eAplZdoGroupEndpointRemove
                0x000000000008d459                vMiniMac_McpsCallback
                0x000000000008d69d                eMcpsTxCompleteHandler.160233
                0x000000000008d6cb                vPDM_ImageBitmapRepair.139031
                0x000000000008d72c                vManagePowerOnCountInit
                0x000000000008d7a2                os_vAPP_vManagePowerOnCount
                0x000000000008d80b                APP_ZCL_SaveLightLevel
                0x000000000008d832                vSaveScenesNVM
                0x000000000008d8c5                eCLD_GroupsRemoveAllGroups
                0x000000000008d977                zps_eAplApsmeUnBindReqRsp
                0x000000000008d9dd                bAplZdoBindUnbindServerProcessApdu
                0x000000000008dc86                zps_psFindKeyDescr
                0x000000000008ddb2                zps_eAplSecEncryptPacket
                0x000000000008dea4                vHandleJoinedNwk.10153
                0x000000000008defe                ZPS_bNwkNibAddrMapAddEntry
                0x000000000008e0c5                zps_vAgeRouter
                0x000000000008e103                zps_vLinkStatusHandleExpiry
                0x000000000008e17c                zps_vCheckActvNtForDuplicate
                0x000000000008e219                eSmeOrphScanDcfm.156099
 .text.unlikely
                0x000000000008e291       0x5c C:\Users\ADMINI~1\AppData\Local\Temp\cczLHPSk.ltrans9.ltrans.o
                0x000000000008e291                vInitUnknownNeighbor.144256
 .text          0x000000000008e2ed     0x1149 C:\Users\ADMINI~1\AppData\Local\Temp\cczLHPSk.ltrans10.ltrans.o
                0x000000000008e323                os_vAPP_cbDisableTickTimer
                0x000000000008e367                vRetryCcaFailure
                0x000000000008e3bb                OS_eEnterCriticalSection
                0x000000000008e483                ZPS_eTsvStart
                0x000000000008e4de                zps_vAplAfPostTimerEvent
                0x000000000008e55b                zps_vExpireOldRoutes
                0x000000000008e5d4                zps_vNwkJoinStStartResponseTimer
                0x000000000008e60d                ZPS_eTsvStop
                0x000000000008e661                zps_vNwkHandleCmePermitJoinReq
                0x000000000008e6c9                zps_eNwkBtrMatch
                0x000000000008e7be                zps_vAplApsStopPollTimer.part.2.79894
                0x000000000008e845                ZPS_bSecEncrypt
                0x000000000008e9fb                bHasTimerFired.71522
                0x000000000008ea65                eHandleRemoveBroadcastEndpointsFromGroup.81411
                0x000000000008eabf                eZCL_SetReceiveEventAddressStructure
                0x000000000008eb3e                dbg_vPrintfImplNoneVerbose
                0x000000000008efc5                vOSError
                0x000000000008f01c                DBG_vDumpStack
                0x000000000008f05e                vUnclaimedInterrupt
                0x000000000008f073                eZCLAddReport
                0x000000000008f327                DriverBulb_vInit.part.0.10736
                0x000000000008f41c                eCLD_ScenesCountScenes
 *fill*         0x000000000008f436        0x2 00
 .text          0x000000000008f438     0x1214 C:\Users\ADMINI~1\AppData\Local\Temp\cczLHPSk.ltrans11.ltrans.o
                0x000000000008f438                os_vAPP_ZPR_Light_Task
 .text          0x000000000009064c     0x14aa C:\Users\ADMINI~1\AppData\Local\Temp\cczLHPSk.ltrans12.ltrans.o
                0x000000000009064c                vIncrementFrameCounterInPdm.isra.0.145640
                0x0000000000090828                vProcessListsForSubmission.144356
                0x0000000000090b9d                zps_vNwkMcpsMgrPost
                0x0000000000090cd3                zps_eNwkHandleSceRouteRequest
                0x00000000000910f4                zps_eNwkHandleSceRouteReply
                0x0000000000091411                zps_vNwkHandleCmeLeaveReq
                0x00000000000914df                zps_eNwkHandleSceLeave
                0x0000000000091675                zps_eNwkHandleSdeActvDcfmData
                0x0000000000091761                vMcpsMgrTimeoutExpiry
                0x00000000000917d4                zps_sNwkNibNtCheckJoin
                0x0000000000091a77                zps_vNwkHandleCmeDirectJoinReq
 .text          0x0000000000091af6      0xf4f C:\Users\ADMINI~1\AppData\Local\Temp\cczLHPSk.ltrans13.ltrans.o
                0x0000000000091af6                os_vAPP_cbEnableTickTimer
                0x0000000000091bb0                eOrphanNotificationSent.161362
                0x0000000000091bf9                DBG_vUartInitHardware
                0x0000000000091d36                vMiniMac_NextTransaction
                0x0000000000091da0                ZPS_bSecDecrypt
                0x0000000000091eb2                boPDM_IsBitmapSaturated.140005
                0x0000000000091efb                bWhite_LED_On
                0x0000000000091f12                vLI_UpdateDriver
                0x0000000000091f4f                vWhiteLightSetLevels
                0x0000000000091fbd                APP_vHandleIdentify
                0x0000000000091feb                bPCA9634_WriteRegister
                0x0000000000092069                vDLISTaddToHead
                0x0000000000092092                vDLISTaddToTail
                0x00000000000920b5                psDLISTremove
                0x0000000000092117                eCLD_ScenesRemoveAllScenes
                0x00000000000921b0                iPDM_SearchForBufferIdInList
                0x00000000000921e5                iPDM_SearchForBufferIdInFileSystem
                0x00000000000921f8                iPDM_GetLengthOfDataInBufferWithIdFromFileSystem
                0x0000000000092254                iPDM_SearchForSpecificSegmentInList
                0x0000000000092286                psGetTxFrameBuffer
                0x00000000000922c2                psGetAndBuildCoordRealignment
                0x000000000009231a                vPDM_WriteFileSystemRecordAndSegmentDataIntoEEPROMsegment
                0x000000000009235e                iPDM_ReadUserDataFromEEPROMsegment
                0x00000000000923e0                iPDM_ReadUserDataFromFileSystemRecord
                0x000000000009240a                iPDM_ReadUserDataFromSegmentWithId
                0x000000000009243f                iPDM_ReCalculateWearCountAndChecksumAndWriteFileSystemHeader
                0x0000000000092489                vPDM_SetEEPROMandFileSystemValidState
                0x00000000000924b0                MAC_vPibSetRxOnWhenIdle.constprop.114
                0x00000000000924b9                vMiniMac_Init
                0x0000000000092824                eTransmit
                0x0000000000092901                eBuildAndSend.161370
                0x0000000000092976                vPostTxActions.160641
                0x00000000000929b3                vMiniMac_TxComplete
 *fill*         0x0000000000092a45        0x3 00
 .text          0x0000000000092a48     0x13ac C:\Users\ADMINI~1\AppData\Local\Temp\cczLHPSk.ltrans14.ltrans.o
                0x0000000000092bf1                vHandleRejoinExpiry.155650
                0x0000000000092c4e                zps_eRejoinDataDcfm
                0x0000000000092c92                eSmeAsocAssocDcfm.156259
                0x0000000000092d16                eSmeRjPCPollDcfm.156255
                0x0000000000092d57                eSceRjRsRejoinRsp.156223
                0x0000000000092ec7                zps_eNwkHandleSmeOrphanInd
                0x000000000009313c                zps_eNwkHandleSceNwkStatus
                0x000000000009349d                zps_eNwkHandleSmeAssocInd
                0x00000000000934bf                zps_eNwkHandleSceRejnRequest
                0x000000000009350e                zps_sNwkLibSubmitScan
                0x0000000000093547                zps_vNwkDiscUpdateNT
                0x00000000000935e4                zps_vNwkHandleCmeNwkJoinReq
                0x000000000009385d                eSmeEdScScanDcfm.153087
                0x00000000000938ed                zps_vNwkHandleCmeEdScanReq
                0x000000000009392c                zps_eProcessAddrConflict
                0x0000000000093ad9                ZPS_vNwkNibCheckAndUpdateAddresses
                0x0000000000093b70                zps_bAplZdoDeviceAnnceServer
 .text          0x0000000000093df4     0x12d8 C:\Users\ADMINI~1\AppData\Local\Temp\cczLHPSk.ltrans15.ltrans.o
                0x0000000000093df4                zps_vNwkHandleCmeNwkActvJoinReq
                0x0000000000093e00                vMiniMac_InterruptHandler
                0x000000000009417d                os_vzps_isrMAC
                0x00000000000941b4                eAssocRespSent.160929
                0x00000000000941d3                zps_vNwkHandleCmeSyncReq
                0x000000000009421c                zps_vNwkHandleCmeIdleNwkFormReq
                0x00000000000942c4                zps_vNwkHandleCmeNwkDiscReq
                0x000000000009433e                zps_vReAttemptScanTimerHandleExpiry
                0x0000000000094395                zps_eNwkHandleSmeBeaconNotifyInd
                0x0000000000094497                ZPS_vNwkHandleMcpsVsDcfmInd
 .text          0x00000000000950cc     0x12ca C:\Users\ADMINI~1\AppData\Local\Temp\cczLHPSk.ltrans16.ltrans.o
                0x00000000000950cc                os_bDummyMemberCheck.74230
                0x00000000000950d1                os_vDefaultErrorHook.74226
                0x00000000000950d4                bCLD_ScenesSearchForScene.24987
                0x0000000000095107                eCLD_OnOffSceneEventHandler.20924
                0x000000000009512c                eCLD_LevelControlSceneEventHandler.19496
                0x0000000000095172                DriverBulb_vSetTunableWhiteColourTemperature
                0x0000000000095175                DriverBulb_vSetColour
                0x0000000000095178                os_vAPP_ButtonsScanTask
                0x000000000009517b                APP_ZCL_cbGeneralCallback.7229
                0x000000000009517e                bHandleZdoLeaveRequest.5610
                0x00000000000951d8                vfExtendedStatusCallBack.3088
                0x00000000000951db                os_bStrictCheck.1358
                0x00000000000954ab                bCLD_GroupsSearchForGroup.16873
                0x00000000000954d0                pdum_u16WriteNBO
                0x00000000000955e3                PDUM_u16SizeNBO
                0x0000000000095641                PDUM_thAPduInstanceGetApdu
                0x000000000009565c                PDUM_eAPduInstanceSetPayloadSize
                0x0000000000095684                PDUM_eNPduWriteDataFromBuffer
                0x00000000000956de                PDUM_eNPduWriteDataToBuffer
                0x000000000009573c                PDUM_eNPduWriteFromBuffer
                0x0000000000095765                PDUM_eNPduDescend
                0x000000000009578b                PDUM_eNPduAscend
                0x00000000000957b1                PDUM_eNPduClaimData
                0x000000000009581e                PDUM_eNPduClaimHeader
                0x0000000000095841                PDUM_eNPduInitDescending
                0x000000000009585c                eExpireSWTimer.74239
                0x00000000000958c7                vEnterErrorHook.74222
                0x00000000000958ee                OS_eCollectMessage
                0x00000000000959b3                OS_eGetSWTimerStatus
                0x00000000000959f5                eZCL_SearchForClusterEntry
                0x0000000000095a59                eZCL_BuildTransmitAddressStructure
                0x0000000000095ac6                eZCL_SearchForEPentry
                0x0000000000095af7                eZCL_SearchForEPentryAndCheckManufacturerId
                0x0000000000095b35                vZCL_PassEventToUser
                0x0000000000095b62                eZCL_DoesAttributeHaveReportableChange
                0x0000000000095b7f                eZCL_GetAttributeReportableEntry
                0x0000000000095c37                vZCL_AlignNumericAttributeValueTo64.70996
                0x0000000000095d46                eZCL_BuildClientTransmitAddressStructure
                0x0000000000095d77                bZCL_CheckManufacturerSpecificAttributeFlagMatch
                0x0000000000095d95                eZCL_SearchForAttributeEntry
                0x0000000000095e43                eZCL_GetAttributeTypeSize
                0x0000000000095e62                vZCL_MarkAttributeInvalid
                0x0000000000095f31                u8ZCL_GetAttributeAllignToFourBytesBoundary
                0x0000000000095f46                pvZCL_GetAttributePointer
                0x0000000000095fbc                vCLD_ScenesGenerateIndividualAttributeCallback
                0x0000000000096016                eZCL_StoreChangeAttributeValue
                0x00000000000960b5                u16ZCL_WriteTypeNBO.part.0.55650
                0x000000000009612a                u16ZCL_GetStringStructureSize
                0x0000000000096167                u16ZCL_GetStringAttributeTypeSizeFromBuffer
                0x00000000000961d8                u16ZCL_GetStringSizeAndBufferFromStructure
                0x0000000000096267                eZCL_GetAttributeTypeSizeFromStructure
                0x00000000000962e0                bZCL_SendCommandResponse
                0x00000000000962fc                vAPP_ZCL_DeviceSpecific_Init
                0x0000000000096365                vLI_InitVar.3204
 .text          0x0000000000096396     0x10cd C:\Users\ADMINI~1\AppData\Local\Temp\cczLHPSk.ltrans17.ltrans.o
                0x00000000000963ee                zps_vNwkHandleCmeActvStartRouterReq
                0x0000000000096523                vHandleNwkLocalUpdateAfterBcast.143366
                0x0000000000096577                vHandleNwkRemoteUpdateAfterBcast.143357
                0x00000000000965cb                eSmeAcScScanDcfm.153082
                0x0000000000096899                ZPS_pvNwkCtor.constprop.112
                0x0000000000096e1d                ZPS_vNwkHandleNlmeReqRsp
                0x0000000000096e9a                zps_vAplAfPostEvent
                0x0000000000097009                zps_eAplZdoNlmeleaveWrapper
                0x0000000000097087                zps_bAplZdoMgmtLeaveServer
                0x00000000000971f9                zps_eAplZdoNlmePermitJoiningWrapper
                0x0000000000097221                zps_bAplZdoPermitJoiningServer
                0x000000000009731b                vChangeChannelTimerExpiry.112485
                0x000000000009737e                eLeaveReset.157080
                0x00000000000973e9                eLeaveDataDcfmLocalLeave.157090
 .text          0x0000000000097463     0x1223 C:\Users\ADMINI~1\AppData\Local\Temp\cczLHPSk.ltrans18.ltrans.o
                0x0000000000097463                vSendNetworkReport.143349
                0x000000000009753d                zps_psNwkInitiateRouteDiscovery
                0x0000000000097809                zps_psSendFrm
                0x0000000000097b06                zps_psSendBroadcastFrm.part.0.153722
                0x0000000000097b64                ZPS_vNwkHandleNldeReqRsp
                0x0000000000097e56                zps_eAplSendApsmeCmdFrame
                0x0000000000097fc5                zps_eAplApsmeUpdateDeviceReqRsp.part.4.81549
                0x0000000000098131                zps_vAplApsmeCmdMgrRetryTimeout.81384
                0x000000000009815b                zps_eNwkHandleSceRouteRecord
                0x0000000000098218                zps_psNwkSendRejoinReqCmd.constprop.10
                0x0000000000098281                zps_u8NwkHandleRejoinReq
                0x0000000000098336                vContinueRejoin.154928
                0x00000000000983e5                zps_psSendNetworkStatusCmd
                0x0000000000098452                zps_vProcessLocalAddrConflict
                0x00000000000984fd                zps_eDefaultDataDcfm
 *fill*         0x0000000000098686        0x2 00
 .text          0x0000000000098688      0xebc C:\Users\ADMINI~1\AppData\Local\Temp\cczLHPSk.ltrans19.ltrans.o
                0x0000000000098688                vStartScanTimerExpiry.112489
                0x00000000000986c4                zps_vAplApsPollTimer
                0x00000000000987c2                vPostNlmeDcfmInd.77404
                0x00000000000990e7                zps_eAplZdoStartStack
                0x00000000000991ef                vEZ_EZModeNWKJoinHandler
 .text          0x0000000000099544     0x1103 C:\Users\ADMINI~1\AppData\Local\Temp\cczLHPSk.ltrans20.ltrans.o
                0x0000000000099544                zps_bAplZdoBindUnbindServer
                0x0000000000099684                zps_eZdpNodeDescResponse
                0x000000000009972c                zps_eZdpSimpleDescResponse
                0x0000000000099839                zps_eAplZdpMgmtRtgResponse
                0x0000000000099900                zps_bAplZdoMgmtNWKUpdateServer
                0x0000000000099c47                zps_bAplZdoMgmtBindServer
                0x0000000000099e68                zps_eZdpNwkAddrResponse
                0x0000000000099f4b                zps_eZdpIeeeAddrResponse
                0x000000000009a02e                zps_eZdpPowerDescResponse
                0x000000000009a0cb                zps_eZdpActiveEpResponse
                0x000000000009a161                zps_eZdpMatchDescResponse
                0x000000000009a1f7                zps_eZdpSystemServerDiscoveryResponse
                0x000000000009a266                zps_eAplZdpMgmtLqiResponse
                0x000000000009a400                zps_bAplZdoZdoClient
                0x000000000009a510                zps_eAplAfBoundDataReqNonBlocking
 *fill*         0x000000000009a647        0x1 00
 .text          0x000000000009a648      0xd50 C:\Users\ADMINI~1\AppData\Local\Temp\cczLHPSk.ltrans21.ltrans.o
                0x000000000009a648                eCLD_ScenesCommandHandler
                0x000000000009b28a                eCLD_IdentifyCommandHandler
 .text          0x000000000009b398      0xcb4 C:\Users\ADMINI~1\AppData\Local\Temp\cczLHPSk.ltrans22.ltrans.o
                0x000000000009b398                vZCL_HandleAttributesWriteRequest
                0x000000000009b828                eZCL_CustomCommandReceive
                0x000000000009b9b6                eCLD_LevelControlCommandHandler
                0x000000000009bcb4                eCLD_OnOffCommandHandler
                0x000000000009bdd2                eCLD_BasicCommandHandler
                0x000000000009be41                vZCL_HandleAttributesReadResponse
 .text          0x000000000009c04c      0xd50 C:\Users\ADMINI~1\AppData\Local\Temp\cczLHPSk.ltrans23.ltrans.o
                0x000000000009c04c                vAplSecAuthPollTimerExpiry.86414
                0x000000000009c0a4                vAplSecAuthTimerExpiry.86418
                0x000000000009c174                zps_vHandleApsdeDataFragIndNotSupported
                0x000000000009c4ee                vPostApsdeDcfmInd.77418
                0x000000000009c6f7                eJoinNetwork.86477
                0x000000000009c7a8                eDiscoverNetworks.86484
                0x000000000009c804                eStartNetworkDiscovery.86491
                0x000000000009c86e                eStartRouter.86501
                0x000000000009c93d                vPostApsmeDcfmInd.77411
 .text          0x000000000009cd9c      0xc90 C:\Users\ADMINI~1\AppData\Local\Temp\cczLHPSk.ltrans24.ltrans.o
                0x000000000009ce57                vZdoBdrmSendNextTimedRequest
                0x000000000009d0e0                eZCL_TransmitDataRequest
                0x000000000009d534                eZCL_SendDefaultResponse
                0x000000000009d633                vReportTimerClickCallback
 .text          0x000000000009da2c      0xe8c C:\Users\ADMINI~1\AppData\Local\Temp\cczLHPSk.ltrans25.ltrans.o
                0x000000000009ddcd                vSendMlmeCommStatusFromTxFrame
                0x000000000009de23                MAC_vHandleMlmeVsReqRsp.constprop.117
                0x000000000009e366                vScanBeaconReceived
                0x000000000009e3a6                vRunningRxCallback
                0x000000000009e6a3                vPostDcfm.161381
                0x000000000009e712                vScanNextChannel.161387
 .text          0x000000000009e8b8      0xc23 C:\Users\ADMINI~1\AppData\Local\Temp\cczLHPSk.ltrans26.ltrans.o
                0x000000000009e8b8                os_vzps_taskZPS
                0x000000000009ea7c                ZPS_vAplHandleApsdeReqRsp
                0x000000000009ee9c                zps_eAplZdpApsdeReqInternal
                0x000000000009ef8b                vEnablePermitJoin
                0x000000000009f009                os_vAPP_AgeOutChildren
                0x000000000009f181                zps_bAplZdoDefaultServer
                0x000000000009f457                zps_eAplZdpBindResponse
                0x000000000009f478                zps_eZdpUnbindResponse
                0x000000000009f499                zps_eZdpMgmtLeaveResponse
                0x000000000009f4ba                zps_eZdpMgmtPermitJoiningResponse
 *fill*         0x000000000009f4db        0x1 00
 .text          0x000000000009f4dc      0x9d4 C:\Users\ADMINI~1\AppData\Local\Temp\cczLHPSk.ltrans27.ltrans.o
                0x000000000009f4dc                os_vZCL_Task
                0x000000000009f502                os_vOTA_MsTask
                0x000000000009f52c                eZCL_CustomCommandSend.constprop.22
                0x000000000009fa13                eCLD_GroupsCommandHandler
 .text          0x000000000009feb0      0x762 C:\Users\ADMINI~1\AppData\Local\Temp\cczLHPSk.ltrans28.ltrans.o
                0x000000000009feb0                APP_ZCL_cbEndpointCallback.7226
                0x00000000000a0089                AppWarmStart
                0x00000000000a0094                AppColdStart
                0x00000000000a03fb                os_vUnclaimedInterrupt
                0x00000000000a040d                os_vControlledIntCheck
                0x00000000000a0452                os_vControlledInterrupt
                0x00000000000a048b                os_vvISR_SystemController
                0x00000000000a0496                os_vvISR_Timer4
                0x00000000000a04a5                os_vvISR_Timer3
                0x00000000000a04b4                os_vAPP_isrIllegalInstruction
                0x00000000000a04ca                os_vAPP_isrAlignmentException
                0x00000000000a04e0                os_vAPP_isrBusErrorException
                0x00000000000a04f6                os_vAPP_isrUnimplementedModuleException
                0x00000000000a050c                os_vAPP_isrStackOverflowException
                0x00000000000a0522                os_vAPP_isrTickTimer
 .text          0x00000000000a0612      0x678 C:\Users\ADMINI~1\AppData\Local\Temp\cczLHPSk.ltrans29.ltrans.o
                0x00000000000a0612                os_vTick_Task
 .text          0x00000000000a0c8a      0x684 C:\Users\ADMINI~1\AppData\Local\Temp\cczLHPSk.ltrans30.ltrans.o
                0x00000000000a0c8a                eHA_RegisterDimmableLightEndPoint.constprop.85
 .text          0x00000000000a130e      0x108 C:\Users\ADMINI~1\AppData\Local\Temp\cczLHPSk.ltrans31.ltrans.o
                0x00000000000a130e                eSendDeviceAnnounce.115133
 .text          0x00000000000a1416       0x25 d:/nxp/bstudio_nxp/sdk/tools/ba-elf-ba2-r36379/bin/../lib/gcc/ba-elf/4.7.4/../../../../ba-elf/lib/mcpu_jn51xx_sizeopt\libc.a(lib_a-memcmp.o)
                0x00000000000a1416                memcmp
 .text          0x00000000000a143b       0x19 d:/nxp/bstudio_nxp/sdk/tools/ba-elf-ba2-r36379/bin/../lib/gcc/ba-elf/4.7.4/../../../../ba-elf/lib/mcpu_jn51xx_sizeopt\libc.a(lib_a-memcpy.o)
 .text          0x00000000000a1454       0x12 d:/nxp/bstudio_nxp/sdk/tools/ba-elf-ba2-r36379/bin/../lib/gcc/ba-elf/4.7.4/../../../../ba-elf/lib/mcpu_jn51xx_sizeopt\libc.a(lib_a-memset.o)
                0x00000000000a1454                memset
 .text          0x00000000000a1466       0x12 d:/nxp/bstudio_nxp/sdk/tools/ba-elf-ba2-r36379/bin/../lib/gcc/ba-elf/4.7.4/../../../../ba-elf/lib/mcpu_jn51xx_sizeopt\libc.a(lib_a-strlen.o)
                0x00000000000a1466                strlen
 .text          0x00000000000a1478       0x2b d:/nxp/bstudio_nxp/sdk/tools/ba-elf-ba2-r36379/bin/../lib/gcc/ba-elf/4.7.4/../../../../ba-elf/lib/mcpu_jn51xx_sizeopt\libc.a(lib_a-strncpy.o)
                0x00000000000a1478                strncpy
 *fill*         0x00000000000a14a3        0x1 00
 .text          0x00000000000a14a4      0x204 d:/nxp/bstudio_nxp/sdk/tools/ba-elf-ba2-r36379/bin/../lib/gcc/ba-elf/4.7.4/mcpu_jn51xx_sizeopt\libgcc.a(__udivsi3.o)
                0x00000000000a14a4                __udivsi3
 .text          0x00000000000a16a8       0x30 d:/nxp/bstudio_nxp/sdk/tools/ba-elf-ba2-r36379/bin/../lib/gcc/ba-elf/4.7.4/mcpu_jn51xx_sizeopt\libgcc.a(__divsi3.o)
                0x00000000000a16a8                __divsi3
 .text          0x00000000000a16d8      0x1b0 d:/nxp/bstudio_nxp/sdk/tools/ba-elf-ba2-r36379/bin/../lib/gcc/ba-elf/4.7.4/mcpu_jn51xx_sizeopt\libgcc.a(__umodsi3.o)
                0x00000000000a16d8                __umodsi3
 .text          0x00000000000a1888       0x24 d:/nxp/bstudio_nxp/sdk/tools/ba-elf-ba2-r36379/bin/../lib/gcc/ba-elf/4.7.4/mcpu_jn51xx_sizeopt\libgcc.a(__modsi3.o)
                0x00000000000a1888                __modsi3
 .text          0x00000000000a18ac      0x3bd d:/nxp/bstudio_nxp/sdk/tools/ba-elf-ba2-r36379/bin/../lib/gcc/ba-elf/4.7.4/mcpu_jn51xx_sizeopt\libgcc.a(_divdi3.o)
                0x00000000000a18ac                __divdi3
 .text          0x00000000000a1c69      0x350 d:/nxp/bstudio_nxp/sdk/tools/ba-elf-ba2-r36379/bin/../lib/gcc/ba-elf/4.7.4/mcpu_jn51xx_sizeopt\libgcc.a(_udivdi3.o)
                0x00000000000a1c69                __udivdi3
 *fill*         0x00000000000a1fb9        0x7 00
 .text          0x00000000000a1fc0      0x1d0 d:/NXP/bstudio_nxp/workspace/JN-AN-1189-ZigBee-HA-Demo/DimmableLight/Build/os_irq.o
                0x00000000000a1fc0                os_ExternalException_W
                0x00000000000a2004                os_PIC_ChannelPriorities
                0x00000000000a2014                os_OSMIUM_HwVectTable
                0x00000000000a2050                os_PIC_SwVectTable
 .text          0x00000000000a2190       0x29 d:/NXP/bstudio_nxp/workspace/JN-AN-1189-ZigBee-HA-Demo/DimmableLight/Build/os_irq_alignment.o
                0x00000000000a2190                IRQ_Alignment
 .text          0x00000000000a21b9       0x29 d:/NXP/bstudio_nxp/workspace/JN-AN-1189-ZigBee-HA-Demo/DimmableLight/Build/os_irq_buserror.o
                0x00000000000a21b9                IRQ_BusError
 .text          0x00000000000a21e2       0x29 d:/NXP/bstudio_nxp/workspace/JN-AN-1189-ZigBee-HA-Demo/DimmableLight/Build/os_irq_illegalinstruction.o
                0x00000000000a21e2                IRQ_IllegalInstruction
 .text          0x00000000000a220b       0x29 d:/NXP/bstudio_nxp/workspace/JN-AN-1189-ZigBee-HA-Demo/DimmableLight/Build/os_irq_stackoverflowexception.o
                0x00000000000a220b                IRQ_StackOverflowException
 .text          0x00000000000a2234       0x29 d:/NXP/bstudio_nxp/workspace/JN-AN-1189-ZigBee-HA-Demo/DimmableLight/Build/os_irq_unimplementedmodule.o
                0x00000000000a2234                IRQ_UnimplementedModule
 *fill*         0x00000000000a225d        0x3 00
 .text          0x00000000000a2260       0xc0 d:/NXP/bstudio_nxp/sdk/JN-SW-4168/Components/Library\libOS_JN516x.a(os_contirq_JN516x.o)
                0x00000000000a2260                os_ExternalException_R
                0x00000000000a2290                os_CFunc_W
                0x00000000000a22e0                os_UnclaimedException_W
                0x00000000000a2300                os_UnclaimedInterrupt_W
 .text          0x00000000000a2320       0x48 d:/NXP/bstudio_nxp/sdk/JN-SW-4168/Components/Library\libPWRM_JN516x.a(pwrm_setjmp_JN516x.o)
                0x00000000000a2320                setjmp
                0x00000000000a2344                PWRM_longjmp
 .text          0x00000000000a2368       0x27 d:/NXP/bstudio_nxp/sdk/JN-SW-4168/Components/Library\libHardwareApi_JN5169.a(AHI_Interrupt.o)
                0x00000000000a2368                vAHI_InterruptSetPriority
                0x00000000000a2386                vAHI_InterruptSetActivePriorityLevel
 .text.vMicroSyscall
                0x00000000000a238f       0x17 d:/NXP/bstudio_nxp/sdk/JN-SW-4168/Components/Library\libMicroSpecific_JN516x.a(MicroSyscall_ba.o)
                0x00000000000a238f                vMicroSyscall
 .text          0x00000000000a23a6        0x0 d:/NXP/bstudio_nxp/sdk/JN-SW-4168/Components/Library\libOS_JN516x.a(os_version_lc.o)
                0x00000000000a23a6                OS_Version_1v2
 .text          0x00000000000a23a6        0x0 d:/NXP/bstudio_nxp/sdk/JN-SW-4168/Components/Library\libZPSAPL_JN516x.a(zps_apl_version_lc.o)
                0x00000000000a23a6                ZPS_APL_Version_2v0
 .text          0x00000000000a23a6        0x0 d:/NXP/bstudio_nxp/sdk/JN-SW-4168/Components/Library\libZPSNWK_JN516x.a(zps_nwk_version_lc.o)
                0x00000000000a23a6                ZPS_NWK_Version_2v0
                0x00000000000a23a6                _flash_end = ABSOLUTE (.)

.rela.dyn       0x00000000000a23a8        0x0
 .rela.text     0x0000000000000000        0x0 d:/NXP/bstudio_nxp/workspace/JN-AN-1189-ZigBee-HA-Demo/DimmableLight/Build/os_irq.o
 .rela.data     0x0000000000000000        0x0 d:/NXP/bstudio_nxp/workspace/JN-AN-1189-ZigBee-HA-Demo/DimmableLight/Build/os_irq.o
 .rela.rodata   0x0000000000000000        0x0 d:/NXP/bstudio_nxp/workspace/JN-AN-1189-ZigBee-HA-Demo/DimmableLight/Build/os_irq.o
                0x000000000400004c                . = ORIGIN (ram)

.data           0x000000000400004c      0x7b0 load address 0x00000000000a23a8
                0x000000000400004c                _ram_data_start = ABSOLUTE (.)
 *(.data*)
 .data          0x000000000400004c       0x18 C:\Users\ADMINI~1\AppData\Local\Temp\cczLHPSk.ltrans0.ltrans.o
                0x000000000400004c                u32DefaultChannelMask.10705
                0x0000000004000050                u8MiniMacConfig_MaxConcurrentAssocResponses
 .data          0x0000000004000064        0x4 C:\Users\ADMINI~1\AppData\Local\Temp\cczLHPSk.ltrans4.ltrans.o
                0x0000000004000064                u32HeapStart
 .data          0x0000000004000068        0x4 C:\Users\ADMINI~1\AppData\Local\Temp\cczLHPSk.ltrans7.ltrans.o
                0x0000000004000068                bCanLoopback.80234
 .data          0x000000000400006c        0x8 C:\Users\ADMINI~1\AppData\Local\Temp\cczLHPSk.ltrans9.ltrans.o
 .data          0x0000000004000074        0x1 C:\Users\ADMINI~1\AppData\Local\Temp\cczLHPSk.ltrans10.ltrans.o
 *fill*         0x0000000004000075        0x1 00
 .data          0x0000000004000076        0xa C:\Users\ADMINI~1\AppData\Local\Temp\cczLHPSk.ltrans11.ltrans.o
                0x0000000004000076                u16ActiveEDAddress.8212
 .data          0x0000000004000080        0x1 C:\Users\ADMINI~1\AppData\Local\Temp\cczLHPSk.ltrans13.ltrans.o
 *fill*         0x0000000004000081        0x3 00
 .data          0x0000000004000084       0xa4 C:\Users\ADMINI~1\AppData\Local\Temp\cczLHPSk.ltrans16.ltrans.o
                0x0000000004000084                s_asapduZCLInstances
                0x00000000040000fc                s_asapduZDPInstances
 .data          0x0000000004000128        0x1 C:\Users\ADMINI~1\AppData\Local\Temp\cczLHPSk.ltrans26.ltrans.o
 *fill*         0x0000000004000129        0x7 00
 .data          0x0000000004000130      0x600 C:\Users\ADMINI~1\AppData\Local\Temp\cczLHPSk.ltrans28.ltrans.o
                0x0000000004000130                os_Mutex_mutexMAC
                0x0000000004000138                os_Mutex_mutexZPS
                0x0000000004000140                s_sApl.2872
                0x000000000400028c                os_SWTimer_APP_cntrTickTimer_APP_TickTimer
                0x00000000040002a8                os_Message_APP_msgZpsEvents
                0x00000000040002cc                os_Message_APP_msgEvents
                0x00000000040002f0                os_Message_APP_msgPOREvents
                0x0000000004000314                os_SWTimer_APP_cntrTickTimer_APP_JoinTimer
                0x0000000004000330                os_SWTimer_APP_cntrTickTimer_APP_BackOffTimer
                0x000000000400034c                os_SWTimer_APP_cntrTickTimer_APP_StartUPTimer
                0x0000000004000368                os_Message_APP_msgZpsEvents_ZCL
                0x000000000400038c                os_SWTimer_APP_cntrTickTimer_APP_RadioRecalTimer
                0x00000000040003a8                os_SWTimer_APP_cntrTickTimer_APP_AgeOutChildrenTmr
                0x00000000040003c4                os_Message_zps_msgMlmeDcfmInd
                0x00000000040003e8                os_Message_zps_msgTimeEvents
                0x000000000400040c                os_Message_zps_msgMcpsDcfmInd
                0x0000000004000430                os_SWTimer_APP_cntrTickTimer_APP_PowerOnCountTimer
                0x000000000400044c                os_Task_Tick_Task
                0x0000000004000458                os_Task_APP_ZPR_Light_Task
                0x0000000004000464                os_Task_ZCL_Task
                0x0000000004000470                os_Task_APP_RadioRecal
                0x000000000400047c                os_Task_APP_AgeOutChildren
                0x0000000004000488                os_Task_zps_taskZPS
                0x0000000004000494                os_Task_APP_ButtonsScanTask
                0x00000000040004a0                os_Task_APP_vManagePowerOnCount
                0x00000000040004ac                os_SWTimer_APP_cntrTickTimer_OTA_MsTimer
                0x00000000040004c8                u8AhiBaudRate.140516
                0x00000000040004c9                bFirstCalled.3145.10785
                0x00000000040004cc                sLI_Vars.3231
                0x000000000400050c                s_prbMemberCheck.74346
                0x0000000004000510                s_prvErrorHook.74344
 .data          0x0000000004000730        0xc C:\Users\ADMINI~1\AppData\Local\Temp\cczLHPSk.ltrans29.ltrans.o
 .data          0x000000000400073c       0xa8 C:\Users\ADMINI~1\AppData\Local\Temp\cczLHPSk.ltrans30.ltrans.o
 .data.s_asAPduPool
                0x00000000040007e4       0x18 d:/NXP/bstudio_nxp/workspace/JN-AN-1189-ZigBee-HA-Demo/DimmableLight/Build/pdum_apdu.o
                0x00000000040007e4                pdum_apduZDP
                0x00000000040007e4                s_asAPduPool
                0x00000000040007f0                pdum_apduZCL
 *(.data.*)
                0x00000000040007fc                . = ALIGN (0x4)
                0x00000000040007fc                _ram_data_end = ABSOLUTE (.)
