Archive member included because of file (symbol)

d:/NXP/bstudio_nxp/sdk/JN-SW-4168/Components/Library\libOS_JN516x.a(os.o)
                              d:/NXP/bstudio_nxp/workspace/JN-AN-1189-ZigBee-HA-Demo/DimmerSwitch/Build/os_gen.o (symbol from plugin) (os_vStart)
d:/NXP/bstudio_nxp/sdk/JN-SW-4168/Components/Library\libOS_JN516x.a(os_contirq_JN516x.o)
                              d:/NXP/bstudio_nxp/workspace/JN-AN-1189-ZigBee-HA-Demo/DimmerSwitch/Build/os_irq.o (os_UnclaimedException_W)
d:/NXP/bstudio_nxp/sdk/JN-SW-4168/Components/Library\libPWRM_JN516x.a(pwrm.o)
                              d:/NXP/bstudio_nxp/workspace/JN-AN-1189-ZigBee-HA-Demo/DimmerSwitch/Build/app_start_switch.o (symbol from plugin) (PWRM_vInit)
d:/NXP/bstudio_nxp/sdk/JN-SW-4168/Components/Library\libPWRM_JN516x.a(pwrm_setjmp_JN516x.o)
                              pwrm.o (symbol from plugin) (setjmp)
d:/NXP/bstudio_nxp/sdk/JN-SW-4168/Components/Library\libPWRM_JN516x.a(pwrm_cold_start.o)
                              (AppColdStart)
d:/NXP/bstudio_nxp/sdk/JN-SW-4168/Components/Library\libPWRM_JN516x.a(pwrm_warm_start.o)
                              (AppWarmStart)
d:/NXP/bstudio_nxp/sdk/JN-SW-4168/Components/Library\libPDUM_JN516x.a(pdum_nwk.o)
                              d:/NXP/bstudio_nxp/workspace/JN-AN-1189-ZigBee-HA-Demo/DimmerSwitch/Build/pdum_gen.o (symbol from plugin) (pdum_vNPduInit)
d:/NXP/bstudio_nxp/sdk/JN-SW-4168/Components/Library\libPDUM_JN516x.a(pdum_apl.o)
                              d:/NXP/bstudio_nxp/workspace/JN-AN-1189-ZigBee-HA-Demo/DimmerSwitch/Build/appZdpExtraction.o (symbol from plugin) (PDUM_u16APduInstanceReadNBO)
d:/NXP/bstudio_nxp/sdk/JN-SW-4168/Components/Library\libPDUM_JN516x.a(pdum.o)
                              pdum_nwk.o (symbol from plugin) (PDUM_u16SizeNBO)
d:/NXP/bstudio_nxp/sdk/JN-SW-4168/Components/Library\libZPSAPL_JN516x.a(zps_apl_af.o)
                              d:/NXP/bstudio_nxp/workspace/JN-AN-1189-ZigBee-HA-Demo/DimmerSwitch/Build/zha_switch_node.o (symbol from plugin) (ZPS_eAplAfInit)
d:/NXP/bstudio_nxp/sdk/JN-SW-4168/Components/Library\libZPSAPL_JN516x.a(zps_apl_af_apsde.o)
                              d:/NXP/bstudio_nxp/workspace/JN-AN-1189-ZigBee-HA-Demo/DimmerSwitch/Build/zps_gen.o (symbol from plugin) (zps_vHandleApsdeDataFragIndNotSupported)
d:/NXP/bstudio_nxp/sdk/JN-SW-4168/Components/Library\libZPSAPL_JN516x.a(zps_apl_task.o)
                              zps_apl_af_apsde.o (symbol from plugin) (zps_vAplAfPostEvent)
d:/NXP/bstudio_nxp/sdk/JN-SW-4168/Components/Library\libZPSAPL_JN516x.a(zps_apl_apsde.o)
                              zps_apl_task.o (symbol from plugin) (ZPS_vAplRegisterApsdeDcfmIndCallbacks)
d:/NXP/bstudio_nxp/sdk/JN-SW-4168/Components/Library\libZPSAPL_JN516x.a(zps_apl_apsme.o)
                              zps_apl_task.o (symbol from plugin) (ZPS_vAplRegisterApsmeDcfmIndCallbacks)
d:/NXP/bstudio_nxp/sdk/JN-SW-4168/Components/Library\libZPSAPL_JN516x.a(zps_apl_aps_nlde.o)
                              zps_apl_task.o (symbol from plugin) (zps_vAplApsHandleNldeDcfmInd)
d:/NXP/bstudio_nxp/sdk/JN-SW-4168/Components/Library\libZPSAPL_JN516x.a(zps_apl_sec.o)
                              zps_apl_task.o (symbol from plugin) (zps_psFindKeyDescr)
d:/NXP/bstudio_nxp/sdk/JN-SW-4168/Components/Library\libZPSAPL_JN516x.a(zps_apl_aib.o)
                              d:/NXP/bstudio_nxp/workspace/JN-AN-1189-ZigBee-HA-Demo/DimmerSwitch/Build/app_zbp_utilities.o (symbol from plugin) (zps_psAplAibGetAib)
d:/NXP/bstudio_nxp/sdk/JN-SW-4168/Components/Library\libZPSAPL_JN516x.a(zps_apl_zdo_nwkmanager.o)
                              zps_apl_apsme.o (symbol from plugin) (zps_vAplSaveRecord)
d:/NXP/bstudio_nxp/sdk/JN-SW-4168/Components/Library\libZPSAPL_JN516x.a(zps_apl_zdo_handle_zdp_event.o)
                              zps_apl_task.o (symbol from plugin) (zps_bAplZdoHandleZdpEvent)
d:/NXP/bstudio_nxp/sdk/JN-SW-4168/Components/Library\libZPSAPL_JN516x.a(zps_apl_zdo_trust_center.o)
                              zps_apl_sec.o (symbol from plugin) (zps_eAplTrustCenterFindDevice)
d:/NXP/bstudio_nxp/sdk/JN-SW-4168/Components/Library\libZPSAPL_JN516x.a(zps_apl_zdo_common.o)
                              zps_apl_zdo_nwkmanager.o (symbol from plugin) (zps_eAplZdoNlmeleaveWrapper)
d:/NXP/bstudio_nxp/sdk/JN-SW-4168/Components/Library\libZPSAPL_JN516x.a(zps_apl_zdo_group.o)
                              d:/NXP/bstudio_nxp/workspace/JN-AN-1189-ZigBee-HA-Demo/DimmerSwitch/Build/GroupsTableManager.o (symbol from plugin) (zps_eAplZdoGroupEndpointAdd)
d:/NXP/bstudio_nxp/sdk/JN-SW-4168/Components/Library\libZPSAPL_JN516x.a(zps_apl_zdo_default_server.o)
                              d:/NXP/bstudio_nxp/workspace/JN-AN-1189-ZigBee-HA-Demo/DimmerSwitch/Build/zps_gen.o (symbol from plugin) (zps_vAplZdoDefaultServerInit)
d:/NXP/bstudio_nxp/sdk/JN-SW-4168/Components/Library\libZPSAPL_JN516x.a(zps_apl_zdo_bind_manager.o)
[...]
Memory Configuration

Name             Origin             Length             Attributes
flash            0x0000000000080000 0x0000000000080000
ram              0x000000000400004c 0x0000000000007fb4
*default*        0x0000000000000000 0xffffffffffffffff

Linker script and memory map

                0x0000000000001770                __stack_size = 0x1770
                0x00000000000007d0                __minimum_heap_size = 0x7d0
START GROUP
LOAD d:/NXP/bstudio_nxp/workspace/JN-AN-1189-ZigBee-HA-Demo/DimmerSwitch/Build/os_gen.o
LOAD C:\Users\ADMINI~1\AppData\Local\Temp\ccyb9jya.ltrans0.ltrans.o
LOAD C:\Users\ADMINI~1\AppData\Local\Temp\ccyb9jya.ltrans1.ltrans.o
LOAD C:\Users\ADMINI~1\AppData\Local\Temp\ccyb9jya.ltrans2.ltrans.o
LOAD C:\Users\ADMINI~1\AppData\Local\Temp\ccyb9jya.ltrans3.ltrans.o
LOAD C:\Users\ADMINI~1\AppData\Local\Temp\ccyb9jya.ltrans4.ltrans.o
LOAD C:\Users\ADMINI~1\AppData\Local\Temp\ccyb9jya.ltrans5.ltrans.o
LOAD C:\Users\ADMINI~1\AppData\Local\Temp\ccyb9jya.ltrans6.ltrans.o
LOAD C:\Users\ADMINI~1\AppData\Local\Temp\ccyb9jya.ltrans7.ltrans.o
LOAD C:\Users\ADMINI~1\AppData\Local\Temp\ccyb9jya.ltrans8.ltrans.o
LOAD C:\Users\ADMINI~1\AppData\Local\Temp\ccyb9jya.ltrans9.ltrans.o
LOAD C:\Users\ADMINI~1\AppData\Local\Temp\ccyb9jya.ltrans10.ltrans.o
LOAD C:\Users\ADMINI~1\AppData\Local\Temp\ccyb9jya.ltrans11.ltrans.o
LOAD C:\Users\ADMINI~1\AppData\Local\Temp\ccyb9jya.ltrans12.ltrans.o
LOAD C:\Users\ADMINI~1\AppData\Local\Temp\ccyb9jya.ltrans13.ltrans.o
LOAD C:\Users\ADMINI~1\AppData\Local\Temp\ccyb9jya.ltrans14.ltrans.o
LOAD C:\Users\ADMINI~1\AppData\Local\Temp\ccyb9jya.ltrans15.ltrans.o
LOAD C:\Users\ADMINI~1\AppData\Local\Temp\ccyb9jya.ltrans16.ltrans.o
LOAD C:\Users\ADMINI~1\AppData\Local\Temp\ccyb9jya.ltrans17.ltrans.o
LOAD C:\Users\ADMINI~1\AppData\Local\Temp\ccyb9jya.ltrans18.ltrans.o
LOAD C:\Users\ADMINI~1\AppData\Local\Temp\ccyb9jya.ltrans19.ltrans.o
LOAD C:\Users\ADMINI~1\AppData\Local\Temp\ccyb9jya.ltrans20.ltrans.o
LOAD C:\Users\ADMINI~1\AppData\Local\Temp\ccyb9jya.ltrans21.ltrans.o
LOAD C:\Users\ADMINI~1\AppData\Local\Temp\ccyb9jya.ltrans22.ltrans.o
LOAD C:\Users\ADMINI~1\AppData\Local\Temp\ccyb9jya.ltrans23.ltrans.o
LOAD C:\Users\ADMINI~1\AppData\Local\Temp\ccyb9jya.ltrans24.ltrans.o
LOAD C:\Users\ADMINI~1\AppData\Local\Temp\ccyb9jya.ltrans25.ltrans.o
LOAD C:\Users\ADMINI~1\AppData\Local\Temp\ccyb9jya.ltrans26.ltrans.o
LOAD C:\Users\ADMINI~1\AppData\Local\Temp\ccyb9jya.ltrans27.ltrans.o
LOAD C:\Users\ADMINI~1\AppData\Local\Temp\ccyb9jya.ltrans28.ltrans.o
LOAD C:\Users\ADMINI~1\AppData\Local\Temp\ccyb9jya.ltrans29.ltrans.o
LOAD C:\Users\ADMINI~1\AppData\Local\Temp\ccyb9jya.ltrans30.ltrans.o
LOAD C:\Users\ADMINI~1\AppData\Local\Temp\ccyb9jya.ltrans31.ltrans.o
LOAD d:/nxp/bstudio_nxp/sdk/tools/ba-elf-ba2-r36379/bin/../lib/gcc/ba-elf/4.7.4/../../../../ba-elf/lib/mcpu_jn51xx_sizeopt\libc.a
LOAD d:/nxp/bstudio_nxp/sdk/tools/ba-elf-ba2-r36379/bin/../lib/gcc/ba-elf/4.7.4/mcpu_jn51xx_sizeopt\libgcc.a
LOAD d:/nxp/bstudio_nxp/sdk/tools/ba-elf-ba2-r36379/bin/../lib/gcc/ba-elf/4.7.4/../../../../ba-elf/lib/mcpu_jn51xx_sizeopt\libc.a
LOAD d:/NXP/bstudio_nxp/workspace/JN-AN-1189-ZigBee-HA-Demo/DimmerSwitch/Build/os_irq.o
LOAD d:/NXP/bstudio_nxp/workspace/JN-AN-1189-ZigBee-HA-Demo/DimmerSwitch/Build/os_irq_alignment.o
LOAD d:/NXP/bstudio_nxp/workspace/JN-AN-1189-ZigBee-HA-Demo/DimmerSwitch/Build/os_irq_buserror.o
LOAD d:/NXP/bstudio_nxp/workspace/JN-AN-1189-ZigBee-HA-Demo/DimmerSwitch/Build/os_irq_illegalinstruction.o
LOAD d:/NXP/bstudio_nxp/workspace/JN-AN-1189-ZigBee-HA-Demo/DimmerSwitch/Build/os_irq_stackoverflowexception.o
LOAD d:/NXP/bstudio_nxp/workspace/JN-AN-1189-ZigBee-HA-Demo/DimmerSwitch/Build/os_irq_unimplementedmodule.o
LOAD d:/NXP/bstudio_nxp/workspace/JN-AN-1189-ZigBee-HA-Demo/DimmerSwitch/Build/pdum_gen.o
LOAD d:/NXP/bstudio_nxp/workspace/JN-AN-1189-ZigBee-HA-Demo/DimmerSwitch/Build/pdum_apdu.o
LOAD d:/NXP/bstudio_nxp/workspace/JN-AN-1189-ZigBee-HA-Demo/DimmerSwitch/Build/zps_gen.o
LOAD d:/NXP/bstudio_nxp/workspace/JN-AN-1189-ZigBee-HA-Demo/DimmerSwitch/Build/app_exceptions.o
LOAD d:/NXP/bstudio_nxp/workspace/JN-AN-1189-ZigBee-HA-Demo/DimmerSwitch/Build/app_pdm.o
LOAD d:/NXP/bstudio_nxp/workspace/JN-AN-1189-ZigBee-HA-Demo/DimmerSwitch/Build/app_timer_driver.o
LOAD d:/NXP/bstudio_nxp/workspace/JN-AN-1189-ZigBee-HA-Demo/DimmerSwitch/Build/app_start_switch.o
LOAD d:/NXP/bstudio_nxp/workspace/JN-AN-1189-ZigBee-HA-Demo/DimmerSwitch/Build/app_zbp_utilities.o
LOAD d:/NXP/bstudio_nxp/workspace/JN-AN-1189-ZigBee-HA-Demo/DimmerSwitch/Build/App_DimmerSwitch.o
LOAD d:/NXP/bstudio_nxp/workspace/JN-AN-1189-ZigBee-HA-Demo/DimmerSwitch/Build/zha_switch_node.o
LOAD d:/NXP/bstudio_nxp/workspace/JN-AN-1189-ZigBee-HA-Demo/DimmerSwitch/Build/app_zcl_switch_task.o
LOAD d:/NXP/bstudio_nxp/workspace/JN-AN-1189-ZigBee-HA-Demo/DimmerSwitch/Build/app_buttons.o
LOAD d:/NXP/bstudio_nxp/workspace/JN-AN-1189-ZigBee-HA-Demo/DimmerSwitch/Build/app_switch_state_machine.o
LOAD d:/NXP/bstudio_nxp/workspace/JN-AN-1189-ZigBee-HA-Demo/DimmerSwitch/Build/appZpsBeaconHandler.o
LOAD d:/NXP/bstudio_nxp/workspace/JN-AN-1189-ZigBee-HA-Demo/DimmerSwitch/Build/haEzJoin.o
LOAD d:/NXP/bstudio_nxp/workspace/JN-AN-1189-ZigBee-HA-Demo/DimmerSwitch/Build/haEzFindAndBind.o
LOAD d:/NXP/bstudio_nxp/workspace/JN-AN-1189-ZigBee-HA-Demo/DimmerSwitch/Build/haKeys.o
LOAD d:/NXP/bstudio_nxp/workspace/JN-AN-1189-ZigBee-HA-Demo/DimmerSwitch/Build/PingParent.o
LOAD d:/NXP/bstudio_nxp/workspace/JN-AN-1189-ZigBee-HA-Demo/DimmerSwitch/Build/appZdpExtraction.o
LOAD d:/NXP/bstudio_nxp/workspace/JN-AN-1189-ZigBee-HA-Demo/DimmerSwitch/Build/Alarms.o
LOAD d:/NXP/bstudio_nxp/workspace/JN-AN-1189-ZigBee-HA-Demo/DimmerSwitch/Build/AlarmsClientCommands.o
LOAD d:/NXP/bstudio_nxp/workspace/JN-AN-1189-ZigBee-HA-Demo/DimmerSwitch/Build/AlarmsCommandHandler.o
LOAD d:/NXP/bstudio_nxp/workspace/JN-AN-1189-ZigBee-HA-Demo/DimmerSwitch/Build/AlarmsServerCommands.o
LOAD d:/NXP/bstudio_nxp/workspace/JN-AN-1189-ZigBee-HA-Demo/DimmerSwitch/Build/AlarmsTableManager.o
LOAD d:/NXP/bstudio_nxp/workspace/JN-AN-1189-ZigBee-HA-Demo/DimmerSwitch/Build/AnalogInputBasic.o
LOAD d:/NXP/bstudio_nxp/workspace/JN-AN-1189-ZigBee-HA-Demo/DimmerSwitch/Build/AnalogOutputBasic.o
LOAD d:/NXP/bstudio_nxp/workspace/JN-AN-1189-ZigBee-HA-Demo/DimmerSwitch/Build/Basic.o
LOAD d:/NXP/bstudio_nxp/workspace/JN-AN-1189-ZigBee-HA-Demo/DimmerSwitch/Build/BasicClientCommands.o
LOAD d:/NXP/bstudio_nxp/workspace/JN-AN-1189-ZigBee-HA-Demo/DimmerSwitch/Build/BasicCommandHandler.o
LOAD d:/NXP/bstudio_nxp/workspace/JN-AN-1189-ZigBee-HA-Demo/DimmerSwitch/Build/BinaryInputBasic.o
LOAD d:/NXP/bstudio_nxp/workspace/JN-AN-1189-ZigBee-HA-Demo/DimmerSwitch/Build/BinaryOutputBasic.o
LOAD d:/NXP/bstudio_nxp/workspace/JN-AN-1189-ZigBee-HA-Demo/DimmerSwitch/Build/Commissioning.o
LOAD d:/NXP/bstudio_nxp/workspace/JN-AN-1189-ZigBee-HA-Demo/DimmerSwitch/Build/DeviceTemperatureConfiguration.o
LOAD d:/NXP/bstudio_nxp/workspace/JN-AN-1189-ZigBee-HA-Demo/DimmerSwitch/Build/Diagnostics.o
LOAD d:/NXP/bstudio_nxp/workspace/JN-AN-1189-ZigBee-HA-Demo/DimmerSwitch/Build/DoorLock.o
LOAD d:/NXP/bstudio_nxp/workspace/JN-AN-1189-ZigBee-HA-Demo/DimmerSwitch/Build/DoorLockCommandHandler.o
LOAD d:/NXP/bstudio_nxp/workspace/JN-AN-1189-ZigBee-HA-Demo/DimmerSwitch/Build/DoorLockCommands.o
LOAD d:/NXP/bstudio_nxp/workspace/JN-AN-1189-ZigBee-HA-Demo/DimmerSwitch/Build/ElectricalMeasurement.o
LOAD d:/NXP/bstudio_nxp/workspace/JN-AN-1189-ZigBee-HA-Demo/DimmerSwitch/Build/Groups.o
LOAD d:/NXP/bstudio_nxp/workspace/JN-AN-1189-ZigBee-HA-Demo/DimmerSwitch/Build/GroupsClientCommands.o
LOAD d:/NXP/bstudio_nxp/workspace/JN-AN-1189-ZigBee-HA-Demo/DimmerSwitch/Build/GroupsCommandHandler.o
LOAD d:/NXP/bstudio_nxp/workspace/JN-AN-1189-ZigBee-HA-Demo/DimmerSwitch/Build/GroupsServerCommands.o
LOAD d:/NXP/bstudio_nxp/workspace/JN-AN-1189-ZigBee-HA-Demo/DimmerSwitch/Build/GroupsTableManager.o
LOAD d:/NXP/bstudio_nxp/workspace/JN-AN-1189-ZigBee-HA-Demo/DimmerSwitch/Build/Identify.o
LOAD d:/NXP/bstudio_nxp/workspace/JN-AN-1189-ZigBee-HA-Demo/DimmerSwitch/Build/IdentifyClientCommands.o
LOAD d:/NXP/bstudio_nxp/workspace/JN-AN-1189-ZigBee-HA-Demo/DimmerSwitch/Build/IdentifyCommandHandler.o
LOAD d:/NXP/bstudio_nxp/workspace/JN-AN-1189-ZigBee-HA-Demo/DimmerSwitch/Build/IdentifyServerCommands.o
LOAD d:/NXP/bstudio_nxp/workspace/JN-AN-1189-ZigBee-HA-Demo/DimmerSwitch/Build/LevelControl.o
LOAD d:/NXP/bstudio_nxp/workspace/JN-AN-1189-ZigBee-HA-Demo/DimmerSwitch/Build/LevelControlClientCommands.o
LOAD d:/NXP/bstudio_nxp/workspace/JN-AN-1189-ZigBee-HA-Demo/DimmerSwitch/Build/LevelControlCommandHandler.o
LOAD d:/NXP/bstudio_nxp/workspace/JN-AN-1189-ZigBee-HA-Demo/DimmerSwitch/Build/MultistateInputBasic.o
LOAD d:/NXP/bstudio_nxp/workspace/JN-AN-1189-ZigBee-HA-Demo/DimmerSwitch/Build/MultistateOutputBasic.o
LOAD d:/NXP/bstudio_nxp/workspace/JN-AN-1189-ZigBee-HA-Demo/DimmerSwitch/Build/OOSC.o
LOAD d:/NXP/bstudio_nxp/workspace/JN-AN-1189-ZigBee-HA-Demo/DimmerSwitch/Build/OnOff.o
LOAD d:/NXP/bstudio_nxp/workspace/JN-AN-1189-ZigBee-HA-Demo/DimmerSwitch/Build/OnOffCommandHandler.o
LOAD d:/NXP/bstudio_nxp/workspace/JN-AN-1189-ZigBee-HA-Demo/DimmerSwitch/Build/OnOffCommands.o
LOAD d:/NXP/bstudio_nxp/workspace/JN-AN-1189-ZigBee-HA-Demo/DimmerSwitch/Build/PollControl.o
LOAD d:/NXP/bstudio_nxp/workspace/JN-AN-1189-ZigBee-HA-Demo/DimmerSwitch/Build/PollControlClientCommands.o
LOAD d:/NXP/bstudio_nxp/workspace/JN-AN-1189-ZigBee-HA-Demo/DimmerSwitch/Build/PollControlCommandHandler.o
LOAD d:/NXP/bstudio_nxp/workspace/JN-AN-1189-ZigBee-HA-Demo/DimmerSwitch/Build/PollControlServerCommands.o
LOAD d:/NXP/bstudio_nxp/workspace/JN-AN-1189-ZigBee-HA-Demo/DimmerSwitch/Build/PowerConfiguration.o
LOAD d:/NXP/bstudio_nxp/workspace/JN-AN-1189-ZigBee-HA-Demo/DimmerSwitch/Build/Scenes.o
LOAD d:/NXP/bstudio_nxp/workspace/JN-AN-1189-ZigBee-HA-Demo/DimmerSwitch/Build/ScenesClientCommands.o
LOAD d:/NXP/bstudio_nxp/workspace/JN-AN-1189-ZigBee-HA-Demo/DimmerSwitch/Build/ScenesClusterManagement.o
LOAD d:/NXP/bstudio_nxp/workspace/JN-AN-1189-ZigBee-HA-Demo/DimmerSwitch/Build/ScenesCommandHandler.o
LOAD d:/NXP/bstudio_nxp/workspace/JN-AN-1189-ZigBee-HA-Demo/DimmerSwitch/Build/ScenesServerCommands.o
LOAD d:/NXP/bstudio_nxp/workspace/JN-AN-1189-ZigBee-HA-Demo/DimmerSwitch/Build/ScenesTableManager.o
LOAD d:/NXP/bstudio_nxp/workspace/JN-AN-1189-ZigBee-HA-Demo/DimmerSwitch/Build/TC.o
LOAD d:/NXP/bstudio_nxp/workspace/JN-AN-1189-ZigBee-HA-Demo/DimmerSwitch/Build/Time.o
LOAD d:/NXP/bstudio_nxp/workspace/JN-AN-1189-ZigBee-HA-Demo/DimmerSwitch/Build/BallastConfiguration.o
LOAD d:/NXP/bstudio_nxp/workspace/JN-AN-1189-ZigBee-HA-Demo/DimmerSwitch/Build/ColourControl.o
LOAD d:/NXP/bstudio_nxp/workspace/JN-AN-1189-ZigBee-HA-Demo/DimmerSwitch/Build/ColourControlClientCommands.o
LOAD d:/NXP/bstudio_nxp/workspace/JN-AN-1189-ZigBee-HA-Demo/DimmerSwitch/Build/ColourControlCommandHandler.o
LOAD d:/NXP/bstudio_nxp/workspace/JN-AN-1189-ZigBee-HA-Demo/DimmerSwitch/Build/ColourControlConversions.o
LOAD d:/NXP/bstudio_nxp/workspace/JN-AN-1189-ZigBee-HA-Demo/DimmerSwitch/Build/colour_dimmable_light.o
LOAD d:/NXP/bstudio_nxp/workspace/JN-AN-1189-ZigBee-HA-Demo/DimmerSwitch/Build/colour_dimmer_switch.o
LOAD d:/NXP/bstudio_nxp/workspace/JN-AN-1189-ZigBee-HA-Demo/DimmerSwitch/Build/dimmable_light.o
LOAD d:/NXP/bstudio_nxp/workspace/JN-AN-1189-ZigBee-HA-Demo/DimmerSwitch/Build/dimmer_switch.o
LOAD d:/NXP/bstudio_nxp/workspace/JN-AN-1189-ZigBee-HA-Demo/DimmerSwitch/Build/light_sensor.o
LOAD d:/NXP/bstudio_nxp/workspace/JN-AN-1189-ZigBee-HA-Demo/DimmerSwitch/Build/occupancy_sensor.o
LOAD d:/NXP/bstudio_nxp/workspace/JN-AN-1189-ZigBee-HA-Demo/DimmerSwitch/Build/on_off_light.o
LOAD d:/NXP/bstudio_nxp/workspace/JN-AN-1189-ZigBee-HA-Demo/DimmerSwitch/Build/on_off_light_switch.o
LOAD d:/NXP/bstudio_nxp/workspace/JN-AN-1189-ZigBee-HA-Demo/DimmerSwitch/Build/ha.o
LOAD d:/NXP/bstudio_nxp/workspace/JN-AN-1189-ZigBee-HA-Demo/DimmerSwitch/Build/door_lock.o
LOAD d:/NXP/bstudio_nxp/workspace/JN-AN-1189-ZigBee-HA-Demo/DimmerSwitch/Build/door_lock_controller.o
LOAD d:/NXP/bstudio_nxp/workspace/JN-AN-1189-ZigBee-HA-Demo/DimmerSwitch/Build/mains_power_outlet.o
LOAD d:/NXP/bstudio_nxp/workspace/JN-AN-1189-ZigBee-HA-Demo/DimmerSwitch/Build/on_off_output.o
LOAD d:/NXP/bstudio_nxp/workspace/JN-AN-1189-ZigBee-HA-Demo/DimmerSwitch/Build/on_off_switch.o
LOAD d:/NXP/bstudio_nxp/workspace/JN-AN-1189-ZigBee-HA-Demo/DimmerSwitch/Build/remote_control.o
LOAD d:/NXP/bstudio_nxp/workspace/JN-AN-1189-ZigBee-HA-Demo/DimmerSwitch/Build/simple_sensor.o
LOAD d:/NXP/bstudio_nxp/workspace/JN-AN-1189-ZigBee-HA-Demo/DimmerSwitch/Build/smart_plug.o
LOAD d:/NXP/bstudio_nxp/workspace/JN-AN-1189-ZigBee-HA-Demo/DimmerSwitch/Build/dlist.o
LOAD d:/NXP/bstudio_nxp/workspace/JN-AN-1189-ZigBee-HA-Demo/DimmerSwitch/Build/zcl.o
LOAD d:/NXP/bstudio_nxp/workspace/JN-AN-1189-ZigBee-HA-Demo/DimmerSwitch/Build/zcl_CustomCommandReceive.o
LOAD d:/NXP/bstudio_nxp/workspace/JN-AN-1189-ZigBee-HA-Demo/DimmerSwitch/Build/zcl_CustomCommandSend.o
LOAD d:/NXP/bstudio_nxp/workspace/JN-AN-1189-ZigBee-HA-Demo/DimmerSwitch/Build/zcl_PDUbufferReadWrite.o
LOAD d:/NXP/bstudio_nxp/workspace/JN-AN-1189-ZigBee-HA-Demo/DimmerSwitch/Build/zcl_PDUbufferReadWriteString.o
LOAD d:/NXP/bstudio_nxp/workspace/JN-AN-1189-ZigBee-HA-Demo/DimmerSwitch/Build/zcl_WriteAttributesRequestHandle.o
LOAD d:/NXP/bstudio_nxp/workspace/JN-AN-1189-ZigBee-HA-Demo/DimmerSwitch/Build/zcl_WriteAttributesRequestSend.o
LOAD d:/NXP/bstudio_nxp/workspace/JN-AN-1189-ZigBee-HA-Demo/DimmerSwitch/Build/zcl_WriteAttributesResponseHandle.o
LOAD d:/NXP/bstudio_nxp/workspace/JN-AN-1189-ZigBee-HA-Demo/DimmerSwitch/Build/zcl_attribute.o
LOAD d:/NXP/bstudio_nxp/workspace/JN-AN-1189-ZigBee-HA-Demo/DimmerSwitch/Build/zcl_buffer.o
LOAD d:/NXP/bstudio_nxp/workspace/JN-AN-1189-ZigBee-HA-Demo/DimmerSwitch/Build/zcl_clusterCommand.o
LOAD d:/NXP/bstudio_nxp/workspace/JN-AN-1189-ZigBee-HA-Demo/DimmerSwitch/Build/zcl_command.o
LOAD d:/NXP/bstudio_nxp/workspace/JN-AN-1189-ZigBee-HA-Demo/DimmerSwitch/Build/zcl_configureReportingCommandHandle.o
LOAD d:/NXP/bstudio_nxp/workspace/JN-AN-1189-ZigBee-HA-Demo/DimmerSwitch/Build/zcl_configureReportingCommandSend.o
LOAD d:/NXP/bstudio_nxp/workspace/JN-AN-1189-ZigBee-HA-Demo/DimmerSwitch/Build/zcl_configureReportingResponseHandle.o
LOAD d:/NXP/bstudio_nxp/workspace/JN-AN-1189-ZigBee-HA-Demo/DimmerSwitch/Build/zcl_defaultResponse.o
LOAD d:/NXP/bstudio_nxp/workspace/JN-AN-1189-ZigBee-HA-Demo/DimmerSwitch/Build/zcl_discoverAttributesExtendedRequestHandle.o
LOAD d:/NXP/bstudio_nxp/workspace/JN-AN-1189-ZigBee-HA-Demo/DimmerSwitch/Build/zcl_discoverAttributesExtendedRequestSend.o
LOAD d:/NXP/bstudio_nxp/workspace/JN-AN-1189-ZigBee-HA-Demo/DimmerSwitch/Build/zcl_discoverAttributesExtendedResponseHandle.o
LOAD d:/NXP/bstudio_nxp/workspace/JN-AN-1189-ZigBee-HA-Demo/DimmerSwitch/Build/zcl_discoverAttributesRequestHandle.o
LOAD d:/NXP/bstudio_nxp/workspace/JN-AN-1189-ZigBee-HA-Demo/DimmerSwitch/Build/zcl_discoverAttributesRequestSend.o
LOAD d:/NXP/bstudio_nxp/workspace/JN-AN-1189-ZigBee-HA-Demo/DimmerSwitch/Build/zcl_discoverAttributesResponseHandle.o
LOAD d:/NXP/bstudio_nxp/workspace/JN-AN-1189-ZigBee-HA-Demo/DimmerSwitch/Build/zcl_discoverCommandsRequestHandle.o
LOAD d:/NXP/bstudio_nxp/workspace/JN-AN-1189-ZigBee-HA-Demo/DimmerSwitch/Build/zcl_discoverCommandsRequestSend.o
LOAD d:/NXP/bstudio_nxp/workspace/JN-AN-1189-ZigBee-HA-Demo/DimmerSwitch/Build/zcl_discoverCommandsResponseHandle.o
LOAD d:/NXP/bstudio_nxp/workspace/JN-AN-1189-ZigBee-HA-Demo/DimmerSwitch/Build/zcl_event.o
LOAD d:/NXP/bstudio_nxp/workspace/JN-AN-1189-ZigBee-HA-Demo/DimmerSwitch/Build/zcl_heap.o
LOAD d:/NXP/bstudio_nxp/workspace/JN-AN-1189-ZigBee-HA-Demo/DimmerSwitch/Build/zcl_library_options.o
LOAD d:/NXP/bstudio_nxp/workspace/JN-AN-1189-ZigBee-HA-Demo/DimmerSwitch/Build/zcl_readAttributesRequestHandle.o
LOAD d:/NXP/bstudio_nxp/workspace/JN-AN-1189-ZigBee-HA-Demo/DimmerSwitch/Build/zcl_readAttributesRequestSend.o
LOAD d:/NXP/bstudio_nxp/workspace/JN-AN-1189-ZigBee-HA-Demo/DimmerSwitch/Build/zcl_readAttributesResponseHandle.o
LOAD d:/NXP/bstudio_nxp/workspace/JN-AN-1189-ZigBee-HA-Demo/DimmerSwitch/Build/zcl_readReportingConfigurationCommandHandle.o
LOAD d:/NXP/bstudio_nxp/workspace/JN-AN-1189-ZigBee-HA-Demo/DimmerSwitch/Build/zcl_readReportingConfigurationCommandSend.o
LOAD d:/NXP/bstudio_nxp/workspace/JN-AN-1189-ZigBee-HA-Demo/DimmerSwitch/Build/zcl_readReportingConfigurationResponseHandle.o
LOAD d:/NXP/bstudio_nxp/workspace/JN-AN-1189-ZigBee-HA-Demo/DimmerSwitch/Build/zcl_reportManager.o
LOAD d:/NXP/bstudio_nxp/workspace/JN-AN-1189-ZigBee-HA-Demo/DimmerSwitch/Build/zcl_reportMaths.o
LOAD d:/NXP/bstudio_nxp/workspace/JN-AN-1189-ZigBee-HA-Demo/DimmerSwitch/Build/zcl_reportScheduler.o
LOAD d:/NXP/bstudio_nxp/workspace/JN-AN-1189-ZigBee-HA-Demo/DimmerSwitch/Build/zcl_reportStringHandling.o
LOAD d:/NXP/bstudio_nxp/workspace/JN-AN-1189-ZigBee-HA-Demo/DimmerSwitch/Build/zcl_reportStructure.o
LOAD d:/NXP/bstudio_nxp/workspace/JN-AN-1189-ZigBee-HA-Demo/DimmerSwitch/Build/zcl_search.o
LOAD d:/NXP/bstudio_nxp/workspace/JN-AN-1189-ZigBee-HA-Demo/DimmerSwitch/Build/zcl_timer.o
LOAD d:/NXP/bstudio_nxp/workspace/JN-AN-1189-ZigBee-HA-Demo/DimmerSwitch/Build/zcl_transmit.o
LOAD d:/NXP/bstudio_nxp/sdk/JN-SW-4168/Components/Library\libZPSMAC_Mini_JN516x.a
LOAD d:/NXP/bstudio_nxp/sdk/JN-SW-4168/Components/Library\libOS_JN516x.a
LOAD d:/NXP/bstudio_nxp/sdk/JN-SW-4168/Components/Library\libPWRM_JN516x.a
LOAD d:/NXP/bstudio_nxp/sdk/JN-SW-4168/Components/Library\libZPSTSV_JN516x.a
LOAD d:/NXP/bstudio_nxp/sdk/JN-SW-4168/Components/Library\libAES_SW_JN516x.a
LOAD d:/NXP/bstudio_nxp/sdk/JN-SW-4168/Components/Library\libPDUM_JN516x.a
LOAD d:/NXP/bstudio_nxp/sdk/JN-SW-4168/Components/Library\libZPSAPL_JN516x.a
LOAD d:/NXP/bstudio_nxp/sdk/JN-SW-4168/Components/Library\libRandom_JN516x.a
LOAD d:/NXP/bstudio_nxp/sdk/JN-SW-4168/Components/Library\libPDM_EEPROM_JN516x.a
LOAD d:/NXP/bstudio_nxp/sdk/JN-SW-4168/Components/Library\libDBG_JN516x.a
LOAD d:/NXP/bstudio_nxp/sdk/JN-SW-4168/Components/Library\libZPSNWK_ZED_JN516x.a
LOAD d:/NXP/bstudio_nxp/sdk/JN-SW-4168/Components/Library\libRecal_JN516x.a
LOAD d:/NXP/bstudio_nxp/sdk/JN-SW-4168/Components/Library\libMiniMac_JN5169.a
LOAD d:/NXP/bstudio_nxp/sdk/JN-SW-4168/Components/Library\libMiniMacShim_JN516x.a
LOAD d:/NXP/bstudio_nxp/sdk/JN-SW-4168/Components/Library\libMMAC_JN5169.a
LOAD d:/NXP/bstudio_nxp/sdk/JN-SW-4168/Components/Library\libJPT_JN5169.a
LOAD d:/NXP/bstudio_nxp/sdk/JN-SW-4168/Components/Library\libAes_JN516x.a
LOAD d:/NXP/bstudio_nxp/sdk/JN-SW-4168/Components/Library\libHardwareApi_JN5169.a
LOAD d:/NXP/bstudio_nxp/sdk/JN-SW-4168/Components/Library\libMicroSpecific_JN516x.a
LOAD d:/NXP/bstudio_nxp/sdk/JN-SW-4168/Components/Library\libBoot_JN516x.a
LOAD d:/NXP/bstudio_nxp/sdk/JN-SW-4168/Platform/DK4/Library\libBoardLib_JN516x.a
LOAD d:/nxp/bstudio_nxp/sdk/tools/ba-elf-ba2-r36379/bin/../lib/gcc/ba-elf/4.7.4/../../../../ba-elf/lib/mcpu_jn51xx_sizeopt\libm.a
END GROUP
LOAD d:/nxp/bstudio_nxp/sdk/tools/ba-elf-ba2-r36379/bin/../lib/gcc/ba-elf/4.7.4/../../../../ba-elf/lib/mcpu_jn51xx_sizeopt\libc.a
LOAD d:/nxp/bstudio_nxp/sdk/tools/ba-elf-ba2-r36379/bin/../lib/gcc/ba-elf/4.7.4/mcpu_jn51xx_sizeopt\libgcc.a
LOAD d:/nxp/bstudio_nxp/sdk/tools/ba-elf-ba2-r36379/bin/../lib/gcc/ba-elf/4.7.4/../../../../ba-elf/lib/mcpu_jn51xx_sizeopt\libc.a
                0x0000000000080038                exception_vsr_table = 0x80038
                0x0000000004000000                pSPIflashFncTable = 0x4000000
                0x0000000000000044                restore_state = 0x44
                0x000000000000004a                bZSPIWaitWIPClear = 0x4a
                0x0000000000000050                u16ZSPIflashRDID = 0x50
                0x0000000000000056                u8SelectFlashChipType = 0x56
                0x000000000000005c                memcpy = 0x5c
                0x0000000000000066                vBootFlashProg = 0x66
                [0x00000000000007d0]                __minimum_heap_size = DEFINED (__minimum_heap_size)?__minimum_heap_size:0xd16
                [0x0000000000001770]                __stack_size = DEFINED (__stack_size)?__stack_size:0x800
                0x0000000000000000                _SwConfig = (DEFINED (g_bSWConf_Debug) | (DEFINED (g_bSWConf_AltDebugPort) << 0x1))

.version        0x000000000007fffc        0x4
                0x000000000007fffc        0x4 LONG 0xf03000b

.bir            0x0000000000080000       0x10
                0x0000000000080000                _flash_start = ABSOLUTE (.)
                0x0000000000080000                _flash_beg = ABSOLUTE (.)
                0x0000000000080000        0x4 LONG 0x12345678
                0x0000000000080004        0x4 LONG 0x11223344
                0x0000000000080008        0x4 LONG 0x55667788
                0x000000000008000c        0x1 BYTE 0x8
                0x000000000008000d        0x1 BYTE 0x1
                0x000000000008000e        0x2 SHORT 0x0

.flashheader    0x0000000000080010       0x28
                0x0000000000080010        0x4 LONG 0x0
                0x0000000000080014        0x4 LONG 0x0
                0x0000000000080018        0x4 LONG 0x0
                0x000000000008001c        0x2 SHORT 0x0
                0x000000000008001e        0x2 SHORT 0x0 ABSOLUTE (_SwConfig)
                0x0000000000080020                _enc_start = ABSOLUTE (.)
                0x0000000000080020        0x4 LONG 0x1c874 ABSOLUTE (_image_len)
                0x0000000000080024        0x4 LONG 0x9c060 ABSOLUTE (_flash_data_start)
                0x0000000000080028        0x2 SHORT 0x13 ((ABSOLUTE (_ram_data_start) / 0x4) & 0xffff)
                0x000000000008002a        0x2 SHORT 0x205 ((ABSOLUTE (_ram_data_len) / 0x4) & 0xffff)
                0x000000000008002c        0x2 SHORT 0x218 ((ABSOLUTE (_bss_start) / 0x4) & 0xffff)
                0x000000000008002e        0x2 SHORT 0xf5c ((ABSOLUTE (_bss_len) / 0x4) & 0xffff)
                0x0000000000080030        0x4 LONG 0x9b118 ABSOLUTE (AppWarmStart)
                0x0000000000080034        0x4 LONG 0x9b123 ABSOLUTE (AppColdStart)
                0x0000000000000000                _enc_offset = (_enc_start & 0xf)

.ro_mac_address
                0x0000000000080040        0x0
                0x0000000000080040                _FlsMACAddress = ABSOLUTE (.)
 *(.ro_mac_address)
                0x0000000000080040                . = ALIGN (0x10)

.ro_ota_header  0x0000000000080040        0x0
                0x0000000000080040                _FlsOtaHeader = ABSOLUTE (.)
 *(.ro_ota_header)
                0x0000000000080040                . = ALIGN (0x10)

.ro_se_lnkKey   0x0000000000080040        0x0
                0x0000000000080040                _FlsLinkKey = ABSOLUTE (.)
 *(.ro_se_lnkKey)
                0x0000000000080040                . = ALIGN (0x10)

.rodata         0x0000000000080038      0x910
 *(.rodata*)
 .rodata        0x0000000000080038       0x68 C:\Users\ADMINI~1\AppData\Local\Temp\ccyb9jya.ltrans0.ltrans.o
                0x0000000000080038                psAplDefaultZLLAPSLinkKey
                0x000000000008003c                gMAC_u8MaxBuffers
                0x0000000000080040                g_u32ApsFcSaveCountBitShift
                0x0000000000080044                u8MaxZpsConfigEp
                0x0000000000080045                au8EpMapPresent
                0x0000000000080048                s_groupPdmTable
 .rodata        0x00000000000800a0       0xa8 C:\Users\ADMINI~1\AppData\Local\Temp\ccyb9jya.ltrans1.ltrans.o
 .rodata.str1.1
                0x0000000000080148        0x9 C:\Users\ADMINI~1\AppData\Local\Temp\ccyb9jya.ltrans2.ltrans.o
                                         0x21 (size before relaxing)
 .rodata        0x0000000000080151        0x5 C:\Users\ADMINI~1\AppData\Local\Temp\ccyb9jya.ltrans3.ltrans.o
 .rodata.str1.1
                0x0000000000000000        0x9 C:\Users\ADMINI~1\AppData\Local\Temp\ccyb9jya.ltrans5.ltrans.o
                                          0xb (size before relaxing)
 .rodata.str1.1
                0x0000000000080156       0x34 C:\Users\ADMINI~1\AppData\Local\Temp\ccyb9jya.ltrans6.ltrans.o
 *fill*         0x000000000008018a        0x2 00
 .rodata        0x000000000008018c        0x8 C:\Users\ADMINI~1\AppData\Local\Temp\ccyb9jya.ltrans6.ltrans.o
                0x000000000008018c                au32UartAddrOffset
 .rodata        0x0000000000080194       0x20 C:\Users\ADMINI~1\AppData\Local\Temp\ccyb9jya.ltrans7.ltrans.o
                0x0000000000080194                au32NwkPdmRecordOffsets
 .rodata        0x00000000000801b4      0x118 C:\Users\ADMINI~1\AppData\Local\Temp\ccyb9jya.ltrans8.ltrans.o
                0x00000000000801b4                gu32ZCLVersion
                0x00000000000801b8                OS_g_u32Version
                0x00000000000801bc                PDUM_g_u32Version
                0x00000000000801c0                ZPS_g_u32MacVersion
                0x00000000000801c4                ZPS_g_u32TsvVersion
 .rodata.str1.1
                0x0000000000000000        0x3 C:\Users\ADMINI~1\AppData\Local\Temp\ccyb9jya.ltrans10.ltrans.o
 .rodata        0x00000000000802cc       0x50 C:\Users\ADMINI~1\AppData\Local\Temp\ccyb9jya.ltrans10.ltrans.o
                0x00000000000802cc                pfnCallbackMcps
                0x00000000000802d0                g_u32NwkFcSaveCountBitShift
 .rodata.str1.1
                0x000000000008031c       0x11 C:\Users\ADMINI~1\AppData\Local\Temp\ccyb9jya.ltrans11.ltrans.o
                                         0x20 (size before relaxing)
 .rodata.str1.1
                0x000000000008032d        0x4 C:\Users\ADMINI~1\AppData\Local\Temp\ccyb9jya.ltrans12.ltrans.o
 .rodata.str1.1
                0x0000000000000000        0x4 C:\Users\ADMINI~1\AppData\Local\Temp\ccyb9jya.ltrans14.ltrans.o
                                          0xc (size before relaxing)
 .rodata        0x0000000000080331        0x6 C:\Users\ADMINI~1\AppData\Local\Temp\ccyb9jya.ltrans14.ltrans.o
 .rodata.str1.1
                0x0000000000080337       0x26 C:\Users\ADMINI~1\AppData\Local\Temp\ccyb9jya.ltrans15.ltrans.o
                                         0x3b (size before relaxing)
 *fill*         0x000000000008035d        0x3 00
 .rodata        0x0000000000080360      0x180 C:\Users\ADMINI~1\AppData\Local\Temp\ccyb9jya.ltrans16.ltrans.o
                0x0000000000080360                s_apsStSceTbl.126332
                0x0000000000080374                s_aprIdleStHandleCme.134142
                0x0000000000080384                s_apsStSmeTbl.126397
                0x0000000000080398                s_aprActvStHandleCme.131041
                0x00000000000803b0                bRxOnOptimisationTurnedOff
                0x00000000000803b4                u32ScanAttemptDelayTime
                0x00000000000803b8                zps_sJoinSceTbl
                0x00000000000803c4                zps_sActvSceTbl
                0x00000000000803d0                zps_sDiscSmeTbl
                0x00000000000803dc                zps_sJoinSmeTbl
                0x00000000000803e8                zps_sActvSmeTbl
 .rodata.str1.1
                0x00000000000804e0       0x10 C:\Users\ADMINI~1\AppData\Local\Temp\ccyb9jya.ltrans17.ltrans.o
                                         0x2f (size before relaxing)
 .rodata.str1.1
                0x00000000000804f0       0x3b C:\Users\ADMINI~1\AppData\Local\Temp\ccyb9jya.ltrans18.ltrans.o
                                         0x67 (size before relaxing)
 .rodata.str1.1
                0x000000000008052b        0x5 C:\Users\ADMINI~1\AppData\Local\Temp\ccyb9jya.ltrans20.ltrans.o
                                         0x17 (size before relaxing)
 .rodata.str1.1
                0x0000000000080530        0x4 C:\Users\ADMINI~1\AppData\Local\Temp\ccyb9jya.ltrans22.ltrans.o
                                          0x5 (size before relaxing)
 .rodata        0x0000000000080534        0xe C:\Users\ADMINI~1\AppData\Local\Temp\ccyb9jya.ltrans22.ltrans.o
                0x000000000008053b                u8MyEndpoint
                0x000000000008053c                bPingSent
 .rodata.str1.1
                0x0000000000000000        0x4 C:\Users\ADMINI~1\AppData\Local\Temp\ccyb9jya.ltrans24.ltrans.o
 *fill*         0x0000000000080542        0x2 00
 .rodata        0x0000000000080544       0x14 C:\Users\ADMINI~1\AppData\Local\Temp\ccyb9jya.ltrans24.ltrans.o
                0x0000000000080554                pu64NewMacOverrideMyAddressLocation
 .rodata        0x0000000000080558       0x18 C:\Users\ADMINI~1\AppData\Local\Temp\ccyb9jya.ltrans25.ltrans.o
 .rodata.str1.1
                0x0000000000080570        0x7 C:\Users\ADMINI~1\AppData\Local\Temp\ccyb9jya.ltrans27.ltrans.o
                                         0x1b (size before relaxing)
 .rodata.str1.1
                0x0000000000000000        0x1 C:\Users\ADMINI~1\AppData\Local\Temp\ccyb9jya.ltrans29.ltrans.o
 *fill*         0x0000000000080577        0x1 00
 .rodata        0x0000000000080578      0x3d0 C:\Users\ADMINI~1\AppData\Local\Temp\ccyb9jya.ltrans31.ltrans.o
                0x0000000000080578                zps_g_pvApl

.text           0x0000000000080948    0x1b716
 *(.text*)
 .text          0x0000000000080948     0x1adc C:\Users\ADMINI~1\AppData\Local\Temp\ccyb9jya.ltrans0.ltrans.o
                0x0000000000080948                APP_TIMER_Version_1v0
                0x0000000000080948                vInitialiseApp.3187
 .text          0x0000000000082424     0x1196 C:\Users\ADMINI~1\AppData\Local\Temp\ccyb9jya.ltrans1.ltrans.o
                0x0000000000082424                DBG_iUartGetChar
                0x00000000000824d8                eBasicTxCompleteHandler
                0x00000000000824dd                vTxRxTimeout.139471
                0x000000000008253d                zps_eNwkHandleSmeOrphanInd
                0x00000000000825af                zps_eNwkHandleSmePollDcfm
                0x00000000000825d9                eSmeEdScScanDcfm.132784
                0x0000000000082622                ZPS_bIsMacAddressUsedInApsTable
                0x000000000008266c                vSetAddress.4898.constprop.90
                0x0000000000082727                ZPS_eTsvOpen
                0x0000000000082741                zps_vNwkBttMgrInit
                0x000000000008276f                vMicroIntEnableOnly.constprop.154
                0x000000000008279b                vMiniMac_MLME_SetReq_PanId
                0x00000000000827d8                vMiniMac_MLME_SetReq_ShortAddr
                0x00000000000827e6                vACI_OptimisedCcmStar.constprop.122
                0x00000000000829d1                pvZCL_HeapAlloc.part.0.47982.constprop.64
                0x0000000000082a0a                vAHI_WakeTimerStart.part.1.142477.constprop.33
                0x0000000000082a4b                vMiniMac_ReturnTxBufferCallback
                0x0000000000082a5d                vEnableReceive.139476
                0x0000000000082a9b                pvHeap_Alloc
                0x0000000000082a9e                vMicroIntRestoreState
                0x0000000000082aaa                vSetChannelAndPower
                0x0000000000082c4a                TSV_eStart
                0x0000000000082c9a                bAHI_WriteEEPROMfixSegmentData
                0x0000000000082cf8                bAHI_InitialiseEEPROM
                0x0000000000082d40                vAHI_ReadDataFromEEPROMregister
                0x0000000000082d6d                vAHI_WriteDataIntoEEPROMregister
                0x0000000000082d9d                iAHI_WriteDataIntoEEPROMsegment.constprop.134
                0x0000000000082deb                iPDM_WriteSegmentHeaderDataIntoEEPROMsegment
                0x0000000000082e1a                u8AHI_WakeTimerFiredStatus
                0x0000000000082e2e                vAHI_WakeTimerStop.part.3.142489
                0x0000000000082e4e                vAHI_UartReset.part.4.142243
                0x0000000000082e86                vAHI_OptimiseWaitStates
                0x0000000000082ed2                bAHI_GetClkSource
                0x0000000000082edf                vAHI_SwReset
                0x0000000000082f0f                vAHI_DioWakeEnable
                0x0000000000082f2f                vAHI_DioSetOutput
                0x0000000000082f43                vGenericLEDSetOutput
                0x0000000000082f9b                vSetThreeLeds.6342
                0x0000000000082fc0                vAHI_DioSetDirection
                0x0000000000082fd4                bIssueACIcommand
                0x0000000000083236                vTransformKey.isra.0.64986
                0x0000000000083266                vRadioToOff
                0x0000000000083283                vStartReceive
                0x000000000008329f                MAC_u64GetExtAddr
                0x00000000000832ba                ZPS_u64NwkNibFindExtAddr
                0x0000000000083365                ZPS_u16NwkNibFindNwkAddr
                0x000000000008340b                psSearchForFrameToSend
                0x0000000000083459                eMiniMac_FrameInProgress
                0x0000000000083484                vRemoveFromTxQueue
                0x00000000000834c0                vAddToTxQueue
                0x00000000000834f6                u8GetHeaderSize
                0x000000000008351e                vMiniMac_MLME_SetReq_MinBe
                0x0000000000083549                zps_vSendJoinInd
 .text.unlikely
                0x00000000000835ba       0xc8 C:\Users\ADMINI~1\AppData\Local\Temp\ccyb9jya.ltrans1.ltrans.o
                0x00000000000835cf                vAHI_MemoryHold.141921
 .text          0x0000000000083682     0x10ed C:\Users\ADMINI~1\AppData\Local\Temp\ccyb9jya.ltrans2.ltrans.o
                0x0000000000083682                os_u32APP_cbGetTickTimer
                0x000000000008368b                os_bAPP_cbSetTickTimerCompare
                0x00000000000836e7                vZdoServersInit.2836
                0x0000000000083866                zps_bAplZdpUnpackResponse
                0x00000000000844e9                u8ZdoBindUnbindServerUnpackApdu
                0x0000000000084538                PWRM_vWakeInterruptCallback
                0x0000000000084584                PWRM_vInit
                0x0000000000084616                ZPS_vNwkNibClearTables
                0x000000000008472e                sEZ_GetDiscEntry.6904
 .text          0x000000000008476f     0x10d5 C:\Users\ADMINI~1\AppData\Local\Temp\ccyb9jya.ltrans3.ltrans.o
                0x000000000008476f                DBG_vUartFlush
                0x000000000008479c                DBG_vUartPutch
                0x00000000000847e2                boIdValueSearchMatch.121126
                0x000000000008483c                vStartTransmit.139570
                0x0000000000084981                iPDM_FilterDuplicateAppendedSegmentsOnList.122340
                0x00000000000849d7                vDispatch.56274
                0x0000000000084aa9                OS_eStartSWTimer.constprop.146
                0x0000000000084bc8                vWakeCallBack
                0x0000000000084beb                OS_eContinueSWTimer.constprop.15
                0x0000000000084ce4                OS_eStopSWTimer
                0x0000000000084e07                vStartStopTimer
                0x0000000000084e32                vLoadKeepAliveTime.4905.constprop.44
                0x0000000000084e8a                vReloadSleepTimers
                0x0000000000084eb3                vStopAllTimers.4647
                0x0000000000084f12                vDQButtonPress.6556
                0x0000000000084f24                OS_ePostMessage
                0x000000000008508a                os_vAPP_ButtonsScanTask
                0x000000000008516d                OS_eActivateTask
                0x0000000000085208                vPostMlmeDcfmInd.76467
                0x00000000000852ab                iPDM_ReadSegmentHeaderDataFromEEPROMsegment
                0x0000000000085304                u16PDM_CalculateRecordChecksum
                0x00000000000853af                u16ZCL_APduInstanceWriteNBO
                0x0000000000085459                u16ZCL_WriteCommandHeader
                0x00000000000854d1                u16ZCL_APduInstanceReadNBO
                0x00000000000855b6                u16ZCL_ReadCommandHeader.part.0.40693
                0x000000000008562d                u16ZCL_APduInstanceWriteStringNBO
                0x00000000000856f4                u16ZCL_APduInstanceReadStringNBO.part.3.37962
                0x00000000000857cd                eZCL_GetAttributeTypeSizeFromBuffer
 .text          0x0000000000085844     0x13c8 C:\Users\ADMINI~1\AppData\Local\Temp\ccyb9jya.ltrans4.ltrans.o
                0x0000000000085844                eSmeASFlBeaconInd.132796
                0x0000000000085866                eSmeUDNTScanDcfm.132253
                0x0000000000085882                vNwkMcpsTimerCallback
                0x000000000008589c                zps_eSceGenlIllegal
                0x00000000000858a3                zps_eSmeGenlIllegal
                0x00000000000858aa                DBG_vUartFailedAssert
                0x00000000000858ae                zps_bAplZdoBindRequestServer
                0x00000000000859d8                psGetVsMcpsBuf.76471
                0x00000000000859e1                psGetMlmeBuf.76464
                0x0000000000085a28                psGetNlmeBuf.59455
                0x0000000000085a32                psGetNldeBuf.59476
                0x0000000000085a3c                psGetApsmeBuf.59462
                0x0000000000085a45                psGetApsdeBuf.59469
                0x0000000000085a4b                vLoopbackTimerCallback
                0x0000000000085a7a                zps_psNwkSlistRemoveFromHead
                0x0000000000085a91                zps_psNwkSlistRemove
                0x0000000000085ac9                zps_bNwkMcpsMgrRemoveDescrFromLists
                0x0000000000085b07                zps_vNwkSlistAddToTail
                0x0000000000085b21                ZPS_bNwkSecHaveNetworkKey
                0x0000000000085b55                ZPS_bNwkSecFindMatSet
                0x0000000000085b91                ZPS_u64NwkNibGetMappedIeeeAddr
                0x0000000000085bb3                ZPS_vNwkSecResetDevice
                0x0000000000085bf8                ZPS_bNwkNibNtActvMatch
                0x0000000000085cb0                bCheckNwkAddr
                0x0000000000085cfe                ZPS_vSetExtendedStatus
                0x0000000000085d10                zps_psApsApsAllocateDcfmRecord
                0x0000000000085d7e                zps_u8CalcLinkCost
                0x0000000000085dba                ZPS_u8NwkNibNtDiscMatch
                0x0000000000085e9e                zps_u64NwkLibFromPayload
                0x000000000008603b                eSmeAcScBeaconInd.132804
                0x0000000000086143                eSmeUDNTBeaconInd.132780
                0x0000000000086166                zps_vNwkLibU64ToPayload
                0x0000000000086193                zps_vInitBeaconPayload
                0x000000000008620f                zps_eNwkDcfmIndPost
                0x0000000000086231                zps_psNwkDcfmIndGetBuf
                0x0000000000086253                eSmeGenlScanDcfm.132788
                0x00000000000862b1                eNldeDataDcfm.128218
                0x00000000000862e1                zps_vSendNwkStatusInd
                0x0000000000086311                DBG_vInit
                0x0000000000086353                vPDM_ReadBitmapHeader.121979
                0x0000000000086372                psSLISTsearch
                0x00000000000863b2                psSLISTremove
                0x0000000000086430                psSLISTgetNext
                0x0000000000086454                u8PDM_CalculateFileSystemCapacity
                0x0000000000086472                u8PDM_CalculateLargestDataRecordStored
                0x00000000000864a3                bPDM_ImageBitmapRepairCheck
                0x00000000000864cb                u8PDM_ReadSequenceNumber
                0x00000000000864ee                boSegmentNumberDeleteSearchMatch.121551
                0x0000000000086509                u32PDM_ReadFileSystemHeaderWearCount
                0x000000000008651f                boSearchForWearCountSubstitute.121873
                0x0000000000086545                boSearchForWearCountInsertPoint.121122
                0x0000000000086563                vPDM_WriteFileSystemHeaderWearCount
                0x0000000000086575                u8PDM_CalculateSegmentsRequired.part.0.120258
                0x00000000000865a3                RND_u32GetRand256
                0x00000000000865c0                RND_u32GetRand
                0x00000000000865e7                u16CalculateFailedTxCount.92212
                0x0000000000086611                zps_bAplZdoServerHandleConfirmAcks
                0x000000000008665b                zps_bPerformLeaveActionDecider
                0x0000000000086673                vHandleUpdateDeviceIndication.68491
                0x000000000008669d                u32GetScanChannels.68478
                0x00000000000866c8                bDuplicateCheck.63723
                0x00000000000867d5                bIsBindTableMatch.63446
                0x0000000000086826                eRemoveEntryInBindingTable.63474
                0x00000000000868a5                zps_vAplApsFillAndPostApsAck
                0x000000000008690f                zps_u8AplApsFreeMsgHandle
                0x0000000000086979                bCheckProfile.59314
                0x00000000000869b7                ZPS_bIsGroupPresent
                0x00000000000869ef                PDUM_u16APduInstanceWriteStrNBO
                0x0000000000086b6e                PDUM_eNPduReadHeaderNBO
                0x0000000000086bc1                PDUM_u16APduInstanceReadNBO
 .text          0x0000000000086c0c     0x12d2 C:\Users\ADMINI~1\AppData\Local\Temp\ccyb9jya.ltrans5.ltrans.o
                0x0000000000086c0c                zps_eNwkHandleSceNwkUpdate
                0x0000000000086c30                zps_vAplAfPostTimerEvent
                0x0000000000086c7f                PDUM_hAPduAllocateAPduInstance
                0x0000000000086cf3                zps_eAplZdoSendZdpResponse
                0x0000000000086d3c                bSendResponse.91026
                0x0000000000086d7f                PDUM_eAPduFreeAPduInstance
                0x0000000000086e02                zps_bAplZdoIeeeAddrServer
                0x000000000008726b                zps_bAplZdoMatchDescServer
                0x00000000000872b6                zps_bAplZdoNodeDescServer
                0x0000000000087452                zps_bAplZdoSimpleDescServer
                0x00000000000876eb                zps_bAplZdoPowerDescServer
                0x0000000000087838                zps_bAplZdoActiveEpServer
                0x0000000000087951                zps_bAplZdoSystemServerDiscoveryServer
                0x0000000000087a0e                zps_bAplZdoMgmtLqiServer
                0x0000000000087ca0                PDM_eReadDataFromRecord.part.0.120376
                0x0000000000087d23                vLoadAplRecord.68518
                0x0000000000087d57                vLoadNwkRecord.127437
                0x0000000000087d95                zps_eAplZdoBdrmRequestSend
                0x0000000000087e10                vProcessTimedList.126114
                0x0000000000087e57                zps_eNwkBtrMatch
 .text          0x0000000000087ede      0xf2a C:\Users\ADMINI~1\AppData\Local\Temp\ccyb9jya.ltrans6.ltrans.o
                0x0000000000087f14                os_vAPP_cbDisableTickTimer
                0x0000000000087f58                os_vAPP_cbEnableTickTimer
                0x0000000000087fd8                pwrm_Wakeup.3191
                0x00000000000885db                vRetryCcaFailure
                0x0000000000088689                pwrm_PreSleep.3198
                0x0000000000088705                os_vvISR_SystemController
                0x000000000008875c                eBeaconReqSent.140288
                0x0000000000088783                OS_eExitCriticalSection
                0x0000000000088868                ZPS_eTsvStart
                0x00000000000888c3                zps_vNwkDiscUpdateNT.part.1.131585
                0x0000000000088916                zps_vNwkJoinStStartResponseTimer
                0x000000000008894f                ZPS_eTsvStop
                0x00000000000889a3                zps_vAplApsStopPollTimer.part.2.61948
                0x0000000000088a2a                ZPS_bSecEncrypt
                0x0000000000088be0                eZCL_SetReceiveEventAddressStructure
                0x0000000000088c5f                DBG_vDumpStack
                0x0000000000088ca1                vUnclaimedInterrupt
                0x0000000000088cad                ZPS_bSecDecrypt
                0x0000000000088dbf                boPDM_IsBitmapSaturated.122015
 .text          0x0000000000088e08      0xb54 C:\Users\ADMINI~1\AppData\Local\Temp\ccyb9jya.ltrans7.ltrans.o
                0x0000000000088e33                iPDM_WriteSegmentHeaderAndData
                0x000000000008903c                iPDM_SegmentCopyAndAppendData.constprop.130
                0x0000000000089096                iPDM_ReconstructReplacedDataTable
                0x000000000008923d                iPDM_ReplaceChangedSegmentInSequence
                0x000000000008932c                vPDM_DeleteAppendedSequence
                0x0000000000089531                PDM_eSaveRecordData
                0x000000000008980d                ZPS_vNwkSaveRecord
                0x0000000000089839                PDM_vDeleteAllDataRecords
                0x00000000000898b6                iPDM_VerifyDataSequenceWithBufferId
 .text          0x000000000008995c     0x110d C:\Users\ADMINI~1\AppData\Local\Temp\ccyb9jya.ltrans8.ltrans.o
                0x0000000000089a6f                os_bDummyMemberCheck.56284
                0x0000000000089a74                os_vDefaultErrorHook.56280
                0x0000000000089a9e                vOSError
                0x0000000000089aa1                eCLD_LevelControlCommandHandler
                0x0000000000089aa6                APP_ZCL_cbGeneralCallback.6339
                0x0000000000089aa9                os_vAPP_SleepTask
                0x0000000000089aac                bHandleZdoLeaveRequest.4629
                0x0000000000089ad9                vfExtendedStatusCallBack.3184
                0x0000000000089adc                os_bStrictCheck.1358
                0x0000000000089e85                pdum_u16ReadNBO
                0x0000000000089fe6                PDUM_u16SizeNBO
                0x000000000008a044                PDUM_u16APduInstanceWriteNBO
                0x000000000008a0ae                PDUM_thAPduInstanceGetApdu
                0x000000000008a0c9                PDUM_eAPduInstanceSetPayloadSize
                0x000000000008a0f1                PDUM_eNPduWriteDataFromBuffer
                0x000000000008a14b                PDUM_eNPduWriteDataToBuffer
                0x000000000008a1a9                PDUM_eNPduWriteFromBuffer
                0x000000000008a1d2                PDUM_eNPduDescend
                0x000000000008a1f8                PDUM_eNPduAscend
                0x000000000008a21e                PDUM_eNPduClaimData
                0x000000000008a28b                PDUM_eNPduAppendDataNBO
                0x000000000008a2e8                PDUM_eNPduClaimHeader
                0x000000000008a30b                PDUM_eNPduPrependHeaderNBO
                0x000000000008a366                PDUM_eNPduInitDescending
                0x000000000008a381                OS_eCollectMessage
                0x000000000008a446                OS_eGetSWTimerStatus
                0x000000000008a488                OS_eEnterCriticalSection
                0x000000000008a550                eExpireSWTimer.56293
                0x000000000008a5bb                eZCL_SearchForAttributeEntry
                0x000000000008a654                eZCL_SearchForClusterEntry
                0x000000000008a6b8                eZCL_BuildTransmitAddressStructure
                0x000000000008a725                eZCL_SearchForEPentry
                0x000000000008a756                eZCL_SearchForEPentryAndCheckManufacturerId
                0x000000000008a794                vZCL_PassEventToUser
                0x000000000008a7c1                eZCL_BuildClientTransmitAddressStructure
                0x000000000008a7f2                eZCL_GetAttributeTypeSize
                0x000000000008a811                u8ZCL_GetAttributeAllignToFourBytesBoundary
                0x000000000008a826                pvZCL_GetAttributePointer
                0x000000000008a89c                u16ZCL_GetStringStructureSize
                0x000000000008a8d9                u16ZCL_GetStringAttributeTypeSizeFromBuffer
                0x000000000008a94a                u16ZCL_GetStringSizeAndBufferFromStructure
                0x000000000008a9d9                vZCL_InitializeClusterInstance
                0x000000000008a9ee                boDLISTisEmpty
                0x000000000008aa06                psDLISTremove
 .text          0x000000000008aa69      0xe42 C:\Users\ADMINI~1\AppData\Local\Temp\ccyb9jya.ltrans9.ltrans.o
                0x000000000008ab1a                eCLD_GroupsSetIdentifying
                0x000000000008ab5c                PWRM_vManagePower
                0x000000000008acd2                vEZ_Exit
                0x000000000008adc9                vMiniMac_McpsCallback
                0x000000000008b00d                eMcpsTxCompleteHandler.139155
                0x000000000008b03b                vPDM_ImageBitmapRepair.121041
                0x000000000008b09c                vHandleJoinAndRejoinNWK.part.3.4908
                0x000000000008b10b                zps_eAplApsmeUnBindReqRsp
                0x000000000008b171                zps_psFindKeyDescr
                0x000000000008b29d                zps_eAplSecEncryptPacket
                0x000000000008b38f                vHandleJoinedNwk.6934
                0x000000000008b3ea                ZPS_bNwkNibAddrMapAddEntry
                0x000000000008b5b1                zps_sNwkNibNtCheckJoin
                0x000000000008b831                zps_vNwkHandleCmeDirectJoinReq
 *fill*         0x000000000008b8ab        0x1 00
 .text          0x000000000008b8ac      0xd40 C:\Users\ADMINI~1\AppData\Local\Temp\ccyb9jya.ltrans10.ltrans.o
                0x000000000008b934                vSendMlmeCommStatusFromTxFrame
                0x000000000008b98a                MAC_vHandleMlmeVsReqRsp.constprop.143
                0x000000000008c0b1                ZPS_vNwkHandleNlmeReqRsp
                0x000000000008c12b                zps_vAplAfPostEvent
                0x000000000008c318                zps_bAplZdoMgmtLeaveServer
                0x000000000008c48a                vChangeChannelTimerExpiry.92204
                0x000000000008c4f9                eLeaveReset.136738
                0x000000000008c564                eLeaveDataDcfmLocalLeave.136743
 .text          0x000000000008c5ec      0xf12 C:\Users\ADMINI~1\AppData\Local\Temp\ccyb9jya.ltrans11.ltrans.o
                0x000000000008c668                zps_vNwkHandleCmeLeaveReq
                0x000000000008c6d0                zps_eNwkHandleSceLeave
                0x000000000008c847                zps_psSendFrm.constprop.120
                0x000000000008ca34                ZPS_vNwkHandleNldeReqRsp
                0x000000000008cc3a                eUnfragmentedUnicastTransmission.62042
                0x000000000008cfc0                zps_eAplSendApsmeCmdFrame
                0x000000000008d15e                zps_eAplApsmeUpdateDeviceReqRsp.part.4.63603
                0x000000000008d2ca                zps_vAplApsmeCmdMgrRetryTimeout.63438
                0x000000000008d2f3                zps_psNwkSendRejoinReqCmd.constprop.8
                0x000000000008d355                zps_u8NwkHandleRejoinReq
                0x000000000008d415                zps_vProcessLocalAddrConflict.part.0.125263
                0x000000000008d44f                vContinueRejoin.134607
 .text          0x000000000008d4fe      0xda6 C:\Users\ADMINI~1\AppData\Local\Temp\ccyb9jya.ltrans12.ltrans.o
                0x000000000008d5a8                vCLD_IdentifyTimerClickCallback.17230
                0x000000000008d630                vIncrementFrameCounterInPdm.isra.0.127447
                0x000000000008d80c                vProcessListsForSubmission.126196
                0x000000000008dbb0                zps_vNwkMcpsMgrPost
                0x000000000008dbd4                zps_psSendNetworkStatusCmd
                0x000000000008dc4c                zps_eDefaultDataDcfm
                0x000000000008ddd0                vSendNetworkReport.125250
                0x000000000008deaa                zps_eNwkHandleSdeActvDcfmData
                0x000000000008df91                vMcpsMgrTimeoutExpiry
                0x000000000008e004                zps_eAplApsmeBindReqRsp
                0x000000000008e0de                bAplZdoBindUnbindServerProcessApdu
 *fill*         0x000000000008e2a4        0x0 00
 .text          0x000000000008e2a4      0xe0c C:\Users\ADMINI~1\AppData\Local\Temp\ccyb9jya.ltrans13.ltrans.o
                0x000000000008e2a4                vAplSecAuthPollTimerExpiry.68468
                0x000000000008e2fc                vAplSecAuthTimerExpiry.68472
                0x000000000008e3cc                os_vAPP_PollTask
                0x000000000008e48b                zps_vHandleApsdeDataFragIndNotSupported
                0x000000000008e804                vPostApsdeDcfmInd.59472
                0x000000000008ea0c                eJoinNetwork.68531
                0x000000000008eabd                eDiscoverNetworks.68538
                0x000000000008eb19                eStartNetworkDiscovery.68545
                0x000000000008eb83                eStartRouter.68555
                0x000000000008ec52                vPostApsmeDcfmInd.59465
 .text          0x000000000008f0b0      0xcde C:\Users\ADMINI~1\AppData\Local\Temp\ccyb9jya.ltrans14.ltrans.o
                0x000000000008f0b0                zps_bAplZdoNwkAddrServer
                0x000000000008f26d                vPDM_AddFileSystemElementToListInAscendingWearCountOrder
                0x000000000008f364                vPDM_MoveAllDataFromListToList
                0x000000000008f3a2                vPDM_MoveAllDataWithBufferIdAndStateFromListToList
                0x000000000008f42d                vPDM_MoveAllDataWithBufferIdFromListToList
                0x000000000008f4b2                vPDM_DeleteAllSegmentsWithIdFromFileSystemList.constprop.56
                0x000000000008f4f4                vPDM_MoveFileRecordFromListToList
                0x000000000008f517                iPDM_SelectValidFileRecordInstance.120968
                0x000000000008f603                vPDM_MoveRecordToDeAllocList
                0x000000000008f623                zps_vSendJoinDcfm
                0x000000000008f66a                vGiveUp.135323
                0x000000000008f6a2                PDUM_eNPduAllocate
                0x000000000008f711                zps_u8AplApsConstructAndPostLoopBackDataInd.62059
                0x000000000008f84a                u8PostUnicastMsgToNHLE.62067
                0x000000000008f883                PDUM_eNPduClone
                0x000000000008f8cf                PDUM_eNPduFree
                0x000000000008f93c                vPostVsMcpsDcfmInd.76474
                0x000000000008fa05                zps_vNwkMcpsMgrFreeReqDescr
                0x000000000008fa2f                zps_psAllocateAndFormatMacHdr
                0x000000000008fb6d                zps_psNwkInitCmdFrame
                0x000000000008fc3a                zps_vNwkRemoveConflictedBroadcast
                0x000000000008fc8c                zps_vNwkMcpsMgrTidyBtrReqDescr
                0x000000000008fcd0                vNwkBttTimerExpiry.131087
                0x000000000008fd52                hZCL_AllocateAPduInstance
 *fill*         0x000000000008fd8e        0x2 00
 .text          0x000000000008fd90      0xddc C:\Users\ADMINI~1\AppData\Local\Temp\ccyb9jya.ltrans15.ltrans.o
                0x000000000008ff82                vZdoBdrmSendNextTimedRequest
                0x000000000009020b                zps_bAplZdoBindUnbindServer
                0x000000000009034b                zps_bAplZdoMgmtBindServer
                0x000000000009056c                zps_eZdpNodeDescResponse
                0x0000000000090614                zps_eZdpNwkAddrResponse
                0x00000000000906f7                zps_eZdpIeeeAddrResponse
                0x00000000000907da                eZCL_TransmitDataRequest
 .text          0x0000000000090b6c      0xca8 C:\Users\ADMINI~1\AppData\Local\Temp\ccyb9jya.ltrans16.ltrans.o
                0x0000000000090b6c                vMiniMac_InterruptHandler
                0x0000000000090ee9                eAssocRespSent.139851
                0x0000000000090f08                zps_vNwkHandleCmeSyncReq
                0x0000000000090f8a                zps_vNwkHandleCmeNwkDiscReq
                0x0000000000091004                zps_vNwkHandleCmeEdScanReq
                0x0000000000091164                zps_vReAttemptScanTimerHandleExpiry
                0x00000000000911bc                zps_vNwkHandleCmeNwkJoinReq
                0x000000000009147a                zps_vNwkHandleCmeNwkActvJoinReq
                0x00000000000915c5                vHandleRejoinExpiry.135319
                0x0000000000091623                zps_eRejoinDataDcfm
 .text          0x0000000000091814      0xdc0 C:\Users\ADMINI~1\AppData\Local\Temp\ccyb9jya.ltrans17.ltrans.o
                0x0000000000091a07                vPostNldeDcfmInd.59479
                0x00000000000924aa                vMcpsMgrExpiry.126102
                0x00000000000924d2                vAckTimeOutHandler
                0x000000000009257f                ZPS_vNwkResetOutgoingFrameCounter
 .text          0x00000000000925d4      0xcc2 C:\Users\ADMINI~1\AppData\Local\Temp\ccyb9jya.ltrans18.ltrans.o
                0x00000000000925d4                zps_eZdpPowerDescResponse
                0x0000000000092671                zps_eZdpSimpleDescResponse
                0x000000000009277e                zps_eZdpActiveEpResponse
                0x0000000000092814                zps_eZdpMatchDescResponse
                0x00000000000928aa                zps_eZdpSystemServerDiscoveryResponse
                0x0000000000092919                zps_eAplZdpMgmtLqiResponse
                0x0000000000092a01                zps_eZdpMgmtNwkUpdateNotifyResponse
                0x0000000000092ab3                zps_bAplZdoDefaultServer
                0x0000000000092e36                zps_bAplZdoZdoClient
                0x0000000000092f46                zps_eAplZdpRequestApsdeReq
                0x0000000000092fc6                vSendMatchDesc.4950.constprop.21
                0x00000000000930a6                vEZ_SimpleDescriptorSend.7556
                0x0000000000093122                APP_ZCL_cbEndpointCallback.6336
 *fill*         0x0000000000093296        0x2 00
 .text          0x0000000000093298      0xe50 C:\Users\ADMINI~1\AppData\Local\Temp\ccyb9jya.ltrans19.ltrans.o
                0x0000000000093298                vMiniMac_MlmeCallback
                0x0000000000093583                vPostFailedAssocDcfm.139845
                0x00000000000935a1                vAssocReqTimeout1.139837
                0x00000000000937ed                vScanBeaconReceived
                0x000000000009382c                vPostDcfm.140303
                0x000000000009389b                vScanNextChannel.140309
                0x0000000000093aa9                vRunningRxCallback
                0x0000000000093db5                ePollReqSent.140496
                0x0000000000093e00                ZPS_pvNwkCtor.part.0.124300
 .text          0x00000000000940e8      0xe02 C:\Users\ADMINI~1\AppData\Local\Temp\ccyb9jya.ltrans20.ltrans.o
                0x00000000000940e8                zps_eNwkHandleSmeAssocInd
                0x0000000000094a28                os_vzps_taskZPS
                0x0000000000094bec                ZPS_vNwkNibCheckAndUpdateAddresses
                0x0000000000094c88                zps_bAplZdoDeviceAnnceServer
 *fill*         0x0000000000094eea        0x2 00
 .text          0x0000000000094eec      0xbd8 C:\Users\ADMINI~1\AppData\Local\Temp\ccyb9jya.ltrans21.ltrans.o
                0x0000000000094eec                vZCL_EventHandler
 .text          0x0000000000095ac4      0xb10 C:\Users\ADMINI~1\AppData\Local\Temp\ccyb9jya.ltrans22.ltrans.o
                0x0000000000096072                vApp_ProcessKeyCombination
                0x000000000009623e                os_vAPP_ZHA_Switch_Task
 .text          0x00000000000965d4      0xad8 C:\Users\ADMINI~1\AppData\Local\Temp\ccyb9jya.ltrans23.ltrans.o
                0x00000000000965d4                eZCL_SendDefaultResponse
                0x00000000000966d3                vZCL_HandleAttributesWriteRequest
                0x0000000000096b63                eZCL_CustomCommandReceive
                0x0000000000096dbe                eCLD_GroupsCommandHandler
                0x0000000000096ed9                eCLD_ScenesCommandHandler
 .text          0x00000000000970ac      0xbc4 C:\Users\ADMINI~1\AppData\Local\Temp\ccyb9jya.ltrans24.ltrans.o
                0x00000000000970ac                vStartScanTimerExpiry.92208
                0x00000000000970e8                zps_vAplApsPollTimer
                0x000000000009714a                zps_eNwkSendJoinResponse
                0x000000000009739f                zps_eProcessAddrConflict
                0x000000000009754c                zps_eNwkHandleSceNwkStatus
                0x0000000000097665                zps_eAplZdoStartStack
                0x000000000009776f                zps_eAplZdoRejoinNetwork
                0x00000000000977ea                vEZ_ReJoin
                0x0000000000097916                vEZ_EZModeNWKJoinHandler
                0x0000000000097c66                os_vAPP_PingTimerTask
 .text          0x0000000000097c70      0xab5 C:\Users\ADMINI~1\AppData\Local\Temp\ccyb9jya.ltrans25.ltrans.o
                0x0000000000097c70                DBG_vUartInitHardware
                0x0000000000097dad                eCLD_OnOffCommandHandler
                0x0000000000097dca                eCLD_BasicCommandHandler
                0x0000000000097ded                vMiniMac_NextTransaction
                0x0000000000097e57                iPDM_SearchForBufferIdInList
                0x0000000000097e8c                iPDM_SearchForBufferIdInFileSystem
                0x0000000000097e9f                iPDM_GetLengthOfDataInBufferWithIdFromFileSystem
                0x0000000000097efb                iPDM_SearchForSpecificSegmentInList
                0x0000000000097f2d                psGetTxFrameBuffer
                0x0000000000097f69                psGetAndBuildCoordRealignment
                0x0000000000097fc1                iPDM_ReadUserDataFromEEPROMsegment
                0x0000000000098043                iPDM_ReCalculateWearCountAndChecksumAndWriteFileSystemHeader
                0x000000000009808d                vPDM_SetEEPROMandFileSystemValidState
                0x00000000000980b4                iPDM_ReadUserDataFromFileSystemRecord
                0x00000000000980de                iPDM_ReadUserDataFromSegmentWithId
                0x0000000000098113                vPDM_WriteFileSystemRecordAndSegmentDataIntoEEPROMsegment
                0x0000000000098157                vStopStartModeChangeTimer.6579.constprop.92
                0x0000000000098191                vMiniMac_Init
                0x0000000000098504                eTransmit
                0x00000000000985e1                eBuildAndSend.140292
                0x0000000000098656                vPostTxActions.139563
                0x0000000000098693                vMiniMac_TxComplete
 .text          0x0000000000098725      0xb9d C:\Users\ADMINI~1\AppData\Local\Temp\ccyb9jya.ltrans26.ltrans.o
                0x0000000000098725                zps_eNwkHandleSceRejnResponse
                0x000000000009878e                zps_vAplSaveRecord
                0x0000000000098830                zps_bNwkFindAddIeeeAddr
                0x00000000000989e4                eCheckAddrConflict.isra.3.125459
                0x0000000000098a7a                vAplSecRemoveLinkKey.68583
                0x0000000000098af7                ZPS_vRemoveEntryFromAddressMap
                0x0000000000098b40                ZPS_vNwkSaveAllRecords
                0x0000000000098b57                zps_vSaveAllZpsRecords
                0x0000000000098b76                ZPS_vNwkNibSetExtPanId
                0x0000000000098b9b                vFinish.135753
                0x0000000000098be3                ZPS_vNwkNibSetKeySeqNum
                0x0000000000098bf8                ZPS_vNwkNibSetPanId
                0x0000000000098c17                vHandleNwkRemoteUpdateAfterBcast.125254
                0x0000000000098c93                ZPS_vNwkNibSetCapabilityInfo
                0x0000000000098cc1                ZPS_vNwkNibSetChannel
                0x0000000000098ce0                ZPS_vNwkSaveNt
                0x0000000000098dfb                ZPS_vNtSetUsedStatus
                0x0000000000098ea2                zps_vCheckActvNtForDuplicate
                0x0000000000098f3a                zps_vJoinInitNtParent
                0x0000000000098ffe                eSmeOrphScanDcfm.135763
                0x0000000000099076                zps_eNwkHandleSmeCommStatusInd
                0x00000000000991b3                eUnsolicitedRejoinRspDataDcfm.125258
                0x00000000000991de                eRejoinRspDataDcfm.134611
                0x00000000000992ad                ZPS_vNwkSaveSecMat
 .text          0x00000000000992c2      0x97b C:\Users\ADMINI~1\AppData\Local\Temp\ccyb9jya.ltrans27.ltrans.o
                0x00000000000992c2                eOrphanNotificationSent.140284
                0x000000000009930b                os_vzps_isrMAC
                0x0000000000099342                ZPS_vAplHandleApsdeReqRsp
                0x000000000009976b                zps_eAplZdpApsdeReqInternal
                0x00000000000997da                zps_bAplZdoMgmtNWKUpdateServer
                0x0000000000099b7c                zps_eAplZdpBindResponse
                0x0000000000099b9d                zps_eZdpUnbindResponse
                0x0000000000099bbe                zps_eZdpMgmtLeaveResponse
                0x0000000000099bdf                eCLD_IdentifyRegisterTimeServer.part.0.17237
 *fill*         0x0000000000099c3d        0x3 00
 .text          0x0000000000099c40      0x84c C:\Users\ADMINI~1\AppData\Local\Temp\ccyb9jya.ltrans28.ltrans.o
                0x0000000000099c40                eRejoinNetwork.68505
                0x0000000000099ce4                vPostNlmeDcfmInd.59458
                0x000000000009a3d5                vEZ_JoinSavedNetwork.6940
                0x000000000009a467                vHandleJoinFailed.7157
 .text          0x000000000009a48c      0x753 C:\Users\ADMINI~1\AppData\Local\Temp\ccyb9jya.ltrans29.ltrans.o
                0x000000000009a48c                eCLD_IdentifyCommandHandler
                0x000000000009a5d9                eStartEZInitiator.7542.constprop.106
                0x000000000009a664                vAppRecallSceneById
                0x000000000009a6cd                vAppStoreSceneById
                0x000000000009a732                vAppOnOff
                0x000000000009a776                vAppLevelStop
                0x000000000009a7b2                vAppLevelMove.constprop.83
                0x000000000009a825                os_vAPP_tskDelayedButtonAction
                0x000000000009a861                vAppIdentify.constprop.88
                0x000000000009a894                vSetTheNextLightIdentify
                0x000000000009a8c1                os_vAPP_CommissionTimerTask
                0x000000000009a946                vBindCluster.7971.constprop.18
 .text          0x000000000009abdf      0x539 C:\Users\ADMINI~1\AppData\Local\Temp\ccyb9jya.ltrans30.ltrans.o
                0x000000000009abdf                os_vZCL_Task
                0x000000000009ae1d                eZCL_CustomCommandSend.constprop.108
                0x000000000009b0a1                eCLD_IdentifyCommandIdentifyRequestSend
                0x000000000009b0cc                vEZ_EZModeCb
 .text          0x000000000009b118      0x44c C:\Users\ADMINI~1\AppData\Local\Temp\ccyb9jya.ltrans31.ltrans.o
                0x000000000009b118                AppWarmStart
                0x000000000009b123                AppColdStart
                0x000000000009b3a3                os_vUnclaimedInterrupt
                0x000000000009b3b5                os_vControlledIntCheck
                0x000000000009b3fa                os_vControlledInterrupt
                0x000000000009b433                os_vAPP_isrTickTimer
                0x000000000009b523                os_vAPP_isrIllegalInstruction
                0x000000000009b530                os_vAPP_isrAlignmentException
                0x000000000009b53d                os_vAPP_isrBusErrorException
                0x000000000009b54a                os_vAPP_isrUnimplementedModuleException
                0x000000000009b557                os_vAPP_isrStackOverflowException
 .text          0x000000000009b564       0x25 d:/nxp/bstudio_nxp/sdk/tools/ba-elf-ba2-r36379/bin/../lib/gcc/ba-elf/4.7.4/../../../../ba-elf/lib/mcpu_jn51xx_sizeopt\libc.a(lib_a-memcmp.o)
                0x000000000009b564                memcmp
 .text          0x000000000009b589       0x19 d:/nxp/bstudio_nxp/sdk/tools/ba-elf-ba2-r36379/bin/../lib/gcc/ba-elf/4.7.4/../../../../ba-elf/lib/mcpu_jn51xx_sizeopt\libc.a(lib_a-memcpy.o)
 .text          0x000000000009b5a2       0x12 d:/nxp/bstudio_nxp/sdk/tools/ba-elf-ba2-r36379/bin/../lib/gcc/ba-elf/4.7.4/../../../../ba-elf/lib/mcpu_jn51xx_sizeopt\libc.a(lib_a-memset.o)
                0x000000000009b5a2                memset
 *fill*         0x000000000009b5b4        0x0 00
 .text          0x000000000009b5b4      0x204 d:/nxp/bstudio_nxp/sdk/tools/ba-elf-ba2-r36379/bin/../lib/gcc/ba-elf/4.7.4/mcpu_jn51xx_sizeopt\libgcc.a(__udivsi3.o)
                0x000000000009b5b4                __udivsi3
 .text          0x000000000009b7b8      0x1b0 d:/nxp/bstudio_nxp/sdk/tools/ba-elf-ba2-r36379/bin/../lib/gcc/ba-elf/4.7.4/mcpu_jn51xx_sizeopt\libgcc.a(__umodsi3.o)
                0x000000000009b7b8                __umodsi3
 .text          0x000000000009b968       0x24 d:/nxp/bstudio_nxp/sdk/tools/ba-elf-ba2-r36379/bin/../lib/gcc/ba-elf/4.7.4/mcpu_jn51xx_sizeopt\libgcc.a(__modsi3.o)
                0x000000000009b968                __modsi3
 .text          0x000000000009b98c      0x350 d:/nxp/bstudio_nxp/sdk/tools/ba-elf-ba2-r36379/bin/../lib/gcc/ba-elf/4.7.4/mcpu_jn51xx_sizeopt\libgcc.a(_udivdi3.o)
                0x000000000009b98c                __udivdi3
 *fill*         0x000000000009bcdc        0x4 00
 .text          0x000000000009bce0      0x168 d:/NXP/bstudio_nxp/workspace/JN-AN-1189-ZigBee-HA-Demo/DimmerSwitch/Build/os_irq.o
                0x000000000009bce0                os_ExternalException_W
                0x000000000009bd24                os_PIC_ChannelPriorities
                0x000000000009bd34                os_OSMIUM_HwVectTable
                0x000000000009bd70                os_PIC_SwVectTable
 .text          0x000000000009be48       0x29 d:/NXP/bstudio_nxp/workspace/JN-AN-1189-ZigBee-HA-Demo/DimmerSwitch/Build/os_irq_alignment.o
                0x000000000009be48                IRQ_Alignment
 .text          0x000000000009be71       0x29 d:/NXP/bstudio_nxp/workspace/JN-AN-1189-ZigBee-HA-Demo/DimmerSwitch/Build/os_irq_buserror.o
                0x000000000009be71                IRQ_BusError
 .text          0x000000000009be9a       0x29 d:/NXP/bstudio_nxp/workspace/JN-AN-1189-ZigBee-HA-Demo/DimmerSwitch/Build/os_irq_illegalinstruction.o
                0x000000000009be9a                IRQ_IllegalInstruction
 .text          0x000000000009bec3       0x29 d:/NXP/bstudio_nxp/workspace/JN-AN-1189-ZigBee-HA-Demo/DimmerSwitch/Build/os_irq_stackoverflowexception.o
                0x000000000009bec3                IRQ_StackOverflowException
 .text          0x000000000009beec       0x29 d:/NXP/bstudio_nxp/workspace/JN-AN-1189-ZigBee-HA-Demo/DimmerSwitch/Build/os_irq_unimplementedmodule.o
                0x000000000009beec                IRQ_UnimplementedModule
 *fill*         0x000000000009bf15        0x3 00
 .text          0x000000000009bf18       0xc0 d:/NXP/bstudio_nxp/sdk/JN-SW-4168/Components/Library\libOS_JN516x.a(os_contirq_JN516x.o)
                0x000000000009bf18                os_ExternalException_R
                0x000000000009bf48                os_CFunc_W
                0x000000000009bf98                os_UnclaimedException_W
                0x000000000009bfb8                os_UnclaimedInterrupt_W
 .text          0x000000000009bfd8       0x48 d:/NXP/bstudio_nxp/sdk/JN-SW-4168/Components/Library\libPWRM_JN516x.a(pwrm_setjmp_JN516x.o)
                0x000000000009bfd8                setjmp
                0x000000000009bffc                PWRM_longjmp
 .text          0x000000000009c020       0x27 d:/NXP/bstudio_nxp/sdk/JN-SW-4168/Components/Library\libHardwareApi_JN5169.a(AHI_Interrupt.o)
                0x000000000009c020                vAHI_InterruptSetPriority
                0x000000000009c03e                vAHI_InterruptSetActivePriorityLevel
 .text.vMicroSyscall
                0x000000000009c047       0x17 d:/NXP/bstudio_nxp/sdk/JN-SW-4168/Components/Library\libMicroSpecific_JN516x.a(MicroSyscall_ba.o)
                0x000000000009c047                vMicroSyscall
 .text          0x000000000009c05e        0x0 d:/NXP/bstudio_nxp/sdk/JN-SW-4168/Components/Library\libOS_JN516x.a(os_version_lc.o)
                0x000000000009c05e                OS_Version_1v2
 .text          0x000000000009c05e        0x0 d:/NXP/bstudio_nxp/sdk/JN-SW-4168/Components/Library\libZPSAPL_JN516x.a(zps_apl_version_lc.o)
                0x000000000009c05e                ZPS_APL_Version_2v0
 .text          0x000000000009c05e        0x0 d:/NXP/bstudio_nxp/sdk/JN-SW-4168/Components/Library\libZPSNWK_ZED_JN516x.a(zps_nwk_version_lc.o)
                0x000000000009c05e                ZPS_NWK_Version_2v0
                0x000000000009c05e                _flash_end = ABSOLUTE (.)

.rela.dyn       0x000000000009c060        0x0
 .rela.text     0x0000000000000000        0x0 d:/NXP/bstudio_nxp/workspace/JN-AN-1189-ZigBee-HA-Demo/DimmerSwitch/Build/os_irq.o
 .rela.data     0x0000000000000000        0x0 d:/NXP/bstudio_nxp/workspace/JN-AN-1189-ZigBee-HA-Demo/DimmerSwitch/Build/os_irq.o
 .rela.rodata   0x0000000000000000        0x0 d:/NXP/bstudio_nxp/workspace/JN-AN-1189-ZigBee-HA-Demo/DimmerSwitch/Build/os_irq.o
                0x000000000400004c                . = ORIGIN (ram)

.data           0x000000000400004c      0x814 load address 0x000000000009c060
                0x000000000400004c                _ram_data_start = ABSOLUTE (.)
 *(.data*)
 .data          0x000000000400004c       0x78 C:\Users\ADMINI~1\AppData\Local\Temp\ccyb9jya.ltrans0.ltrans.o
                0x000000000400004c                u32DefaultChannelMask.7485
                0x0000000004000050                u8MiniMacConfig_MaxConcurrentAssocResponses
 .data          0x00000000040000c4        0x4 C:\Users\ADMINI~1\AppData\Local\Temp\ccyb9jya.ltrans1.ltrans.o
                0x00000000040000c4                u32HeapStart
 .data          0x00000000040000c8        0x5 C:\Users\ADMINI~1\AppData\Local\Temp\ccyb9jya.ltrans3.ltrans.o
 .data          0x00000000040000cd        0x1 C:\Users\ADMINI~1\AppData\Local\Temp\ccyb9jya.ltrans6.ltrans.o
 *fill*         0x00000000040000ce        0x2 00
 .data          0x00000000040000d0      0x184 C:\Users\ADMINI~1\AppData\Local\Temp\ccyb9jya.ltrans8.ltrans.o
                0x00000000040000d0                s_asapduZCLInstances
                0x0000000004000184                s_asapduZDPInstances
 .data          0x0000000004000254        0x6 C:\Users\ADMINI~1\AppData\Local\Temp\ccyb9jya.ltrans9.ltrans.o
 *fill*         0x000000000400025a        0x2 00
 .data          0x000000000400025c        0x4 C:\Users\ADMINI~1\AppData\Local\Temp\ccyb9jya.ltrans14.ltrans.o
                0x000000000400025c                bCanLoopback.62288
 .data          0x0000000004000260        0x1 C:\Users\ADMINI~1\AppData\Local\Temp\ccyb9jya.ltrans20.ltrans.o
 .data          0x0000000004000261        0x1 C:\Users\ADMINI~1\AppData\Local\Temp\ccyb9jya.ltrans25.ltrans.o
 .data          0x0000000004000262        0x2 C:\Users\ADMINI~1\AppData\Local\Temp\ccyb9jya.ltrans30.ltrans.o
                0x0000000004000262                u8DeepSleepTime.5847
                0x0000000004000263                u8KeepAliveTime.5844
 *fill*         0x0000000004000264        0x4 00
 .data          0x0000000004000268      0x5e0 C:\Users\ADMINI~1\AppData\Local\Temp\ccyb9jya.ltrans31.ltrans.o
                0x0000000004000268                os_Mutex_mutexMAC
                0x0000000004000270                os_Mutex_mutexZPS
                0x0000000004000278                s_sApl.2886
                0x00000000040003c4                os_SWTimer_APP_cntrTickTimer_APP_ButtonsScanTimer
                0x00000000040003e0                os_Message_APP_msgZpsEvents_ZCL
                0x0000000004000404                os_SWTimer_APP_cntrTickTimer_APP_TickTimer
                0x0000000004000420                os_SWTimer_APP_cntrTickTimer_APP_CommissionTimer
                0x000000000400043c                os_Message_APP_msgZpsEvents
                0x0000000004000460                os_Message_APP_msgEvents
                0x0000000004000484                os_SWTimer_APP_cntrTickTimer_APP_JoinTimer
                0x00000000040004a0                os_SWTimer_APP_cntrTickTimer_APP_BackOffTimer
                0x00000000040004bc                os_SWTimer_APP_cntrTickTimer_App_EZFindAndBindTimer
                0x00000000040004d8                os_SWTimer_APP_cntrTickTimer_App_ChangeModeTimer
                0x00000000040004f4                os_Message_zps_msgMlmeDcfmInd
                0x0000000004000518                os_Message_zps_msgTimeEvents
                0x000000000400053c                os_Message_zps_msgMcpsDcfmInd
                0x0000000004000560                os_SWTimer_APP_cntrTickTimer_APP_PollTimer
                0x000000000400057c                os_SWTimer_APP_cntrTickTimer_APP_tmrButtonDelayTimer
                0x0000000004000598                os_SWTimer_APP_cntrTickTimer_App_PingTimer
                0x00000000040005b4                os_Task_APP_ButtonsScanTask
                0x00000000040005c0                os_Task_ZCL_Task
                0x00000000040005cc                os_Task_APP_CommissionTimerTask
                0x00000000040005d8                os_Task_APP_ZHA_Switch_Task
                0x00000000040005e4                os_Task_APP_SleepTask
                0x00000000040005f0                os_Task_zps_taskZPS
                0x00000000040005fc                os_Task_APP_PollTask
                0x0000000004000608                os_Task_APP_tskDelayedButtonAction
                0x0000000004000614                os_Task_APP_PingTimerTask
                0x0000000004000620                u8AhiBaudRate.122440
                0x0000000004000624                s_prbMemberCheck.56400
                0x0000000004000628                s_prvErrorHook.56398
 .data.s_asAPduPool
                0x0000000004000848       0x18 d:/NXP/bstudio_nxp/workspace/JN-AN-1189-ZigBee-HA-Demo/DimmerSwitch/Build/pdum_apdu.o
                0x0000000004000848                pdum_apduZDP
                0x0000000004000848                s_asAPduPool
                0x0000000004000854                pdum_apduZCL
 *(.data.*)
                0x0000000004000860                . = ALIGN (0x4)
                0x0000000004000860                _ram_data_end = ABSOLUTE (.)

.bss            0x0000000004000860     0x3d70 load address 0x000000000009c874
                0x0000000004000860                _bss_start = ABSOLUTE (.)
 *(.bss*)
 .bss           0x0000000004000860     0x13f8 C:\Users\ADMINI~1\AppData\Local\Temp\ccyb9jya.ltrans0.ltrans.o
                0x0000000004000860                gu16NumberOfSegments.142852
                0x0000000004000862                u8MaxNpdu.56674
                0x0000000004000863                u8Count.56673
                0x0000000004000864                s_psNPduPoolEnd.56676
                0x0000000004000868                s_psNPduPoolStart.56675
                0x000000000400086c                s_psFreeListHead.56672
                0x0000000004000870                s_hMutex.56671
                0x0000000004000874                s_hMutex.56791
                0x0000000004000878                s_asAPduPool.56790
                0x000000000400087c                pfExtendedStatusCallBack.124784
                0x0000000004000880                s_u32x.120148
                0x0000000004000884                s_prExpireFn.143879
                0x0000000004000888                s_hMutex.143878
                0x000000000400088c                psShadowRxBuffer
                0x0000000004000890                pvRxStore
                0x0000000004000894                pvTxStore
                0x0000000004000898                g_pvAplHandle
                0x000000000400089c                s_hMacMutex
                0x00000000040008a0                s_sDcfmIndMgr.143643
                0x00000000040008a8                prAppMlmeGetBuffer
                0x00000000040008ac                prAppMlmeCallback
                0x00000000040008b0                zps_psNwk
                0x00000000040008b4                psFreeMsgListHead
                0x00000000040008b8                psActiveMsgListHead
                0x00000000040008bc                u8MiniMac_RunTimeOptions
                0x00000000040008c0                sMiniMacPib
                0x000000000400095c                sBeaconFilter.7481
                0x0000000004000964                psZCL_Common
                0x0000000004000968                bTimerRegistered.9417.17288
                0x0000000004000970                sSwitch
                0x0000000004000cb0                u16GroupId
                0x0000000004000cb8                sEZModeData.7479
                0x0000000004000d40                psPDM_Common
                0x0000000004000d44                prvZdoLeaveActionDecider
                0x0000000004000d48                sDeviceDesc
 .bss           0x0000000004001c58       0x20 C:\Users\ADMINI~1\AppData\Local\Temp\ccyb9jya.ltrans1.ltrans.o
 .bss           0x0000000004001c78       0x28 C:\Users\ADMINI~1\AppData\Local\Temp\ccyb9jya.ltrans2.ltrans.o
 .bss           0x0000000004001ca0        0x5 C:\Users\ADMINI~1\AppData\Local\Temp\ccyb9jya.ltrans3.ltrans.o
 *fill*         0x0000000004001ca5        0x3 00
 .bss           0x0000000004001ca8       0x40 C:\Users\ADMINI~1\AppData\Local\Temp\ccyb9jya.ltrans4.ltrans.o
 .bss           0x0000000004001ce8        0x2 C:\Users\ADMINI~1\AppData\Local\Temp\ccyb9jya.ltrans5.ltrans.o
 *fill*         0x0000000004001cea        0x2 00
 .bss           0x0000000004001cec       0x18 C:\Users\ADMINI~1\AppData\Local\Temp\ccyb9jya.ltrans6.ltrans.o
                0x0000000004001cec                sStoredMacData.139085
                0x0000000004001cf0                vFlushFn.122528
                0x0000000004001cf4                vPutchFn.122523
                0x0000000004001cf8                s_psCurrentTask.56394
 .bss           0x0000000004001d04        0xc C:\Users\ADMINI~1\AppData\Local\Temp\ccyb9jya.ltrans7.ltrans.o
                0x0000000004001d04                a16NwkPdmRecordSizes
 .bss           0x0000000004001d10      0xc24 C:\Users\ADMINI~1\AppData\Local\Temp\ccyb9jya.ltrans8.ltrans.o
 .bss           0x0000000004002934        0xc C:\Users\ADMINI~1\AppData\Local\Temp\ccyb9jya.ltrans9.ltrans.o
 .bss           0x0000000004002940        0xc C:\Users\ADMINI~1\AppData\Local\Temp\ccyb9jya.ltrans10.ltrans.o
                0x0000000004002940                u8ScanBeaconsSeen.143682
                0x0000000004002944                sThisDeviceMacAddr
 *fill*         0x000000000400294c        0x4 00
 .bss           0x0000000004002950       0x48 C:\Users\ADMINI~1\AppData\Local\Temp\ccyb9jya.ltrans11.ltrans.o
 .bss           0x0000000004002998        0x1 C:\Users\ADMINI~1\AppData\Local\Temp\ccyb9jya.ltrans12.ltrans.o
                0x0000000004002998                bIgnoreBroadcast
 *fill*         0x0000000004002999        0x3 00
 .bss           0x000000000400299c       0x34 C:\Users\ADMINI~1\AppData\Local\Temp\ccyb9jya.ltrans14.ltrans.o
 .bss           0x00000000040029d0        0x8 C:\Users\ADMINI~1\AppData\Local\Temp\ccyb9jya.ltrans15.ltrans.o
                0x00000000040029d0                bBindLookup
                0x00000000040029d4                psBindUnbindServerContext
 .bss           0x00000000040029d8       0x24 C:\Users\ADMINI~1\AppData\Local\Temp\ccyb9jya.ltrans16.ltrans.o
                0x00000000040029d8                sScanAttemptTimer
                0x00000000040029f4                sMiniMacPhyPib
                0x00000000040029f8                psTimerServerList
 .bss           0x00000000040029fc        0x4 C:\Users\ADMINI~1\AppData\Local\Temp\ccyb9jya.ltrans18.ltrans.o
                0x00000000040029fc                u16FastPoll.5846
                0x00000000040029fe                bDefaultServerIgnoreHandleMgmtUpdate
 .bss           0x0000000004002a00        0x8 C:\Users\ADMINI~1\AppData\Local\Temp\ccyb9jya.ltrans20.ltrans.o
                0x0000000004002a00                u32DataQueueCount
 .bss           0x0000000004002a08       0x10 C:\Users\ADMINI~1\AppData\Local\Temp\ccyb9jya.ltrans21.ltrans.o
 .bss           0x0000000004002a18       0xf8 C:\Users\ADMINI~1\AppData\Local\Temp\ccyb9jya.ltrans22.ltrans.o
                0x0000000004002a18                u8CommState.5845
                0x0000000004002a19                eTransitionButtonCode.6644
                0x0000000004002a1a                eSwitchState.6643
                0x0000000004002a1b                bPingReqApsAckFailure
                0x0000000004002a1c                sDeviceState
                0x0000000004002a48                sEZModeData.8607
 .bss           0x0000000004002b10       0x18 C:\Users\ADMINI~1\AppData\Local\Temp\ccyb9jya.ltrans24.ltrans.o
                0x0000000004002b10                psBeaconFilter
                0x0000000004002b14                bRejoin.7483
 .bss           0x0000000004002b28        0x8 C:\Users\ADMINI~1\AppData\Local\Temp\ccyb9jya.ltrans25.ltrans.o
 .bss.initinboot
                0x0000000004002b30        0x1 C:\Users\ADMINI~1\AppData\Local\Temp\ccyb9jya.ltrans25.ltrans.o
 *fill*         0x0000000004002b31        0x3 00
 .bss           0x0000000004002b34       0x24 C:\Users\ADMINI~1\AppData\Local\Temp\ccyb9jya.ltrans26.ltrans.o
                0x0000000004002b34                apvAplPdmRecordsAddress
                0x0000000004002b4c                au16AplPdmRecordsSize
 .bss           0x0000000004002b58       0x74 C:\Users\ADMINI~1\AppData\Local\Temp\ccyb9jya.ltrans27.ltrans.o
                0x0000000004002b58                s_psVsMcpsDcfmInd.77770
                0x0000000004002b5c                s_psMacDcfmInd.77769
                0x0000000004002b60                au32TimerCounter
                0x0000000004002b80                aprTimerCallback
                0x0000000004002ba0                sMiniMacInternal
 .bss           0x0000000004002bcc        0x1 C:\Users\ADMINI~1\AppData\Local\Temp\ccyb9jya.ltrans29.ltrans.o
 *fill*         0x0000000004002bcd        0x3 00
 .bss           0x0000000004002bd0       0x28 C:\Users\ADMINI~1\AppData\Local\Temp\ccyb9jya.ltrans30.ltrans.o
                0x0000000004002bd0                s_bWakeTimerActive.56472
                0x0000000004002bd4                psNextWake.56471
                0x0000000004002bd8                u32CalibrationValue.56470
                0x0000000004002bdc                s_ePowerMode.56473
                0x0000000004002bde                s_u16ActivityCounter
 *fill*         0x0000000004002bf8        0x8 00
 .bss           0x0000000004002c00     0x1990 C:\Users\ADMINI~1\AppData\Local\Temp\ccyb9jya.ltrans31.ltrans.o
                0x0000000004002c00                s_sDefaultServerContext.2946
                0x0000000004002c08                s_sMgmtBindServerContext.2881
                0x0000000004002c10                s_sBindRequestServerContext.2882
                0x0000000004002c50                s_sBindUnbindServerContext.2884
                0x0000000004002c90                s_sMgmtNWKUpdateServerContext.2885
                0x0000000004002cd0                s_sMgmtLeaveServerContext.2945
                0x0000000004002cf8                s_sMgmtLqiServerContext.2944
                0x0000000004002d00                s_sSimpleDescServerContext.2943
                0x0000000004002d08                s_sMatchDescServerContext.2942
                0x0000000004002d10                s_sPowerDescServerContext.2941
                0x0000000004002d18                s_sNodeDescServerContext.2940
                0x0000000004002d20                s_sSystemServerDiscoveryServerContext.2939
                0x0000000004002d28                s_sIeeeAddrServerContext.2938
                0x0000000004002d30                s_sNwkAddrServerContext.2937
                0x0000000004002d38                s_sActiveEpServerContext.2936
                0x0000000004002d40                s_sDeviceAnnceServerContext.2935
                0x0000000004002d40                s_sZdoClientContext.2934
                0x0000000004002d48                s_u32LastExpiredTime.3143
                0x0000000004002d4c                s_u32CompareTime.3142
                0x0000000004002d50                s_prvCurrentISR.56401
                0x0000000004002d54                s_psPreSleepCallbacks.56475
                0x0000000004002d58                u8AhiUart.122439
                0x0000000004002d5c                s_u32CurrentPriorityMask.56393
                0x0000000004002d60                s_u8OSLevelIPL.56397
                0x0000000004002d64                s_asTasks.56396
                0x0000000004002d68                s_u32PendingQueue.56395
                0x0000000004002d6c                pwrm_psWakeupCallbacks
                0x0000000004002d70                pwrm_CPUContext
 .bss.dontinitinboot
                0x0000000004004590       0x40 d:/NXP/bstudio_nxp/sdk/JN-SW-4168/Components/Library\libBoot_JN516x.a(ExceptionHandler.o)
                0x0000000004004590                isr_handlers
 *(.bss.*)
 *(.scommon*)
 *(.scommon.*)
 *(COMMON)
                0x00000000040045d0                . = ALIGN (0x4)
                0x00000000040045d0                _bss_end = ABSOLUTE (.)

.heap           0x00000000040045d0      0x7d0 load address 0x00000000000a05e4
                0x00000000040045d0                _heap_start = ABSOLUTE (.)
                0x0000000004004da0                . = (. + __minimum_heap_size)
 *fill*         0x00000000040045d0      0x7d0 00

.stack          0x0000000004006890     0x1770 load address 0x00000000000a28a4
                0x0000000004006890                _heap_end = ABSOLUTE (.)
                0x0000000004006890                _stack_low_water_mark = ABSOLUTE (.)
                0x0000000004008000                . = (. + __stack_size)
 *fill*         0x0000000004006890     0x1770 00

.test           0x000000000009c874        0x1
                0x000000000009c874        0x1 BYTE 0xff
                0x000000000009c060                _flash_data_start = LOADADDR (.data)
                0x0000000000000814                _ram_data_len = (((_ram_data_end - _ram_data_start) + 0x3) & 0xfffffffffffffffc)
                0x0000000000003d70                _bss_len = (((_bss_end - _bss_start) + 0x3) & 0xfffffffffffffffc)
                0x000000000001c874                _image_len = ((((_flash_end - _flash_start) + _ram_data_len) + 0x3) & 0xfffffffffffffffc)
                0x0000000004008000                _ram_top = (ABSOLUTE (ORIGIN (ram)) + 0x7fb4)
                0x0000000004008000                ram_top = (ABSOLUTE (ORIGIN (ram)) + 0x7fb4)
                0x0000000001001580                _app_ram_start = 0x1001580
                0x00000000040000c4                PROVIDE (_heap_location, u32HeapStart)
                0x00000000040000c4                PROVIDE (heap_location, u32HeapStart)