Archive member included because of file (symbol)

c:/NXP/bstudio_nxp/sdk/JN-SW-4168/Components/Library\libOS_JN516x.a(os.o)
                              os_gen.o (symbol from plugin) (os_vStart)
c:/NXP/bstudio_nxp/sdk/JN-SW-4168/Components/Library\libOS_JN516x.a(os_contirq_JN516x.o)
                              os_irq.o (os_UnclaimedException_W)
c:/NXP/bstudio_nxp/sdk/JN-SW-4168/Components/Library\libPWRM_JN516x.a(pwrm.o)
                              app_start.o (symbol from plugin) (PWRM_vInit)
c:/NXP/bstudio_nxp/sdk/JN-SW-4168/Components/Library\libPWRM_JN516x.a(pwrm_setjmp_JN516x.o)
                              pwrm.o (symbol from plugin) (setjmp)
c:/NXP/bstudio_nxp/sdk/JN-SW-4168/Components/Library\libPWRM_JN516x.a(pwrm_cold_start.o)
                              (AppColdStart)
c:/NXP/bstudio_nxp/sdk/JN-SW-4168/Components/Library\libPWRM_JN516x.a(pwrm_warm_start.o)
                              (AppWarmStart)
c:/NXP/bstudio_nxp/sdk/JN-SW-4168/Components/Library\libPDUM_JN516x.a(pdum_nwk.o)
                              pdum_gen.o (symbol from plugin) (pdum_vNPduInit)
c:/NXP/bstudio_nxp/sdk/JN-SW-4168/Components/Library\libPDUM_JN516x.a(pdum_apl.o)
                              appZdpExtraction.o (symbol from plugin) (PDUM_u16APduInstanceReadNBO)
c:/NXP/bstudio_nxp/sdk/JN-SW-4168/Components/Library\libPDUM_JN516x.a(pdum.o)
                              pdum_nwk.o (symbol from plugin) (PDUM_u16SizeNBO)
c:/NXP/bstudio_nxp/sdk/JN-SW-4168/Components/Library\libZPSAPL_JN516x.a(zps_apl_af.o)
                              App_Coordinator.o (symbol from plugin) (ZPS_eAplAfInit)
c:/NXP/bstudio_nxp/sdk/JN-SW-4168/Components/Library\libZPSAPL_JN516x.a(zps_apl_af_apsde.o)
                              zps_gen.o (symbol from plugin) (zps_vHandleApsdeDataFragIndNotSupported)
c:/NXP/bstudio_nxp/sdk/JN-SW-4168/Components/Library\libZPSAPL_JN516x.a(zps_apl_task.o)
                              zps_apl_af_apsde.o (symbol from plugin) (zps_vAplAfPostEvent)
c:/NXP/bstudio_nxp/sdk/JN-SW-4168/Components/Library\libZPSAPL_JN516x.a(zps_apl_apsde.o)
                              zps_apl_task.o (symbol from plugin) (ZPS_vAplRegisterApsdeDcfmIndCallbacks)
c:/NXP/bstudio_nxp/sdk/JN-SW-4168/Components/Library\libZPSAPL_JN516x.a(zps_apl_apsme.o)
                              zps_apl_task.o (symbol from plugin) (ZPS_vAplRegisterApsmeDcfmIndCallbacks)
c:/NXP/bstudio_nxp/sdk/JN-SW-4168/Components/Library\libZPSAPL_JN516x.a(zps_apl_aps_nlde.o)
                              zps_apl_task.o (symbol from plugin) (zps_vAplApsHandleNldeDcfmInd)
c:/NXP/bstudio_nxp/sdk/JN-SW-4168/Components/Library\libZPSAPL_JN516x.a(zps_apl_sec.o)
                              zps_apl_task.o (symbol from plugin) (zps_psFindKeyDescr)
c:/NXP/bstudio_nxp/sdk/JN-SW-4168/Components/Library\libZPSAPL_JN516x.a(zps_apl_aib.o)
                              app_zbp_utilities.o (symbol from plugin) (zps_psAplAibGetAib)
c:/NXP/bstudio_nxp/sdk/JN-SW-4168/Components/Library\libZPSAPL_JN516x.a(zps_apl_zdo_nwkmanager.o)
                              zps_apl_apsme.o (symbol from plugin) (zps_vAplSaveRecord)
c:/NXP/bstudio_nxp/sdk/JN-SW-4168/Components/Library\libZPSAPL_JN516x.a(zps_apl_zdo_handle_zdp_event.o)
                              zps_apl_task.o (symbol from plugin) (zps_bAplZdoHandleZdpEvent)
c:/NXP/bstudio_nxp/sdk/JN-SW-4168/Components/Library\libZPSAPL_JN516x.a(zps_apl_zdo_trust_center.o)
                              zps_gen.o (symbol from plugin) (zps_vAplTrustCenterInit)
c:/NXP/bstudio_nxp/sdk/JN-SW-4168/Components/Library\libZPSAPL_JN516x.a(zps_apl_zdo_common.o)
                              zps_apl_zdo_nwkmanager.o (symbol from plugin) (zps_eAplZdoNlmeleaveWrapper)
c:/NXP/bstudio_nxp/sdk/JN-SW-4168/Components/Library\libZPSAPL_JN516x.a(zps_apl_zdo_default_server.o)
                              zps_gen.o (symbol from plugin) (zps_vAplZdoDefaultServerInit)
c:/NXP/bstudio_nxp/sdk/JN-SW-4168/Components/Library\libZPSAPL_JN516x.a(zps_apl_mac_isr.o)
                              zps_apl_task.o (symbol from plugin) (u32DataQueueCount)
c:/NXP/bstudio_nxp/sdk/JN-SW-4168/Components/Library\libZPSAPL_JN516x.a(zps_apl_zdo_end_device_bind_server.o)
                              zps_gen.o (symbol from plugin) (zps_vAplZdoEndDeviceBindServerInit)
c:/NXP/bstudio_nxp/sdk/JN-SW-4168/Components/Library\libZPSAPL_JN516x.a(zps_apl_zdo_nwk_addr_server.o)
                              zps_gen.o (symbol from plugin) (zps_vAplZdoNwkAddrServerInit)
c:/NXP/bstudio_nxp/sdk/JN-SW-4168/Components/Library\libZPSAPL_JN516x.a(zps_apl_zdo_ieee_addr_server.o)
                              zps_gen.o (symbol from plugin) (zps_vAplZdoIeeeAddrServerInit)
c:/NXP/bstudio_nxp/sdk/JN-SW-4168/Components/Library\libZPSAPL_JN516x.a(zps_apl_zdo_match_desc_server.o)
                              zps_gen.o (symbol from plugin) (zps_vAplZdoMatchDescServerInit)
[...]
Memory Configuration

Name             Origin             Length             Attributes
flash            0x0000000000080000 0x0000000000040000
ram              0x000000000400004c 0x0000000000007fb4
*default*        0x0000000000000000 0xffffffffffffffff

Linker script and memory map

                0x0000000000001388                __stack_size = 0x1388
                0x00000000000007d0                __minimum_heap_size = 0x7d0
START GROUP
LOAD os_gen.o
LOAD C:\Users\jack\AppData\Local\Temp\ccyofv4j.ltrans0.ltrans.o
LOAD C:\Users\jack\AppData\Local\Temp\ccyofv4j.ltrans1.ltrans.o
LOAD C:\Users\jack\AppData\Local\Temp\ccyofv4j.ltrans2.ltrans.o
LOAD C:\Users\jack\AppData\Local\Temp\ccyofv4j.ltrans3.ltrans.o
LOAD C:\Users\jack\AppData\Local\Temp\ccyofv4j.ltrans4.ltrans.o
LOAD C:\Users\jack\AppData\Local\Temp\ccyofv4j.ltrans5.ltrans.o
LOAD C:\Users\jack\AppData\Local\Temp\ccyofv4j.ltrans6.ltrans.o
LOAD C:\Users\jack\AppData\Local\Temp\ccyofv4j.ltrans7.ltrans.o
LOAD C:\Users\jack\AppData\Local\Temp\ccyofv4j.ltrans8.ltrans.o
LOAD C:\Users\jack\AppData\Local\Temp\ccyofv4j.ltrans9.ltrans.o
LOAD C:\Users\jack\AppData\Local\Temp\ccyofv4j.ltrans10.ltrans.o
LOAD C:\Users\jack\AppData\Local\Temp\ccyofv4j.ltrans11.ltrans.o
LOAD C:\Users\jack\AppData\Local\Temp\ccyofv4j.ltrans12.ltrans.o
LOAD C:\Users\jack\AppData\Local\Temp\ccyofv4j.ltrans13.ltrans.o
LOAD C:\Users\jack\AppData\Local\Temp\ccyofv4j.ltrans14.ltrans.o
LOAD C:\Users\jack\AppData\Local\Temp\ccyofv4j.ltrans15.ltrans.o
LOAD C:\Users\jack\AppData\Local\Temp\ccyofv4j.ltrans16.ltrans.o
LOAD C:\Users\jack\AppData\Local\Temp\ccyofv4j.ltrans17.ltrans.o
LOAD C:\Users\jack\AppData\Local\Temp\ccyofv4j.ltrans18.ltrans.o
LOAD C:\Users\jack\AppData\Local\Temp\ccyofv4j.ltrans19.ltrans.o
LOAD C:\Users\jack\AppData\Local\Temp\ccyofv4j.ltrans20.ltrans.o
LOAD C:\Users\jack\AppData\Local\Temp\ccyofv4j.ltrans21.ltrans.o
LOAD C:\Users\jack\AppData\Local\Temp\ccyofv4j.ltrans22.ltrans.o
LOAD C:\Users\jack\AppData\Local\Temp\ccyofv4j.ltrans23.ltrans.o
LOAD C:\Users\jack\AppData\Local\Temp\ccyofv4j.ltrans24.ltrans.o
LOAD C:\Users\jack\AppData\Local\Temp\ccyofv4j.ltrans25.ltrans.o
LOAD C:\Users\jack\AppData\Local\Temp\ccyofv4j.ltrans26.ltrans.o
LOAD C:\Users\jack\AppData\Local\Temp\ccyofv4j.ltrans27.ltrans.o
LOAD C:\Users\jack\AppData\Local\Temp\ccyofv4j.ltrans28.ltrans.o
LOAD C:\Users\jack\AppData\Local\Temp\ccyofv4j.ltrans29.ltrans.o
LOAD C:\Users\jack\AppData\Local\Temp\ccyofv4j.ltrans30.ltrans.o
LOAD C:\Users\jack\AppData\Local\Temp\ccyofv4j.ltrans31.ltrans.o
LOAD c:/nxp/bstudio_nxp/sdk/tools/ba-elf-ba2-r36379/bin/../lib/gcc/ba-elf/4.7.4/../../../../ba-elf/lib/mcpu_jn51xx_sizeopt\libc.a
LOAD c:/nxp/bstudio_nxp/sdk/tools/ba-elf-ba2-r36379/bin/../lib/gcc/ba-elf/4.7.4/mcpu_jn51xx_sizeopt\libgcc.a
LOAD c:/nxp/bstudio_nxp/sdk/tools/ba-elf-ba2-r36379/bin/../lib/gcc/ba-elf/4.7.4/../../../../ba-elf/lib/mcpu_jn51xx_sizeopt\libc.a
LOAD os_irq.o
LOAD os_irq_alignment.o
LOAD os_irq_buserror.o
LOAD os_irq_illegalinstruction.o
LOAD os_irq_stackoverflowexception.o
LOAD os_irq_unimplementedmodule.o
LOAD pdum_gen.o
LOAD pdum_apdu.o
LOAD zps_gen.o
LOAD app_zbp_utilities.o
LOAD app_exceptions.o
LOAD app_pdm.o
LOAD app_timer_driver.o
LOAD app_start.o
LOAD App_Coordinator.o
LOAD app_endpoint.o
LOAD AgeChildren.o
LOAD haKeys.o
LOAD appZpsBeaconHandler.o
LOAD appZdpExtraction.o
LOAD c:/NXP/bstudio_nxp/sdk/JN-SW-4168/Components/Library\libZPSMAC_Mini_JN516x.a
LOAD c:/NXP/bstudio_nxp/sdk/JN-SW-4168/Components/Library\libOS_JN516x.a
LOAD c:/NXP/bstudio_nxp/sdk/JN-SW-4168/Components/Library\libPWRM_JN516x.a
LOAD c:/NXP/bstudio_nxp/sdk/JN-SW-4168/Components/Library\libZPSTSV_JN516x.a
LOAD c:/NXP/bstudio_nxp/sdk/JN-SW-4168/Components/Library\libAES_SW_JN516x.a
LOAD c:/NXP/bstudio_nxp/sdk/JN-SW-4168/Components/Library\libPDUM_JN516x.a
LOAD c:/NXP/bstudio_nxp/sdk/JN-SW-4168/Components/Library\libZPSAPL_JN516x.a
LOAD c:/NXP/bstudio_nxp/sdk/JN-SW-4168/Components/Library\libRandom_JN516x.a
LOAD c:/NXP/bstudio_nxp/sdk/JN-SW-4168/Components/Library\libPDM_EEPROM_JN516x.a
LOAD c:/NXP/bstudio_nxp/sdk/JN-SW-4168/Components/Library\libDBG_JN516x.a
LOAD c:/NXP/bstudio_nxp/sdk/JN-SW-4168/Components/Library\libZPSNWK_JN516x.a
LOAD c:/NXP/bstudio_nxp/sdk/JN-SW-4168/Components/Library\libMiniMac_JN516x.a
LOAD c:/NXP/bstudio_nxp/sdk/JN-SW-4168/Components/Library\libMiniMacShim_JN516x.a
LOAD c:/NXP/bstudio_nxp/sdk/JN-SW-4168/Components/Library\libMMAC_JN516x.a
LOAD c:/NXP/bstudio_nxp/sdk/JN-SW-4168/Components/Library\libAes_JN516x.a
LOAD c:/NXP/bstudio_nxp/sdk/JN-SW-4168/Components/Library\libHardwareApi_JN516x.a
LOAD c:/NXP/bstudio_nxp/sdk/JN-SW-4168/Components/Library\libMicroSpecific_JN516x.a
LOAD c:/NXP/bstudio_nxp/sdk/JN-SW-4168/Components/Library\libBoot_JN516x.a
LOAD c:/NXP/bstudio_nxp/sdk/JN-SW-4168/Platform/DK4/Library\libBoardLib_JN516x.a
END GROUP
LOAD c:/nxp/bstudio_nxp/sdk/tools/ba-elf-ba2-r36379/bin/../lib/gcc/ba-elf/4.7.4/../../../../ba-elf/lib/mcpu_jn51xx_sizeopt\libc.a
LOAD c:/nxp/bstudio_nxp/sdk/tools/ba-elf-ba2-r36379/bin/../lib/gcc/ba-elf/4.7.4/mcpu_jn51xx_sizeopt\libgcc.a
LOAD c:/nxp/bstudio_nxp/sdk/tools/ba-elf-ba2-r36379/bin/../lib/gcc/ba-elf/4.7.4/../../../../ba-elf/lib/mcpu_jn51xx_sizeopt\libc.a
                0x0000000000080038                _exception_vsr_table = 0x80038
                0x0000000004000000                pSPIflashFncTable = 0x4000000
                0x0000000000000044                restore_state = 0x44
                0x000000000000004a                bZSPIWaitWIPClear = 0x4a
                0x0000000000000050                u16ZSPIflashRDID = 0x50
                0x0000000000000056                u8SelectFlashChipType = 0x56
                0x000000000000005c                memcpy = 0x5c
                0x0000000000000066                vBootFlashProg = 0x66
                [0x00000000000007d0]                __minimum_heap_size = DEFINED (__minimum_heap_size)?__minimum_heap_size:0xd16
                [0x0000000000001388]                __stack_size = DEFINED (__stack_size)?__stack_size:0x800
                0x0000000000000000                _SwConfig = (DEFINED (g_bSWConf_Debug) | (DEFINED (g_bSWConf_AltDebugPort) << 0x1))

.version        0x000000000007fffc        0x4
                0x000000000007fffc        0x4 LONG 0x7030008

.bir            0x0000000000080000       0x10
                0x0000000000080000                _flash_start = ABSOLUTE (.)
                0x0000000000080000                _flash_beg = ABSOLUTE (.)
                0x0000000000080000        0x4 LONG 0x12345678
                0x0000000000080004        0x4 LONG 0x11223344
                0x0000000000080008        0x4 LONG 0x55667788
                0x000000000008000c        0x1 BYTE 0x8
                0x000000000008000d        0x1 BYTE 0x1
                0x000000000008000e        0x2 SHORT 0x0

.flashheader    0x0000000000080010       0x28
                0x0000000000080010        0x4 LONG 0x0
                0x0000000000080014        0x4 LONG 0x0
                0x0000000000080018        0x4 LONG 0x0
                0x000000000008001c        0x2 SHORT 0x0
                0x000000000008001e        0x2 SHORT 0x0 ABSOLUTE (_SwConfig)
                0x0000000000080020                _enc_start = ABSOLUTE (.)
                0x0000000000080020        0x4 LONG 0x1afac ABSOLUTE (_image_len)
                0x0000000000080024        0x4 LONG 0x9a8f8 ABSOLUTE (_flash_data_start)
                0x0000000000080028        0x2 SHORT 0x13 ((ABSOLUTE (_ram_data_start) / 0x4) & 0xffff)
                0x000000000008002a        0x2 SHORT 0x1ad ((ABSOLUTE (_ram_data_len) / 0x4) & 0xffff)
                0x000000000008002c        0x2 SHORT 0x1c0 ((ABSOLUTE (_bss_start) / 0x4) & 0xffff)
                0x000000000008002e        0x2 SHORT 0xc5d ((ABSOLUTE (_bss_len) / 0x4) & 0xffff)
                0x0000000000080030        0x4 LONG 0x92c17 ABSOLUTE (AppWarmStart)
                0x0000000000080034        0x4 LONG 0x92c22 ABSOLUTE (AppColdStart)
                0x0000000000000000                _enc_offset = (_enc_start & 0xf)

.ro_mac_address
                0x0000000000080040        0x0
                0x0000000000080040                _FlsMACAddress = ABSOLUTE (.)
 *(.ro_mac_address)
                0x0000000000080040                . = ALIGN (0x10)

.ro_ota_header  0x0000000000080040        0x0
                0x0000000000080040                _FlsOtaHeader = ABSOLUTE (.)
 *(.ro_ota_header)
                0x0000000000080040                . = ALIGN (0x10)

.ro_se_lnkKey   0x0000000000080040        0x0
                0x0000000000080040                _FlsLinkKey = ABSOLUTE (.)
 *(.ro_se_lnkKey)
                0x0000000000080040                . = ALIGN (0x10)

.rodata         0x0000000000080038      0xca0
 *(.rodata*)
 .rodata.str1.1
                0x0000000000080038       0x6d C:\Users\jack\AppData\Local\Temp\ccyofv4j.ltrans0.ltrans.o
 .rodata.str1.1
                0x00000000000800a5      0x377 C:\Users\jack\AppData\Local\Temp\ccyofv4j.ltrans1.ltrans.o
                                        0x3b3 (size before relaxing)
 .rodata        0x000000000008041c       0x10 C:\Users\jack\AppData\Local\Temp\ccyofv4j.ltrans2.ltrans.o
 .rodata        0x000000000008042c       0x10 C:\Users\jack\AppData\Local\Temp\ccyofv4j.ltrans3.ltrans.o
                0x0000000000080434                au32UartAddrOffset
 .rodata.str1.1
                0x000000000008043c        0x3 C:\Users\jack\AppData\Local\Temp\ccyofv4j.ltrans3.ltrans.o
 .rodata        0x000000000008043f       0x28 C:\Users\jack\AppData\Local\Temp\ccyofv4j.ltrans4.ltrans.o
 .rodata.str1.1
                0x0000000000000000        0x3 C:\Users\jack\AppData\Local\Temp\ccyofv4j.ltrans4.ltrans.o
                                          0x8 (size before relaxing)
 .rodata.str1.1
                0x0000000000080467        0x6 C:\Users\jack\AppData\Local\Temp\ccyofv4j.ltrans5.ltrans.o
                                          0xe (size before relaxing)
 *fill*         0x000000000008046d        0x3 00
 .rodata        0x0000000000080470       0x14 C:\Users\jack\AppData\Local\Temp\ccyofv4j.ltrans5.ltrans.o
                0x0000000000080470                au8FlashWaitStatesHSRCO.93744
                0x0000000000080478                au8FlashWaitStates32MXO.93743
 .rodata        0x0000000000080484       0x20 C:\Users\jack\AppData\Local\Temp\ccyofv4j.ltrans8.ltrans.o
                0x0000000000080484                au32NwkPdmRecordOffsets
 .rodata.str1.1
                0x0000000000000000        0x6 C:\Users\jack\AppData\Local\Temp\ccyofv4j.ltrans9.ltrans.o
                                          0x8 (size before relaxing)
 .rodata.str1.1
                0x00000000000804a4        0xb C:\Users\jack\AppData\Local\Temp\ccyofv4j.ltrans11.ltrans.o
                                         0x10 (size before relaxing)
 .rodata.str1.1
                0x00000000000804af       0x10 C:\Users\jack\AppData\Local\Temp\ccyofv4j.ltrans12.ltrans.o
                                         0x22 (size before relaxing)
 *fill*         0x00000000000804bf        0x1 00
 .rodata        0x00000000000804c0       0x3c C:\Users\jack\AppData\Local\Temp\ccyofv4j.ltrans13.ltrans.o
                0x00000000000804c0                s_aprIdleStHandleCme.85285
                0x00000000000804d4                s_aprActvStHandleCme.81432
                0x00000000000804f8                gMAC_u8MaxBuffers
 .rodata.str1.1
                0x0000000000000000        0x3 C:\Users\jack\AppData\Local\Temp\ccyofv4j.ltrans14.ltrans.o
 .rodata.str1.1
                0x0000000000000000       0x10 C:\Users\jack\AppData\Local\Temp\ccyofv4j.ltrans15.ltrans.o
                                          0xb (size before relaxing)
 .rodata.str1.1
                0x00000000000804fc       0x12 C:\Users\jack\AppData\Local\Temp\ccyofv4j.ltrans16.ltrans.o
                                         0x2f (size before relaxing)
 .rodata.str1.1
                0x0000000000000000        0x6 C:\Users\jack\AppData\Local\Temp\ccyofv4j.ltrans17.ltrans.o
 .rodata.str1.1
                0x000000000008050e       0x2c C:\Users\jack\AppData\Local\Temp\ccyofv4j.ltrans18.ltrans.o
                                         0x59 (size before relaxing)
 .rodata.str1.1
                0x0000000000000000       0x2c C:\Users\jack\AppData\Local\Temp\ccyofv4j.ltrans19.ltrans.o
                                          0x4 (size before relaxing)
 .rodata        0x000000000008053a        0x6 C:\Users\jack\AppData\Local\Temp\ccyofv4j.ltrans19.ltrans.o
 .rodata.str1.1
                0x0000000000080540       0x38 C:\Users\jack\AppData\Local\Temp\ccyofv4j.ltrans20.ltrans.o
                                         0x55 (size before relaxing)
 .rodata        0x0000000000080578      0x3cc C:\Users\jack\AppData\Local\Temp\ccyofv4j.ltrans20.ltrans.o
                0x0000000000080578                zps_g_pvApl
                0x000000000008057c                pwrm_psWakeupCallbacks
 .rodata.str1.1
                0x0000000000080944        0x5 C:\Users\jack\AppData\Local\Temp\ccyofv4j.ltrans21.ltrans.o
                                         0x13 (size before relaxing)
 *fill*         0x0000000000080949        0x3 00
 .rodata        0x000000000008094c       0x94 C:\Users\jack\AppData\Local\Temp\ccyofv4j.ltrans21.ltrans.o
                0x000000000008094c                zps_pacNwkFrmStdByteFmt
                0x0000000000080950                zps_pacNwkFrmStdLongFmt
                0x0000000000080954                zps_pacNwkFrmStdHalfFmt
 .rodata.str1.1
                0x00000000000809e0        0x7 C:\Users\jack\AppData\Local\Temp\ccyofv4j.ltrans22.ltrans.o
                                         0x16 (size before relaxing)
 .rodata.str1.1
                0x00000000000809e7       0x24 C:\Users\jack\AppData\Local\Temp\ccyofv4j.ltrans23.ltrans.o
                                         0x42 (size before relaxing)
 .rodata.str1.1
                0x0000000000080a0b      0x159 C:\Users\jack\AppData\Local\Temp\ccyofv4j.ltrans24.ltrans.o
                                        0x1b5 (size before relaxing)
 .rodata.str1.1
                0x0000000000000000        0x3 C:\Users\jack\AppData\Local\Temp\ccyofv4j.ltrans26.ltrans.o
 .rodata        0x0000000000080b64       0x4c C:\Users\jack\AppData\Local\Temp\ccyofv4j.ltrans27.ltrans.o
                0x0000000000080b64                g_u32NwkFcSaveCountBitShift
 .rodata.str1.1
                0x0000000000080bb0        0x6 C:\Users\jack\AppData\Local\Temp\ccyofv4j.ltrans28.ltrans.o
 *fill*         0x0000000000080bb6        0x2 00
 .rodata        0x0000000000080bb8      0x120 C:\Users\jack\AppData\Local\Temp\ccyofv4j.ltrans31.ltrans.o

.text           0x0000000000080cd8    0x19c1e
 *(.text*)
 .text          0x0000000000080cd8     0x150c C:\Users\jack\AppData\Local\Temp\ccyofv4j.ltrans0.ltrans.o
                0x0000000000080cd8                APP_TIMER_Version_1v0
                0x0000000000080cd8                vInitialiseApp.3726
 .text          0x00000000000821e4     0x11e0 C:\Users\jack\AppData\Local\Temp\ccyofv4j.ltrans1.ltrans.o
                0x00000000000821e4                os_vAPP_taskCoordinator
 .text          0x00000000000833c4     0x1004 C:\Users\jack\AppData\Local\Temp\ccyofv4j.ltrans2.ltrans.o
                0x00000000000833c4                DBG_vUartFlush
                0x00000000000833f1                DBG_vUartPutch
                0x0000000000083437                vPostTxActions.91405
                0x0000000000083474                vMiniMac_TxComplete
                0x0000000000083649                vMiniMac_NextTransaction
                0x00000000000836b3                vMiniMac_Init
                0x00000000000839c5                eTransmit
                0x0000000000083aa2                iPDM_FilterDuplicateAppendedSegmentsOnList.71157
                0x0000000000083af8                vDispatch.6102
                0x0000000000083bca                OS_eStartSWTimer.constprop.85
                0x0000000000083ce9                OS_eActivateTask.constprop.18
                0x0000000000083d8d                OS_eStopSWTimer
                0x0000000000083eb0                os_vAPP_taskBlinkLED
                0x0000000000083f1c                OS_ePostMessage
                0x0000000000084082                vPostMlmeDcfmInd.24001
                0x000000000008411f                OS_eExitCriticalSection
                0x0000000000084204                PWRM_vWakeInterruptCallback
                0x000000000008428b                PWRM_vManagePower
 .text          0x00000000000843c8      0xc33 C:\Users\jack\AppData\Local\Temp\ccyofv4j.ltrans3.ltrans.o
                0x00000000000843fe                os_vAPP_cbDisableTickTimer
                0x0000000000084442                os_vAPP_cbEnableTickTimer
                0x00000000000844c2                vRetryCcaFailure
                0x0000000000084516                eOrphanNotificationSent.92126
                0x000000000008455f                DBG_vUartInitHardware
                0x000000000008469c                dbg_vPrintfImplNoneVerbose
                0x0000000000084b23                ZPS_bSecDecrypt
                0x0000000000084c35                boPDM_IsBitmapSaturated.70832
                0x0000000000084c7e                iPDM_SearchForBufferIdInList
                0x0000000000084cb3                iPDM_SearchForBufferIdInFileSystem
                0x0000000000084cc6                iPDM_GetLengthOfDataInBufferWithIdFromFileSystem
                0x0000000000084d22                iPDM_SearchForSpecificSegmentInList
                0x0000000000084d54                psGetTxFrameBuffer
                0x0000000000084d90                psGetAndBuildCoordRealignment
                0x0000000000084de8                eBuildAndSend.92134
                0x0000000000084e5d                iPDM_ReadUserDataFromEEPROMsegment
                0x0000000000084edf                iPDM_ReadUserDataFromFileSystemRecord
                0x0000000000084f09                iPDM_ReadUserDataFromSegmentWithId
                0x0000000000084f3e                iPDM_ReCalculateWearCountAndChecksumAndWriteFileSystemHeader
                0x0000000000084f88                vPDM_SetEEPROMandFileSystemValidState
                0x0000000000084faf                vPDM_WriteFileSystemRecordAndSegmentDataIntoEEPROMsegment
                0x0000000000084ff2                MAC_vPibSetRxOnWhenIdle.constprop.73
 .text          0x0000000000084ffb     0x10bb C:\Users\jack\AppData\Local\Temp\ccyofv4j.ltrans4.ltrans.o
                0x0000000000084ffb                DBG_iUartGetChar
                0x000000000008504b                eBasicTxCompleteHandler
                0x0000000000085050                vTxRxTimeout.91313
                0x00000000000850b0                eSmeAcScBeaconInd.83386
                0x000000000008510c                eSmeASFlBeaconInd.83221
                0x000000000008512e                eSmeUDNTScanDcfm.82673
                0x000000000008514a                zps_eNwkHandleSmePollDcfm
                0x0000000000085174                eLeaveDataDcfmRemoteLeave.87912
                0x00000000000851bd                eSmeGenlScanDcfm.83213
                0x000000000008521b                eSmeEdScScanDcfm.83209
                0x00000000000853c2                eSmeAcScBeaconInd.83229
                0x00000000000854ca                eSmeUDNTBeaconInd.83205
                0x00000000000854ed                bAHI_InitialiseEEPROM
                0x0000000000085535                vAHI_ReadDataFromEEPROMregister
                0x0000000000085562                vAHI_WriteDataIntoEEPROMregister
                0x0000000000085592                iPDM_WriteSegmentHeaderDataIntoEEPROMsegment
                0x00000000000855c1                u8AHI_WakeTimerFiredStatus
                0x00000000000855d5                vAHI_WakeTimerStop.part.3.94238
                0x00000000000855f5                vAHI_UartReset.part.4.93992
                0x000000000008562d                vAHI_OptimiseWaitStates
                0x0000000000085679                vAHI_CpuDoze
                0x000000000008568c                vAHI_SwReset
                0x00000000000856bc                vAHI_DioSetPullup
                0x00000000000856dc                vAHI_DioSetOutput
                0x00000000000856f0                vAHI_DioSetDirection
                0x0000000000085704                bIssueACIcommand
                0x000000000008579a                vACI_CmdWaitBusy
                0x00000000000857a7                vEcbEncodeStripe.93452
                0x00000000000857fe                vRadioToOff
                0x000000000008581b                MAC_u64GetExtAddr
                0x0000000000085836                ZPS_u64NwkNibFindExtAddr
                0x00000000000858e1                ZPS_u16NwkNibFindNwkAddr
                0x0000000000085987                psSearchForFrameToSend
                0x00000000000859d5                eMiniMac_FrameInProgress
                0x0000000000085a00                vRemoveFromTxQueue
                0x0000000000085a3c                vAddToTxQueue
                0x0000000000085a72                u8GetHeaderSize
                0x0000000000085a9a                vMiniMac_MLME_SetReq_MinBe
                0x0000000000085ac5                zps_vSendJoinInd
                0x0000000000085b37                zps_psFormatCmdFrameGeneral
                0x0000000000085bc4                zps_eNwkFormStInit
                0x0000000000085bd9                vSendDcfm.83905
                0x0000000000085bff                bCheckMatchingEntry.83381
                0x0000000000085c25                zps_psNwkSlistRemoveFromHead
                0x0000000000085c3c                zps_psNwkSlistRemove
                0x0000000000085c74                zps_bNwkMcpsMgrRemoveDescrFromLists
                0x0000000000085cb2                zps_vNwkSlistAddToTail
                0x0000000000085ccc                ZPS_vNwkSecResetDevice
                0x0000000000085d11                ZPS_bNwkSecHaveNetworkKey
                0x0000000000085d45                ZPS_bNwkSecFindMatSet
                0x0000000000085d81                zps_eNwkRtMatch
                0x0000000000085e9a                zps_eNwkRctMatchNwkAddr
                0x0000000000085f01                ZPS_u8NwkCalcNldeReqOverhead
                0x0000000000085f3c                zps_vRemoveNextHop
                0x0000000000085fd9                zps_vRemoveRoute
                0x0000000000086058                zps_psNwkRtMatchNwkAddr
 .text          0x00000000000860b6      0xc74 C:\Users\jack\AppData\Local\Temp\ccyofv4j.ltrans5.ltrans.o
                0x00000000000860b6                os_u32APP_cbGetTickTimer
                0x00000000000860bf                os_bAPP_cbSetTickTimerCompare
                0x000000000008611b                boIdValueSearchMatch.69943
                0x00000000000863ac                u8ZdoEndDeviceBindServerUnpackApdu
                0x000000000008643c                u8ZdoBindUnbindServerUnpackApdu
                0x000000000008648b                u16PDM_CalculateRecordChecksum
                0x0000000000086536                zps_psNwkMcpsMgrFindPendingByNwkDstAddr
                0x000000000008656c                iPDM_ReadSegmentHeaderDataFromEEPROMsegment
                0x00000000000865c5                vDisplayNT
                0x00000000000865df                ZPS_bIsMacAddressUsedInApsTable
                0x0000000000086629                ZPS_eTsvOpen
                0x0000000000086643                zps_vNwkBttMgrInit
                0x0000000000086671                ZPS_vNwkNibClearTables
                0x0000000000086789                vMicroIntEnableOnly.constprop.84
                0x00000000000867b5                vMiniMac_MLME_SetReq_PanId
                0x00000000000867f2                vMiniMac_MLME_SetReq_ShortAddr
                0x0000000000086800                vAHI_Sleep
                0x00000000000868a8                vACI_OptimisedCcmStar.constprop.29
                0x0000000000086a93                zps_eNwkRtDiscMatch.constprop.26
                0x0000000000086ae6                vTransformKey.isra.0.14814
                0x0000000000086b16                vMiniMac_ReturnTxBufferCallback
                0x0000000000086b28                vEnableReceive.91318
                0x0000000000086b66                vStartReceive
                0x0000000000086b81                pvHeap_Alloc
                0x0000000000086b84                vMicroIntRestoreState
                0x0000000000086b90                vSetChannelAndPower
                0x0000000000086c2e                TSV_eStart
                0x0000000000086c7e                bAHI_WriteEEPROMfixSegmentData
                0x0000000000086cdc                iAHI_WriteDataIntoEEPROMsegment.constprop.67
 .text.unlikely
                0x0000000000086d2a       0xcd C:\Users\jack\AppData\Local\Temp\ccyofv4j.ltrans5.ltrans.o
 .text          0x0000000000086df7      0xc36 C:\Users\jack\AppData\Local\Temp\ccyofv4j.ltrans6.ltrans.o
                0x0000000000086df7                eBeaconReqSent.92130
                0x0000000000086e1e                eSendLinkStatusDataDcfm.73149
                0x0000000000086e2e                vPDM_AddFileSystemElementToListInAscendingWearCountOrder
                0x0000000000086f25                vPDM_MoveAllDataFromListToList
                0x0000000000086f63                vPDM_MoveAllDataToDeAllocList.constprop.79
                0x0000000000086f8e                vPDM_MoveAllDataWithBufferIdAndStateFromListToList
                0x0000000000087019                vPDM_MoveAllDataWithBufferIdFromListToList
                0x000000000008709e                vPDM_DeleteAllSegmentsWithIdFromFileSystemList.constprop.57
                0x00000000000870e0                vPDM_MoveFileRecordFromListToList
                0x00000000000871ef                iPDM_VerifyDataSequenceWithBufferId
                0x0000000000087295                vPDM_MoveRecordToDeAllocList
                0x00000000000872b5                vPDM_DeleteAppendedSequence
                0x0000000000087357                vMiniMac_McpsCallback
                0x000000000008759b                eMcpsTxCompleteHandler.90997
                0x00000000000875c9                vFreePendingReqDescr
                0x000000000008762c                vHandleRouteDiscoveryExpiry.78971
                0x0000000000087687                zps_vSendJoinDcfm
                0x00000000000876cd                vGiveUp.86481
                0x0000000000087705                ZPS_bSecEncrypt
                0x00000000000878bb                zps_u8AplApsConstructAndPostLoopBackDataInd.11887
                0x00000000000879f4                u8PostUnicastMsgToNHLE.11895
 .text          0x0000000000087a2d      0xd95 C:\Users\jack\AppData\Local\Temp\ccyofv4j.ltrans7.ltrans.o
                0x0000000000087ad7                bAplZdoBindUnbindServerProcessApdu
                0x0000000000087dea                vPDM_ImageBitmapRepair.69858
                0x0000000000087e4b                zps_bNwkFindAddIeeeAddr
                0x0000000000087fff                zps_psFindKeyDescr
                0x000000000008812b                zps_eAplSecEncryptPacket
                0x000000000008821d                zps_eNwkHandleSceLinkStatus
                0x0000000000088375                ZPS_bNwkNibAddrMapAddEntry
                0x000000000008853c                zps_vAgeRouter
                0x000000000008857b                zps_vLinkStatusHandleExpiry
                0x00000000000885f5                zps_vCheckActvNtForDuplicate
                0x0000000000088693                eSmeOrphScanDcfm.86926
                0x000000000008870b                eCheckAddrConflict.isra.4.74412
                0x00000000000887a1                zps_vSaveAllZpsRecords
 .text.unlikely
                0x00000000000887c2       0x5c C:\Users\jack\AppData\Local\Temp\ccyofv4j.ltrans7.ltrans.o
                0x00000000000887c2                vInitUnknownNeighbor.75083
 .text          0x000000000008881e      0x964 C:\Users\jack\AppData\Local\Temp\ccyofv4j.ltrans8.ltrans.o
                0x000000000008881e                iPDM_WriteSegmentHeaderAndData
                0x0000000000088a27                iPDM_SegmentCopyAndAppendData.constprop.78
                0x0000000000088a81                iPDM_ReconstructReplacedDataTable
                0x0000000000088c28                iPDM_ReplaceChangedSegmentInSequence
                0x0000000000088e7a                PDM_eSaveRecordData
                0x0000000000089156                ZPS_vNwkSaveRecord
 *fill*         0x0000000000089182        0x2 00
 .text          0x0000000000089184      0xe64 C:\Users\jack\AppData\Local\Temp\ccyofv4j.ltrans9.ltrans.o
                0x0000000000089233                zps_eNwkHandleSmeOrphanInd
                0x0000000000089243                vStartScanTimerExpiry.43350
                0x00000000000894e4                zps_eNwkHandleSceNwkStatus
                0x0000000000089845                zps_eNwkHandleSmeAssocInd
                0x0000000000089867                zps_eNwkHandleSceRejnRequest
                0x00000000000898b6                eTryNextParent
                0x00000000000899f5                eSceRjRsRejoinRsp.87050
                0x0000000000089ab6                vCheckSleepingSendPoll.part.1.87028
                0x0000000000089b20                zps_eProcessAddrConflict
                0x0000000000089ccd                ZPS_vNwkNibCheckAndUpdateAddresses
                0x0000000000089d64                zps_bAplZdoDeviceAnnceServer
 .text          0x0000000000089fe8      0xde0 C:\Users\jack\AppData\Local\Temp\ccyofv4j.ltrans10.ltrans.o
                0x000000000008a19d                vPollTimeout.92336
                0x000000000008a2e8                vSendMlmeCommStatusFromTxFrame
                0x000000000008a33e                MAC_vHandleMlmeVsReqRsp.constprop.80
                0x000000000008a882                vScanBeaconReceived
                0x000000000008a8c2                vRunningRxCallback
                0x000000000008abbf                vPostDcfm.92145
                0x000000000008ac2e                vScanNextChannel.92151
 .text          0x000000000008adc8      0xec1 C:\Users\jack\AppData\Local\Temp\ccyofv4j.ltrans11.ltrans.o
                0x000000000008adc8                vSendNetworkReport.74176
                0x000000000008afb4                zps_eNwkHandleSceRouteRequest
                0x000000000008b3d5                zps_eNwkHandleSceRouteReply
                0x000000000008b662                zps_vNwkHandleCmeLeaveReq
                0x000000000008b730                zps_eNwkHandleSceLeave
                0x000000000008b8c6                zps_psNwkSendRejoinReqCmd.constprop.12
                0x000000000008b92f                zps_u8NwkHandleRejoinReq
                0x000000000008b9e4                vContinueRejoin.85755
                0x000000000008ba93                zps_psSendNetworkStatusCmd
                0x000000000008bb00                zps_eDefaultDataDcfm
 .text          0x000000000008bc89      0xdca C:\Users\jack\AppData\Local\Temp\ccyofv4j.ltrans12.ltrans.o
                0x000000000008bc89                zps_psNwkInitiateRouteDiscovery
                0x000000000008bf55                zps_psSendFrm
                0x000000000008c252                zps_psSendBroadcastFrm.part.0.84549
                0x000000000008c2b0                ZPS_vNwkHandleNldeReqRsp
                0x000000000008c5a2                zps_eAplSendApsmeCmdFrame
                0x000000000008c711                zps_eAplApsmeUpdateDeviceReqRsp.part.4.13431
                0x000000000008c854                zps_eAplApsmeRemoveDeviceReqRsp
                0x000000000008c8c2                zps_vAplApsmeCmdMgrRetryTimeout.13266
                0x000000000008c8eb                zps_eNwkHandleSceRouteRecord
                0x000000000008c9a8                zps_vProcessLocalAddrConflict
 *fill*         0x000000000008ca53        0x1 00
 .text          0x000000000008ca54      0xbe0 C:\Users\jack\AppData\Local\Temp\ccyofv4j.ltrans13.ltrans.o
                0x000000000008ca54                vMiniMac_InterruptHandler
                0x000000000008cdc0                eAssocRespSent.91693
                0x000000000008cddf                zps_vNwkHandleCmeSyncReq
                0x000000000008ce61                zps_vNwkHandleCmeIdleNwkFormReq
                0x000000000008cf09                zps_vNwkHandleCmeNwkDiscReq
                0x000000000008cf83                zps_vNwkHandleCmeEdScanReq
                0x000000000008d0b8                zps_eNwkHandleSmeBeaconNotifyInd
                0x000000000008d13c                zps_eNwkHandleSceNwkReport
                0x000000000008d1ba                zps_vNwkHandleCmeNwkJoinReq
                0x000000000008d431                zps_vNwkHandleCmeNwkActvJoinReq
                0x000000000008d43d                eSmeEdScScanDcfm.83914
                0x000000000008d4cd                vHandleRejoinExpiry.86477
                0x000000000008d52b                zps_eRejoinDataDcfm
                0x000000000008d56f                eSmeRjPCPollDcfm.87082
                0x000000000008d5b0                eSmeAsocAssocDcfm.87086
 .text          0x000000000008d634      0xe8b C:\Users\jack\AppData\Local\Temp\ccyofv4j.ltrans14.ltrans.o
                0x000000000008d634                vPermitJoinHandleExpiry.78241
                0x000000000008d63d                vNwkMcpsTimerCallback
                0x000000000008d657                zps_eSceGenlIllegal
                0x000000000008d65e                zps_eSmeGenlIllegal
                0x000000000008d665                DBG_vUartFailedAssert
                0x000000000008d669                zps_bAplZdoBindRequestServer
                0x000000000008d793                vZdoEndDeviceBindTimeoutSecondMessage
                0x000000000008d7a7                psGetVsMcpsBuf.24005
                0x000000000008d7b0                psGetMlmeBuf.23998
                0x000000000008d7b9                zps_vExpireRequestKeyReq.21327
                0x000000000008d804                psGetNlmeBuf.9283
                0x000000000008d80e                psGetNldeBuf.9304
                0x000000000008d818                psGetApsmeBuf.9290
                0x000000000008d821                psGetApsdeBuf.9297
                0x000000000008d827                vLoopbackTimerCallback
                0x000000000008d856                ZPS_u64NwkNibGetMappedIeeeAddr
                0x000000000008d878                ZPS_bNwkNibNtActvMatch
                0x000000000008d930                bCheckNwkAddr
                0x000000000008d97e                vDisplayAddressMapTable
                0x000000000008d998                zps_eAplTrustCenterFindDevice
                0x000000000008d9dc                ZPS_vSetExtendedStatus
                0x000000000008d9ee                zps_psApsApsAllocateDcfmRecord
                0x000000000008da5c                zps_u8CalcLinkCost
                0x000000000008da98                ZPS_u8NwkNibNtDiscMatch
                0x000000000008db7c                zps_u64NwkLibFromPayload
                0x000000000008dbbb                zps_vNwkLibU64ToPayload
                0x000000000008dbe8                zps_vInitBeaconPayload
                0x000000000008dc64                zps_eNwkDcfmIndPost
                0x000000000008dc87                zps_psNwkDcfmIndGetBuf
                0x000000000008dca9                eRouteRequestDataDcfm.79409
                0x000000000008dcfd                eNldeDataDcfm.77250
                0x000000000008dd2d                zps_vSendNwkStatusInd
                0x000000000008dd5d                DBG_vInit
                0x000000000008dd9f                vPDM_ReadBitmapHeader.70796
                0x000000000008ddbe                psSLISTsearch
                0x000000000008ddfe                psSLISTremove
                0x000000000008de7c                psSLISTgetNext
                0x000000000008dea0                u8PDM_CalculateFileSystemCapacity
                0x000000000008debe                u8PDM_CalculateLargestDataRecordStored
                0x000000000008deef                bPDM_ImageBitmapRepairCheck
                0x000000000008df17                u8PDM_ReadSequenceNumber
                0x000000000008df3a                boSegmentNumberDeleteSearchMatch.70368
                0x000000000008df55                u32PDM_ReadFileSystemHeaderWearCount
                0x000000000008df6b                boSearchForWearCountSubstitute.70690
                0x000000000008df91                boSearchForWearCountInsertPoint.69939
                0x000000000008dfaf                vPDM_WriteFileSystemHeaderWearCount
                0x000000000008dfc1                u8PDM_CalculateSegmentsRequired.part.0.69075
                0x000000000008dfef                RND_u32GetRand256
                0x000000000008e00c                RND_u32GetRand
                0x000000000008e033                u16CalculateFailedTxCount.43354
                0x000000000008e05d                bFindMatch.26644
                0x000000000008e0bb                zps_bAplZdoServerHandleConfirmAcks
                0x000000000008e105                zps_bPerformLeaveActionDecider
                0x000000000008e10a                vHandleUpdateDeviceIndication.18319
                0x000000000008e134                u32GetScanChannels.18306
                0x000000000008e15f                bDuplicateCheck.13551
                0x000000000008e26c                zps_vInitAPSMECmdHdr
                0x000000000008e2a5                bIsBindTableMatch.13274
                0x000000000008e2f6                eRemoveEntryInBindingTable.13302
                0x000000000008e375                zps_vAplApsFillAndPostApsAck
                0x000000000008e3df                zps_u8AplApsFreeMsgHandle
                0x000000000008e449                bCheckProfile.9142
                0x000000000008e487                ZPS_bIsGroupPresent
 .text          0x000000000008e4bf      0xe9e C:\Users\jack\AppData\Local\Temp\ccyofv4j.ltrans15.ltrans.o
                0x000000000008e785                zps_bAplZdoMatchDescServer
                0x000000000008e7d0                zps_bAplZdoNodeDescServer
                0x000000000008e96c                zps_bAplZdoPowerDescServer
                0x000000000008eab9                zps_bAplZdoActiveEpServer
                0x000000000008ebd2                zps_bAplZdoSystemServerDiscoveryServer
                0x000000000008ec8f                zps_bAplZdoMgmtLqiServer
                0x000000000008ef21                zps_bAplZdoIeeeAddrServer
                0x000000000008f0c4                zps_bAplZdoSimpleDescServer
 *fill*         0x000000000008f35d        0x3 00
 .text          0x000000000008f360      0xc58 C:\Users\jack\AppData\Local\Temp\ccyofv4j.ltrans16.ltrans.o
                0x000000000008f360                vApsmeResendTimeOutHandler
                0x000000000008f56e                vPostNldeDcfmInd.9307
 .text          0x000000000008ffb8      0xb70 C:\Users\jack\AppData\Local\Temp\ccyofv4j.ltrans17.ltrans.o
                0x000000000009005e                zps_bAplZdoMgmtLeaveServer
                0x00000000000901d0                zps_bAplZdoPermitJoiningServer
                0x00000000000902ca                vChangeChannelTimerExpiry.43346
                0x000000000009032d                eLeaveReset.87907
                0x0000000000090398                eLeaveDataDcfmLocalLeave.87917
                0x0000000000090412                zps_vAplAfPostEvent
                0x000000000009082c                vPostApsdeDcfmInd.9300
                0x0000000000090a34                zps_vHandleApsdeDataFragIndNotSupported
                0x0000000000090b02                zps_eAplZdoPermitJoining.constprop.64
 .text          0x0000000000090b28      0xc60 C:\Users\jack\AppData\Local\Temp\ccyofv4j.ltrans18.ltrans.o
                0x0000000000090b28                zps_eZdpIeeeAddrResponse
                0x0000000000090c0b                zps_eAplZdpMgmtRtgResponse
                0x0000000000090cd2                zps_eZdpMgmtNwkUpdateNotifyResponse
                0x0000000000090d84                zps_eZdpNodeDescResponse
                0x0000000000090e2c                zps_eZdpPowerDescResponse
                0x0000000000090ec9                zps_eZdpSimpleDescResponse
                0x0000000000090fd6                zps_eZdpActiveEpResponse
                0x000000000009106c                zps_eZdpMatchDescResponse
                0x0000000000091102                zps_eZdpSystemServerDiscoveryResponse
                0x0000000000091171                zps_eAplZdpMgmtLqiResponse
                0x00000000000912d1                os_vAPP_AgeOutChildren
                0x000000000009154d                vZdoEndDeviceBindStateWaitSendWithAck
 .text          0x0000000000091788      0xc8e C:\Users\jack\AppData\Local\Temp\ccyofv4j.ltrans19.ltrans.o
                0x000000000009191b                vZdoEndDeviceBindStateIdle
                0x0000000000091a17                zps_bAplZdoNwkAddrServer
                0x0000000000091bd4                PDUM_eNPduAllocate
                0x0000000000091c43                PDUM_eNPduClone
                0x0000000000091c8f                PDUM_eNPduFree
                0x0000000000091cfc                vPostVsMcpsDcfmInd.24008
                0x0000000000091dbf                zps_vNwkMcpsMgrFreeReqDescr
                0x0000000000091de9                zps_psAllocateAndFormatMacHdr
                0x00000000000920c0                zps_psNwkInitCmdFrame
                0x000000000009213f                eSendLinkStatusDataDcfm.part.1.73145
                0x0000000000092263                zps_vNwkRemoveConflictedBroadcast
                0x00000000000922b5                zps_vNwkMcpsMgrTidyBtrReqDescr
                0x00000000000922f9                vNwkBttTimerExpiry.81478
 .text          0x0000000000092416      0xc0e C:\Users\jack\AppData\Local\Temp\ccyofv4j.ltrans20.ltrans.o
                0x0000000000092416                vZdoBdrmSendNextTimedRequest
                0x0000000000092b34                zps_eZdpNwkAddrResponse
                0x0000000000092c17                AppWarmStart
                0x0000000000092c22                AppColdStart
                0x0000000000092e63                os_vUnclaimedInterrupt
                0x0000000000092e75                os_vControlledIntCheck
                0x0000000000092eba                os_vControlledInterrupt
                0x0000000000092ef3                os_vAPP_isrTickTimer
                0x0000000000092fe3                os_vAPP_isrIllegalInstruction
                0x0000000000092ff0                os_vAPP_isrAlignmentException
                0x0000000000092ffd                os_vAPP_isrBusErrorException
                0x000000000009300a                os_vAPP_isrUnimplementedModuleException
                0x0000000000093017                os_vAPP_isrStackOverflowException
 .text          0x0000000000093024      0xc6c C:\Users\jack\AppData\Local\Temp\ccyofv4j.ltrans21.ltrans.o
                0x0000000000093024                os_vzps_isrMAC
                0x000000000009305b                ZPS_vNwkHandleMcpsVsDcfmInd
 .text          0x0000000000093c90      0xbf8 C:\Users\jack\AppData\Local\Temp\ccyofv4j.ltrans22.ltrans.o
                0x0000000000093c90                vMcpsMgrExpiry.75071
                0x0000000000093cef                zps_vNwkHandleCmeRouteDiscoveryReq
                0x0000000000093d75                vMiniMac_MlmeCallback
                0x000000000009407a                vMiniMacPoll_CheckPollResponse
                0x00000000000940cc                ePollReqSent.92338
                0x0000000000094117                ZPS_vNwkResetOutgoingFrameCounter
                0x000000000009416b                zps_vAplTrustCenterInit
                0x000000000009423a                eUnfragmentedUnicastTransmission.11870
                0x0000000000094594                zps_eAplApsmeTransportKeyReqRsp.constprop.8
                0x0000000000094717                zps_vAplTrustCenterRequestKey
 .text          0x0000000000094888      0xa22 C:\Users\jack\AppData\Local\Temp\ccyofv4j.ltrans23.ltrans.o
                0x0000000000094888                ZPS_vAplHandleApsdeReqRsp
                0x0000000000094ca8                zps_eAplZdpApsdeReqInternal
                0x0000000000094e1f                zps_bAplZdoZdoClient
                0x0000000000094f2f                zps_bAplZdoDefaultServer
                0x0000000000095205                zps_eZdpEndDeviceBindResponse
                0x0000000000095226                zps_eAplZdpBindResponse
                0x0000000000095247                zps_eZdpUnbindResponse
                0x0000000000095268                zps_eZdpMgmtLeaveResponse
                0x0000000000095289                zps_eZdpMgmtPermitJoiningResponse
 .text          0x00000000000952aa      0xce0 C:\Users\jack\AppData\Local\Temp\ccyofv4j.ltrans24.ltrans.o
                0x00000000000952aa                vfExtendedStatusCallBack.3723
                0x00000000000952b6                OS_eEnterCriticalSection
                0x000000000009537e                PDUM_hAPduAllocateAPduInstance
                0x00000000000953f2                zps_eAplZdoSendZdpResponse
                0x000000000009543b                bSendResponse.42168
                0x000000000009547e                PDUM_eAPduFreeAPduInstance
                0x0000000000095501                zps_bAplZdoMgmtRtgServer
                0x000000000009567a                os_vAPP_taskMyEndPoint
                0x000000000009570f                vReset_StateMachine.26687
                0x0000000000095753                vZdoServersInit.2787
                0x000000000009590f                zps_bAplZdoEndDeviceBindServer
                0x00000000000959c7                PDM_eReadDataFromRecord.part.0.69193
                0x0000000000095a4a                vLoadNwkRecord.76035
                0x0000000000095a88                vLoadAplRecord.18346
                0x0000000000095abc                ZPS_eTsvStart
                0x0000000000095b17                zps_eNwkHandleSceNwkUpdate
                0x0000000000095b3b                vProcessTimedList.75092
                0x0000000000095b81                zps_vNwkMcpsMgrPostTimed
                0x0000000000095b94                vNwkMcpsSendTimedDfcm
                0x0000000000095bd8                zps_vAplAfPostTimerEvent
                0x0000000000095c4f                zps_vExpireOldRoutes
                0x0000000000095cc9                zps_vNwkJoinStStartResponseTimer
                0x0000000000095d03                ZPS_eTsvStop
                0x0000000000095d57                zps_vNwkHandleCmePermitJoinReq
                0x0000000000095dbf                zps_eNwkBtrMatch
                0x0000000000095eb4                zps_vAplApsStopPollTimer.part.2.11776
                0x0000000000095f3b                DBG_vDumpStack
                0x0000000000095f7d                vUnclaimedInterrupt
 *fill*         0x0000000000095f8a        0x2 00
 .text          0x0000000000095f8c      0xa30 C:\Users\jack\AppData\Local\Temp\ccyofv4j.ltrans25.ltrans.o
                0x0000000000095f8c                zps_vAplApsPollTimer
                0x0000000000095fee                vAplSecAuthPollTimerExpiry.18296
                0x0000000000096156                zps_vAplTrustCenterUpdateDevice
                0x00000000000962bd                vAplSecAuthTimerExpiry.18300
                0x000000000009638d                eRejoinNetwork.18333.constprop.63
                0x0000000000096429                eStartNetworkDiscovery.18373
                0x0000000000096493                zps_eAplZdoStartStack
                0x000000000009659b                eStartRouter.18383
                0x000000000009666a                vPostApsmeDcfmInd.9293
 .text          0x00000000000969bc      0xa86 C:\Users\jack\AppData\Local\Temp\ccyofv4j.ltrans26.ltrans.o
                0x00000000000969bc                vIncrementFrameCounterInPdm.isra.0.76467
                0x0000000000096b98                vProcessListsForSubmission.75183
                0x0000000000096f0d                zps_vNwkMcpsMgrPost
                0x0000000000096f31                zps_psNwkSendLeaveCmd
                0x0000000000096f99                zps_psNwkPropagateLocalLeave
                0x0000000000096fc1                zps_eNwkHandleSdeActvDcfmData
                0x00000000000970ad                vMcpsMgrTimeoutExpiry
                0x0000000000097120                zps_sNwkNibNtCheckJoin
                0x00000000000973c3                zps_vNwkHandleCmeDirectJoinReq
 .text          0x0000000000097442      0xb03 C:\Users\jack\AppData\Local\Temp\ccyofv4j.ltrans27.ltrans.o
                0x000000000009749a                zps_vNwkHandleCmeActvStartRouterReq
                0x00000000000975cf                vHandleNwkLocalUpdateAfterBcast.74193
                0x0000000000097623                vHandleNwkRemoteUpdateAfterBcast.74184
                0x0000000000097676                eSmeAcScScanDcfm.83909
                0x0000000000097944                ZPS_pvNwkCtor.constprop.71
                0x0000000000097ec8                ZPS_vNwkHandleNlmeReqRsp
 .text          0x0000000000097f45      0xa3c C:\Users\jack\AppData\Local\Temp\ccyofv4j.ltrans28.ltrans.o
                0x0000000000097f45                zps_vAplSaveRecord
                0x0000000000097fdf                vAplSecRemoveLinkKey.18411
                0x000000000009805b                ZPS_vRemoveEntryFromAddressMap
                0x00000000000980a4                ZPS_vNwkSaveAllRecords
                0x00000000000980bb                ZPS_vNwkNibSetNwkAddr
                0x00000000000980da                zps_eNwkHandleSceRejnResponse
                0x0000000000098137                ZPS_vNwkNibSetExtPanId
                0x000000000009815c                ZPS_vNwkNibSetKeySeqNum
                0x0000000000098171                ZPS_vNwkNibSetDepth
                0x000000000009817b                ZPS_vNwkNibSetUpdateId
                0x000000000009818b                vSendNetworkUpdate.74180
                0x00000000000982ba                ZPS_vNwkNibSetPanId
                0x00000000000982d9                ZPS_vNwkNibSetCapabilityInfo
                0x0000000000098307                ZPS_vNwkNibSetChannel
                0x0000000000098326                ZPS_vNwkSaveNt
                0x0000000000098441                ZPS_vNtSetUsedStatus
                0x00000000000984e8                zps_vJoinInitNtParent
                0x00000000000985ac                zps_vBuildSortedActvNTList
                0x000000000009866a                vFinish.86916
                0x00000000000986c0                zps_vCleanUnAuthenHandleExpiry
                0x00000000000987be                eUnsolicitedRejoinRspDataDcfm.74188
                0x00000000000987e9                eRejoinRspDataDcfm.85759
                0x00000000000988b8                zps_eNwkHandleSmeCommStatusInd
                0x000000000009896c                ZPS_vNwkSaveSecMat
 .text          0x0000000000098981      0xb26 C:\Users\jack\AppData\Local\Temp\ccyofv4j.ltrans29.ltrans.o
                0x0000000000098a94                os_bDummyMemberCheck.6112
                0x0000000000098a99                os_vDefaultErrorHook.6108
                0x0000000000098a9c                os_bStrictCheck.1358
                0x0000000000098c4f                pdum_u16ReadNBO
                0x0000000000098db0                PDUM_u16SizeNBO
                0x0000000000098e0e                PDUM_u16APduInstanceWriteStrNBO
                0x0000000000098f8d                PDUM_u16APduInstanceReadNBO
                0x0000000000098fd8                PDUM_u16APduInstanceWriteNBO
                0x0000000000099042                PDUM_eAPduInstanceSetPayloadSize
                0x000000000009906a                PDUM_eNPduWriteDataFromBuffer
                0x00000000000990c4                PDUM_eNPduWriteDataToBuffer
                0x0000000000099122                PDUM_eNPduWriteFromBuffer
                0x000000000009914b                PDUM_eNPduDescend
                0x0000000000099171                PDUM_eNPduAscend
                0x0000000000099197                PDUM_eNPduClaimData
                0x0000000000099204                PDUM_eNPduAppendDataNBO
                0x0000000000099261                PDUM_eNPduClaimHeader
                0x0000000000099284                PDUM_eNPduReadHeaderNBO
                0x00000000000992d7                PDUM_eNPduPrependHeaderNBO
                0x0000000000099332                PDUM_eNPduInitDescending
                0x000000000009934d                eExpireSWTimer.6121
                0x00000000000993b8                vEnterErrorHook.6104
                0x00000000000993df                OS_eCollectMessage
                0x00000000000994a4                vOSError
 *fill*         0x00000000000994a7        0x1 00
 .text          0x00000000000994a8      0x7c0 C:\Users\jack\AppData\Local\Temp\ccyofv4j.ltrans30.ltrans.o
                0x00000000000994a8                vPostNlmeDcfmInd.9286
 .text          0x0000000000099c68      0x1c4 C:\Users\jack\AppData\Local\Temp\ccyofv4j.ltrans31.ltrans.o
                0x0000000000099c68                os_vzps_taskZPS
 .text          0x0000000000099e2c       0x25 c:/nxp/bstudio_nxp/sdk/tools/ba-elf-ba2-r36379/bin/../lib/gcc/ba-elf/4.7.4/../../../../ba-elf/lib/mcpu_jn51xx_sizeopt\libc.a(lib_a-memcmp.o)
                0x0000000000099e2c                memcmp
 .text          0x0000000000099e51       0x19 c:/nxp/bstudio_nxp/sdk/tools/ba-elf-ba2-r36379/bin/../lib/gcc/ba-elf/4.7.4/../../../../ba-elf/lib/mcpu_jn51xx_sizeopt\libc.a(lib_a-memcpy.o)
 .text          0x0000000000099e6a       0x12 c:/nxp/bstudio_nxp/sdk/tools/ba-elf-ba2-r36379/bin/../lib/gcc/ba-elf/4.7.4/../../../../ba-elf/lib/mcpu_jn51xx_sizeopt\libc.a(lib_a-memset.o)
                0x0000000000099e6a                memset
 *fill*         0x0000000000099e7c        0x0 00
 .text          0x0000000000099e7c      0x204 c:/nxp/bstudio_nxp/sdk/tools/ba-elf-ba2-r36379/bin/../lib/gcc/ba-elf/4.7.4/mcpu_jn51xx_sizeopt\libgcc.a(__udivsi3.o)
                0x0000000000099e7c                __udivsi3
 .text          0x000000000009a080      0x1b0 c:/nxp/bstudio_nxp/sdk/tools/ba-elf-ba2-r36379/bin/../lib/gcc/ba-elf/4.7.4/mcpu_jn51xx_sizeopt\libgcc.a(__umodsi3.o)
                0x000000000009a080                __umodsi3
 .text          0x000000000009a230       0x24 c:/nxp/bstudio_nxp/sdk/tools/ba-elf-ba2-r36379/bin/../lib/gcc/ba-elf/4.7.4/mcpu_jn51xx_sizeopt\libgcc.a(__modsi3.o)
                0x000000000009a230                __modsi3
 .text          0x000000000009a254      0x350 c:/nxp/bstudio_nxp/sdk/tools/ba-elf-ba2-r36379/bin/../lib/gcc/ba-elf/4.7.4/mcpu_jn51xx_sizeopt\libgcc.a(_udivdi3.o)
                0x000000000009a254                __udivdi3
 *fill*         0x000000000009a5a4        0x4 00
 .text          0x000000000009a5a8      0x138 os_irq.o
                0x000000000009a5a8                os_ExternalException_W
                0x000000000009a5ec                os_PIC_ChannelPriorities
                0x000000000009a5fc                os_OSMIUM_HwVectTable
                0x000000000009a638                os_PIC_SwVectTable
 .text          0x000000000009a6e0       0x29 os_irq_alignment.o
                0x000000000009a6e0                IRQ_Alignment
 .text          0x000000000009a709       0x29 os_irq_buserror.o
                0x000000000009a709                IRQ_BusError
 .text          0x000000000009a732       0x29 os_irq_illegalinstruction.o
                0x000000000009a732                IRQ_IllegalInstruction
 .text          0x000000000009a75b       0x29 os_irq_stackoverflowexception.o
                0x000000000009a75b                IRQ_StackOverflowException
 .text          0x000000000009a784       0x29 os_irq_unimplementedmodule.o
                0x000000000009a784                IRQ_UnimplementedModule
 *fill*         0x000000000009a7ad        0x3 00
 .text          0x000000000009a7b0       0xc0 c:/NXP/bstudio_nxp/sdk/JN-SW-4168/Components/Library\libOS_JN516x.a(os_contirq_JN516x.o)
                0x000000000009a7b0                os_ExternalException_R
                0x000000000009a7e0                os_CFunc_W
                0x000000000009a830                os_UnclaimedException_W
                0x000000000009a850                os_UnclaimedInterrupt_W
 .text          0x000000000009a870       0x48 c:/NXP/bstudio_nxp/sdk/JN-SW-4168/Components/Library\libPWRM_JN516x.a(pwrm_setjmp_JN516x.o)
                0x000000000009a870                setjmp
                0x000000000009a894                PWRM_longjmp
 .text          0x000000000009a8b8       0x27 c:/NXP/bstudio_nxp/sdk/JN-SW-4168/Components/Library\libHardwareApi_JN516x.a(AHI_Interrupt.o)
                0x000000000009a8b8                vAHI_InterruptSetPriority
                0x000000000009a8d6                vAHI_InterruptSetActivePriorityLevel
 .text.vMicroSyscall
                0x000000000009a8df       0x17 c:/NXP/bstudio_nxp/sdk/JN-SW-4168/Components/Library\libMicroSpecific_JN516x.a(MicroSyscall_ba.o)
                0x000000000009a8df                vMicroSyscall
 .text          0x000000000009a8f6        0x0 c:/NXP/bstudio_nxp/sdk/JN-SW-4168/Components/Library\libOS_JN516x.a(os_version_lc.o)
                0x000000000009a8f6                OS_Version_1v2
 .text          0x000000000009a8f6        0x0 c:/NXP/bstudio_nxp/sdk/JN-SW-4168/Components/Library\libZPSAPL_JN516x.a(zps_apl_version_lc.o)
                0x000000000009a8f6                ZPS_APL_Version_2v0
 .text          0x000000000009a8f6        0x0 c:/NXP/bstudio_nxp/sdk/JN-SW-4168/Components/Library\libZPSNWK_JN516x.a(zps_nwk_version_lc.o)
                0x000000000009a8f6                ZPS_NWK_Version_2v0
                0x000000000009a8f6                _flash_end = ABSOLUTE (.)

.rela.dyn       0x000000000009a8f8        0x0
 .rela.text     0x0000000000000000        0x0 os_irq.o
 .rela.data     0x0000000000000000        0x0 os_irq.o
 .rela.rodata   0x0000000000000000        0x0 os_irq.o
                0x000000000400004c                . = ORIGIN (ram)

.data           0x000000000400004c      0x6b4 load address 0x000000000009a8f8
                0x000000000400004c                _ram_data_start = ABSOLUTE (.)
 *(.data*)
 .data          0x000000000400004c       0x11 C:\Users\jack\AppData\Local\Temp\ccyofv4j.ltrans0.ltrans.o
                0x000000000400004c                u8MiniMacConfig_MaxConcurrentAssocResponses
 .data          0x000000000400005d        0x1 C:\Users\jack\AppData\Local\Temp\ccyofv4j.ltrans3.ltrans.o
 *fill*         0x000000000400005e        0x2 00
 .data          0x0000000004000060        0x4 C:\Users\jack\AppData\Local\Temp\ccyofv4j.ltrans5.ltrans.o
                0x0000000004000060                u32HeapStart
 .data          0x0000000004000064        0xc C:\Users\jack\AppData\Local\Temp\ccyofv4j.ltrans6.ltrans.o
                0x0000000004000064                bCanLoopback.12116
 .data          0x0000000004000070        0xa C:\Users\jack\AppData\Local\Temp\ccyofv4j.ltrans18.ltrans.o
                0x0000000004000070                u16ActiveEDAddress.5226
 *fill*         0x000000000400007a        0x6 00
 .data          0x0000000004000080      0x5b8 C:\Users\jack\AppData\Local\Temp\ccyofv4j.ltrans20.ltrans.o
                0x0000000004000080                os_Mutex_mutexMAC
                0x0000000004000088                os_Mutex_mutexZPS
                0x0000000004000090                s_sApl.2846
                0x00000000040001dc                os_Message_APP_msgMyEndPointEvents
                0x0000000004000200                os_Message_APP_msgZpsEvents
                0x0000000004000224                os_SWTimer_APP_cntrTickTimer_App_tmr1sec
                0x0000000004000240                os_SWTimer_APP_cntrTickTimer_APP_AgeOutChildrenTmr
                0x000000000400025c                os_SWTimer_APP_cntrTickTimer_APP_tmrLEDBlinkTimer
                0x0000000004000278                os_Message_zps_msgMlmeDcfmInd
                0x000000000400029c                os_Message_zps_msgTimeEvents
                0x00000000040002c0                os_Message_zps_msgMcpsDcfmInd
                0x00000000040002e4                os_Task_APP_taskMyEndPoint
                0x00000000040002f0                os_Task_APP_taskCoordinator
                0x00000000040002fc                os_Task_APP_AgeOutChildren
                0x0000000004000308                os_Task_zps_taskZPS
                0x0000000004000314                u8AhiBaudRate.71343
                0x0000000004000318                s_prbMemberCheck.6228
                0x000000000400031c                s_prvErrorHook.6226
 .data          0x0000000004000638       0xac C:\Users\jack\AppData\Local\Temp\ccyofv4j.ltrans29.ltrans.o
                0x0000000004000638                s_asapduZCLInstances
                0x00000000040006b0                s_asapduZDPInstances
 .data          0x00000000040006e4        0x1 C:\Users\jack\AppData\Local\Temp\ccyofv4j.ltrans31.ltrans.o
 *fill*         0x00000000040006e5        0x3 00
 .data.s_asAPduPool
                0x00000000040006e8       0x18 pdum_apdu.o
                0x00000000040006e8                pdum_apduZDP
                0x00000000040006e8                s_asAPduPool
                0x00000000040006f4                pdum_apduZCL
 *(.data.*)
                0x0000000004000700                . = ALIGN (0x4)
                0x0000000004000700                _ram_data_end = ABSOLUTE (.)

.bss            0x0000000004000700     0x3174 load address 0x000000000009afac
                0x0000000004000700                _bss_start = ABSOLUTE (.)
 *(.bss*)
 .bss           0x0000000004000700      0xe4c C:\Users\jack\AppData\Local\Temp\ccyofv4j.ltrans0.ltrans.o
                0x0000000004000700                psNextWake.6299
                0x0000000004000704                s_bWakeTimerActive.6300
                0x0000000004000705                s_ePowerMode.6301
                0x0000000004000706                gu16NumberOfSegments.94598
                0x0000000004000708                pfExtendedStatusCallBack.73705
                0x000000000400070c                u8MaxNpdu.6502
                0x000000000400070d                u8Count.6501
                0x0000000004000710                s_psNPduPoolEnd.6504
                0x0000000004000714                s_psNPduPoolStart.6503
                0x0000000004000718                s_psFreeListHead.6500
                0x000000000400071c                s_hMutex.6499
                0x0000000004000720                s_hMutex.6619
                0x0000000004000724                s_u32x.68965
                0x0000000004000728                s_hMutex.95590
                0x000000000400072c                psShadowRxBuffer
                0x0000000004000730                pvRxStore
                0x0000000004000734                pvTxStore
                0x0000000004000738                g_pvAplHandle
                0x000000000400073c                s_hMacMutex
                0x0000000004000740                s_sDcfmIndMgr.95355
                0x0000000004000748                prAppMlmeGetBuffer
                0x000000000400074c                prAppMlmeCallback
                0x0000000004000750                psFreeMsgListHead
                0x0000000004000754                psActiveMsgListHead
                0x0000000004000758                u8MiniMac_RunTimeOptions
                0x000000000400075c                psPDM_Common
                0x0000000004000760                s_groupTablePdmStorage.2996
 .bss           0x000000000400154c        0x1 C:\Users\jack\AppData\Local\Temp\ccyofv4j.ltrans1.ltrans.o
                0x000000000400154c                s_eDeviceState.4057
 *fill*         0x000000000400154d        0x3 00
 .bss           0x0000000004001550       0x10 C:\Users\jack\AppData\Local\Temp\ccyofv4j.ltrans2.ltrans.o
                0x0000000004001550                eMMacModuleType
 .bss.initinboot
                0x0000000004001560        0x1 C:\Users\jack\AppData\Local\Temp\ccyofv4j.ltrans2.ltrans.o
 *fill*         0x0000000004001561        0x3 00
 .bss           0x0000000004001564       0x10 C:\Users\jack\AppData\Local\Temp\ccyofv4j.ltrans3.ltrans.o
                0x0000000004001564                vFlushFn.71287
                0x0000000004001568                vPutchFn.71282
 .bss           0x0000000004001574        0x8 C:\Users\jack\AppData\Local\Temp\ccyofv4j.ltrans4.ltrans.o
 .bss           0x000000000400157c        0x1 C:\Users\jack\AppData\Local\Temp\ccyofv4j.ltrans5.ltrans.o
                0x000000000400157c                u8EEPROMinitialiseCount.94599
 *fill*         0x000000000400157d        0x3 00
 .bss           0x0000000004001580       0x34 C:\Users\jack\AppData\Local\Temp\ccyofv4j.ltrans6.ltrans.o
 .bss           0x00000000040015b4        0x1 C:\Users\jack\AppData\Local\Temp\ccyofv4j.ltrans7.ltrans.o
 *fill*         0x00000000040015b5        0x1 00
 .bss           0x00000000040015b6        0xc C:\Users\jack\AppData\Local\Temp\ccyofv4j.ltrans8.ltrans.o
                0x00000000040015b6                a16NwkPdmRecordSizes
 .bss           0x00000000040015c2        0x1 C:\Users\jack\AppData\Local\Temp\ccyofv4j.ltrans10.ltrans.o
                0x00000000040015c2                u8ScanBeaconsSeen.95394
 .bss           0x00000000040015c3        0x1 C:\Users\jack\AppData\Local\Temp\ccyofv4j.ltrans11.ltrans.o
 *fill*         0x00000000040015c4        0x4 00
 .bss           0x00000000040015c8       0x40 C:\Users\jack\AppData\Local\Temp\ccyofv4j.ltrans12.ltrans.o
 .bss           0x0000000004001608       0x9c C:\Users\jack\AppData\Local\Temp\ccyofv4j.ltrans13.ltrans.o
                0x0000000004001608                sMiniMacPhyPib
                0x000000000400160c                s_prExpireFn.95591
                0x0000000004001610                psTimerServerList
                0x0000000004001614                aprTimerCallback
                0x0000000004001634                au32TimerCounter
                0x0000000004001654                sMiniMacInternal
 .bss           0x00000000040016a4       0x40 C:\Users\jack\AppData\Local\Temp\ccyofv4j.ltrans14.ltrans.o
 .bss           0x00000000040016e4        0x2 C:\Users\jack\AppData\Local\Temp\ccyofv4j.ltrans18.ltrans.o
 *fill*         0x00000000040016e6        0x2 00
 .bss           0x00000000040016e8        0x4 C:\Users\jack\AppData\Local\Temp\ccyofv4j.ltrans19.ltrans.o
 *fill*         0x00000000040016ec        0x4 00
 .bss           0x00000000040016f0     0x1ba0 C:\Users\jack\AppData\Local\Temp\ccyofv4j.ltrans20.ltrans.o
                0x00000000040016f0                s_sDefaultServerContext.2908
                0x00000000040016f8                s_sEndDeviceBindServerContext.2839
                0x0000000004001738                s_sMgmtRtgServerContext.2840
                0x0000000004001740                s_sPermitJoiningServerContext.2841
                0x0000000004001748                s_sBindRequestServerContext.2842
                0x0000000004001788                s_sBindUnbindServerContext.2844
                0x00000000040017c8                s_sMgmtNWKUpdateServerContext.2845
                0x0000000004001808                s_sMgmtLeaveServerContext.2907
                0x0000000004001830                s_sMgmtLqiServerContext.2906
                0x0000000004001838                s_sSimpleDescServerContext.2905
                0x0000000004001840                s_sMatchDescServerContext.2904
                0x0000000004001848                s_sPowerDescServerContext.2903
                0x0000000004001850                s_sNodeDescServerContext.2902
                0x0000000004001858                s_sSystemServerDiscoveryServerContext.2901
                0x0000000004001860                s_sIeeeAddrServerContext.2900
                0x0000000004001868                s_sNwkAddrServerContext.2899
                0x0000000004001870                s_sActiveEpServerContext.2898
                0x0000000004001878                s_sDeviceAnnceServerContext.2897
                0x0000000004001878                s_sZdoClientContext.2896
                0x0000000004001880                sMiniMacPib
                0x000000000400191c                bDefaultServerIgnoreHandleMgmtUpdate
                0x0000000004001920                bBindLookup
                0x0000000004001924                psBindUnbindServerContext
                0x0000000004001928                s_asAPduPool.6618
                0x000000000400192c                s_u32LastExpiredTime.3697
                0x0000000004001930                s_u32CompareTime.3696
                0x0000000004001934                s_prvCurrentISR.6229
                0x0000000004001938                u8AhiUart.71342
                0x000000000400193c                s_u32CurrentPriorityMask.6221
                0x0000000004001940                s_u8OSLevelIPL.6225
                0x0000000004001944                s_asTasks.6224
                0x0000000004001948                s_u32PendingQueue.6223
                0x000000000400194c                pwrm_CPUContext
 .bss           0x0000000004003290       0x30 C:\Users\jack\AppData\Local\Temp\ccyofv4j.ltrans21.ltrans.o
                0x0000000004003290                s_psVsMcpsDcfmInd.25304
                0x0000000004003294                s_psMacDcfmInd.25303
                0x0000000004003298                bCheckChild
 .bss           0x00000000040032c0        0x8 C:\Users\jack\AppData\Local\Temp\ccyofv4j.ltrans22.ltrans.o
 .bss           0x00000000040032c8        0x2 C:\Users\jack\AppData\Local\Temp\ccyofv4j.ltrans23.ltrans.o
                0x00000000040032c8                s_u16ActivityCounter
 *fill*         0x00000000040032ca        0x2 00
 .bss           0x00000000040032cc       0x14 C:\Users\jack\AppData\Local\Temp\ccyofv4j.ltrans24.ltrans.o
                0x00000000040032cc                s_psCurrentTask.6222
 .bss           0x00000000040032e0        0x1 C:\Users\jack\AppData\Local\Temp\ccyofv4j.ltrans26.ltrans.o
                0x00000000040032e0                bIgnoreBroadcast
 *fill*         0x00000000040032e1        0x3 00
 .bss           0x00000000040032e4        0xc C:\Users\jack\AppData\Local\Temp\ccyofv4j.ltrans27.ltrans.o
                0x00000000040032e4                sThisDeviceMacAddr
 .bss           0x00000000040032f0       0x24 C:\Users\jack\AppData\Local\Temp\ccyofv4j.ltrans28.ltrans.o
                0x00000000040032f0                apvAplPdmRecordsAddress
                0x0000000004003308                au16AplPdmRecordsSize
 .bss           0x0000000004003314      0x51c C:\Users\jack\AppData\Local\Temp\ccyofv4j.ltrans29.ltrans.o
 .bss           0x0000000004003830        0x4 C:\Users\jack\AppData\Local\Temp\ccyofv4j.ltrans31.ltrans.o
                0x0000000004003830                u32DataQueueCount
 .bss.dontinitinboot
                0x0000000004003834       0x40 c:/NXP/bstudio_nxp/sdk/JN-SW-4168/Components/Library\libBoot_JN516x.a(ExceptionHandler.o)
                0x0000000004003834                isr_handlers
 *(.bss.*)
 *(.scommon*)
 *(.scommon.*)
 *(COMMON)
                0x0000000004003874                . = ALIGN (0x4)
                0x0000000004003874                _bss_end = ABSOLUTE (.)

.heap           0x0000000004003874      0x7d0 load address 0x000000000009e120
                0x0000000004003874                _heap_start = ABSOLUTE (.)
                0x0000000004004044                . = (. + __minimum_heap_size)
 *fill*         0x0000000004003874      0x7d0 00

.stack          0x0000000004006c78     0x1388 load address 0x00000000000a1524
                0x0000000004006c78                _heap_end = ABSOLUTE (.)
                0x0000000004006c78                _stack_low_water_mark = ABSOLUTE (.)
                0x0000000004008000                . = (. + __stack_size)
 *fill*         0x0000000004006c78     0x1388 00

.test           0x000000000009afac        0x1
                0x000000000009afac        0x1 BYTE 0xff
                0x000000000009a8f8                _flash_data_start = LOADADDR (.data)
                0x00000000000006b4                _ram_data_len = (((_ram_data_end - _ram_data_start) + 0x3) & 0xfffffffffffffffc)
                0x0000000000003174                _bss_len = (((_bss_end - _bss_start) + 0x3) & 0xfffffffffffffffc)
                0x000000000001afac                _image_len = ((((_flash_end - _flash_start) + _ram_data_len) + 0x3) & 0xfffffffffffffffc)
                0x0000000004008000                _ram_top = (ABSOLUTE (ORIGIN (ram)) + 0x7fb4)
                0x0000000004008000                ram_top = (ABSOLUTE (ORIGIN (ram)) + 0x7fb4)
                0x0000000001001580                _app_ram_start = 0x1001580
                0x0000000004000060                PROVIDE (_heap_location, u32HeapStart)
                0x0000000004000060                PROVIDE (heap_location, u32HeapStart)
OUTPUT(Coordinator_JN5168.elf elf32-ba)

.comment        0x0000000000000000       0x11
 .comment       0x0000000000000000       0x12 C:\Users\jack\AppData\Local\Temp\ccyofv4j.ltrans0.ltrans.o
 .comment       0x0000000000000000       0x12 C:\Users\jack\AppData\Local\Temp\ccyofv4j.ltrans1.ltrans.o
 .comment       0x0000000000000000       0x12 C:\Users\jack\AppData\Local\Temp\ccyofv4j.ltrans2.ltrans.o
 .comment       0x0000000000000000       0x12 C:\Users\jack\AppData\Local\Temp\ccyofv4j.ltrans3.ltrans.o
 .comment       0x0000000000000000       0x12 C:\Users\jack\AppData\Local\Temp\ccyofv4j.ltrans4.ltrans.o
 .comment       0x0000000000000000       0x12 C:\Users\jack\AppData\Local\Temp\ccyofv4j.ltrans5.ltrans.o
 .comment       0x0000000000000000       0x12 C:\Users\jack\AppData\Local\Temp\ccyofv4j.ltrans6.ltrans.o
 .comment       0x0000000000000000       0x12 C:\Users\jack\AppData\Local\Temp\ccyofv4j.ltrans7.ltrans.o
 .comment       0x0000000000000000       0x12 C:\Users\jack\AppData\Local\Temp\ccyofv4j.ltrans8.ltrans.o
 .comment       0x0000000000000000       0x12 C:\Users\jack\AppData\Local\Temp\ccyofv4j.ltrans9.ltrans.o
 .comment       0x0000000000000000       0x12 C:\Users\jack\AppData\Local\Temp\ccyofv4j.ltrans10.ltrans.o
 .comment       0x0000000000000000       0x12 C:\Users\jack\AppData\Local\Temp\ccyofv4j.ltrans11.ltrans.o
 .comment       0x0000000000000000       0x12 C:\Users\jack\AppData\Local\Temp\ccyofv4j.ltrans12.ltrans.o
 .comment       0x0000000000000000       0x12 C:\Users\jack\AppData\Local\Temp\ccyofv4j.ltrans13.ltrans.o
 .comment       0x0000000000000000       0x12 C:\Users\jack\AppData\Local\Temp\ccyofv4j.ltrans14.ltrans.o
 .comment       0x0000000000000000       0x12 C:\Users\jack\AppData\Local\Temp\ccyofv4j.ltrans15.ltrans.o
 .comment       0x0000000000000000       0x12 C:\Users\jack\AppData\Local\Temp\ccyofv4j.ltrans16.ltrans.o
 .comment       0x0000000000000000       0x12 C:\Users\jack\AppData\Local\Temp\ccyofv4j.ltrans17.ltrans.o
 .comment       0x0000000000000000       0x12 C:\Users\jack\AppData\Local\Temp\ccyofv4j.ltrans18.ltrans.o
 .comment       0x0000000000000000       0x12 C:\Users\jack\AppData\Local\Temp\ccyofv4j.ltrans19.ltrans.o
 .comment       0x0000000000000000       0x12 C:\Users\jack\AppData\Local\Temp\ccyofv4j.ltrans20.ltrans.o
 .comment       0x0000000000000000       0x12 C:\Users\jack\AppData\Local\Temp\ccyofv4j.ltrans21.ltrans.o
 .comment       0x0000000000000000       0x12 C:\Users\jack\AppData\Local\Temp\ccyofv4j.ltrans22.ltrans.o
 .comment       0x0000000000000000       0x12 C:\Users\jack\AppData\Local\Temp\ccyofv4j.ltrans23.ltrans.o
 .comment       0x0000000000000000       0x12 C:\Users\jack\AppData\Local\Temp\ccyofv4j.ltrans24.ltrans.o
 .comment       0x0000000000000000       0x12 C:\Users\jack\AppData\Local\Temp\ccyofv4j.ltrans25.ltrans.o
 .comment       0x0000000000000000       0x12 C:\Users\jack\AppData\Local\Temp\ccyofv4j.ltrans26.ltrans.o
 .comment       0x0000000000000000       0x12 C:\Users\jack\AppData\Local\Temp\ccyofv4j.ltrans27.ltrans.o
 .comment       0x0000000000000000       0x12 C:\Users\jack\AppData\Local\Temp\ccyofv4j.ltrans28.ltrans.o
 .comment       0x0000000000000000       0x12 C:\Users\jack\AppData\Local\Temp\ccyofv4j.ltrans29.ltrans.o
 .comment       0x0000000000000000       0x12 C:\Users\jack\AppData\Local\Temp\ccyofv4j.ltrans30.ltrans.o
 .comment       0x0000000000000000       0x12 C:\Users\jack\AppData\Local\Temp\ccyofv4j.ltrans31.ltrans.o
 .comment       0x0000000000000000       0x12 c:/nxp/bstudio_nxp/sdk/tools/ba-elf-ba2-r36379/bin/../lib/gcc/ba-elf/4.7.4/../../../../ba-elf/lib/mcpu_jn51xx_sizeopt\libc.a(lib_a-memcmp.o)
 .comment       0x0000000000000000       0x12 c:/nxp/bstudio_nxp/sdk/tools/ba-elf-ba2-r36379/bin/../lib/gcc/ba-elf/4.7.4/../../../../ba-elf/lib/mcpu_jn51xx_sizeopt\libc.a(lib_a-memcpy.o)
 .comment       0x0000000000000000       0x12 c:/nxp/bstudio_nxp/sdk/tools/ba-elf-ba2-r36379/bin/../lib/gcc/ba-elf/4.7.4/../../../../ba-elf/lib/mcpu_jn51xx_sizeopt\libc.a(lib_a-memset.o)
 .comment       0x0000000000000000       0x12 c:/nxp/bstudio_nxp/sdk/tools/ba-elf-ba2-r36379/bin/../lib/gcc/ba-elf/4.7.4/mcpu_jn51xx_sizeopt\libgcc.a(_udivdi3.o)
 .comment       0x0000000000000000       0x11 c:/NXP/bstudio_nxp/sdk/JN-SW-4168/Components/Library\libMicroSpecific_JN516x.a(MicroSyscall_ba.o)
                                         0x12 (size before relaxing)

.debug_info     0x0000000000000000      0xbea
 .debug_info    0x0000000000000000       0xf3 c:/nxp/bstudio_nxp/sdk/tools/ba-elf-ba2-r36379/bin/../lib/gcc/ba-elf/4.7.4/../../../../ba-elf/lib/mcpu_jn51xx_sizeopt\libc.a(lib_a-memcmp.o)
 .debug_info    0x00000000000000f3      0x106 c:/nxp/bstudio_nxp/sdk/tools/ba-elf-ba2-r36379/bin/../lib/gcc/ba-elf/4.7.4/../../../../ba-elf/lib/mcpu_jn51xx_sizeopt\libc.a(lib_a-memcpy.o)
 .debug_info    0x00000000000001f9       0xd7 c:/nxp/bstudio_nxp/sdk/tools/ba-elf-ba2-r36379/bin/../lib/gcc/ba-elf/4.7.4/../../../../ba-elf/lib/mcpu_jn51xx_sizeopt\libc.a(lib_a-memset.o)
 .debug_info    0x00000000000002d0       0xb4 c:/nxp/bstudio_nxp/sdk/tools/ba-elf-ba2-r36379/bin/../lib/gcc/ba-elf/4.7.4/mcpu_jn51xx_sizeopt\libgcc.a(__udivsi3.o)
 .debug_info    0x0000000000000384       0xb4 c:/nxp/bstudio_nxp/sdk/tools/ba-elf-ba2-r36379/bin/../lib/gcc/ba-elf/4.7.4/mcpu_jn51xx_sizeopt\libgcc.a(__umodsi3.o)
 .debug_info    0x0000000000000438       0xb4 c:/nxp/bstudio_nxp/sdk/tools/ba-elf-ba2-r36379/bin/../lib/gcc/ba-elf/4.7.4/mcpu_jn51xx_sizeopt\libgcc.a(__modsi3.o)
 .debug_info    0x00000000000004ec      0x648 c:/nxp/bstudio_nxp/sdk/tools/ba-elf-ba2-r36379/bin/../lib/gcc/ba-elf/4.7.4/mcpu_jn51xx_sizeopt\libgcc.a(_udivdi3.o)
 .debug_info    0x0000000000000b34       0xb6 c:/NXP/bstudio_nxp/sdk/JN-SW-4168/Components/Library\libBoot_JN516x.a(ExceptionHandler.o)

.debug_abbrev   0x0000000000000000      0x36d
 .debug_abbrev  0x0000000000000000       0x8e c:/nxp/bstudio_nxp/sdk/tools/ba-elf-ba2-r36379/bin/../lib/gcc/ba-elf/4.7.4/../../../../ba-elf/lib/mcpu_jn51xx_sizeopt\libc.a(lib_a-memcmp.o)
 .debug_abbrev  0x000000000000008e       0xa4 c:/nxp/bstudio_nxp/sdk/tools/ba-elf-ba2-r36379/bin/../lib/gcc/ba-elf/4.7.4/../../../../ba-elf/lib/mcpu_jn51xx_sizeopt\libc.a(lib_a-memcpy.o)
 .debug_abbrev  0x0000000000000132       0x8e c:/nxp/bstudio_nxp/sdk/tools/ba-elf-ba2-r36379/bin/../lib/gcc/ba-elf/4.7.4/../../../../ba-elf/lib/mcpu_jn51xx_sizeopt\libc.a(lib_a-memset.o)
 .debug_abbrev  0x00000000000001c0       0x14 c:/nxp/bstudio_nxp/sdk/tools/ba-elf-ba2-r36379/bin/../lib/gcc/ba-elf/4.7.4/mcpu_jn51xx_sizeopt\libgcc.a(__udivsi3.o)
 .debug_abbrev  0x00000000000001d4       0x14 c:/nxp/bstudio_nxp/sdk/tools/ba-elf-ba2-r36379/bin/../lib/gcc/ba-elf/4.7.4/mcpu_jn51xx_sizeopt\libgcc.a(__umodsi3.o)
 .debug_abbrev  0x00000000000001e8       0x14 c:/nxp/bstudio_nxp/sdk/tools/ba-elf-ba2-r36379/bin/../lib/gcc/ba-elf/4.7.4/mcpu_jn51xx_sizeopt\libgcc.a(__modsi3.o)
 .debug_abbrev  0x00000000000001fc      0x15d c:/nxp/bstudio_nxp/sdk/tools/ba-elf-ba2-r36379/bin/../lib/gcc/ba-elf/4.7.4/mcpu_jn51xx_sizeopt\libgcc.a(_udivdi3.o)
 .debug_abbrev  0x0000000000000359       0x14 c:/NXP/bstudio_nxp/sdk/JN-SW-4168/Components/Library\libBoot_JN516x.a(ExceptionHandler.o)

.debug_loc      0x0000000000000000      0xb66
 .debug_loc     0x0000000000000000       0x73 c:/nxp/bstudio_nxp/sdk/tools/ba-elf-ba2-r36379/bin/../lib/gcc/ba-elf/4.7.4/../../../../ba-elf/lib/mcpu_jn51xx_sizeopt\libc.a(lib_a-memcmp.o)
 .debug_loc     0x0000000000000073       0x39 c:/nxp/bstudio_nxp/sdk/tools/ba-elf-ba2-r36379/bin/../lib/gcc/ba-elf/4.7.4/../../../../ba-elf/lib/mcpu_jn51xx_sizeopt\libc.a(lib_a-memcpy.o)
 .debug_loc     0x00000000000000ac       0x3f c:/nxp/bstudio_nxp/sdk/tools/ba-elf-ba2-r36379/bin/../lib/gcc/ba-elf/4.7.4/../../../../ba-elf/lib/mcpu_jn51xx_sizeopt\libc.a(lib_a-memset.o)
 .debug_loc     0x00000000000000eb      0xa7b c:/nxp/bstudio_nxp/sdk/tools/ba-elf-ba2-r36379/bin/../lib/gcc/ba-elf/4.7.4/mcpu_jn51xx_sizeopt\libgcc.a(_udivdi3.o)

.debug_aranges  0x0000000000000000      0x100
 .debug_aranges
                0x0000000000000000       0x20 c:/nxp/bstudio_nxp/sdk/tools/ba-elf-ba2-r36379/bin/../lib/gcc/ba-elf/4.7.4/../../../../ba-elf/lib/mcpu_jn51xx_sizeopt\libc.a(lib_a-memcmp.o)
 .debug_aranges
                0x0000000000000020       0x20 c:/nxp/bstudio_nxp/sdk/tools/ba-elf-ba2-r36379/bin/../lib/gcc/ba-elf/4.7.4/../../../../ba-elf/lib/mcpu_jn51xx_sizeopt\libc.a(lib_a-memcpy.o)
 .debug_aranges
                0x0000000000000040       0x20 c:/nxp/bstudio_nxp/sdk/tools/ba-elf-ba2-r36379/bin/../lib/gcc/ba-elf/4.7.4/../../../../ba-elf/lib/mcpu_jn51xx_sizeopt\libc.a(lib_a-memset.o)
 .debug_aranges
                0x0000000000000060       0x20 c:/nxp/bstudio_nxp/sdk/tools/ba-elf-ba2-r36379/bin/../lib/gcc/ba-elf/4.7.4/mcpu_jn51xx_sizeopt\libgcc.a(__udivsi3.o)
 .debug_aranges
                0x0000000000000080       0x20 c:/nxp/bstudio_nxp/sdk/tools/ba-elf-ba2-r36379/bin/../lib/gcc/ba-elf/4.7.4/mcpu_jn51xx_sizeopt\libgcc.a(__umodsi3.o)
 .debug_aranges
                0x00000000000000a0       0x20 c:/nxp/bstudio_nxp/sdk/tools/ba-elf-ba2-r36379/bin/../lib/gcc/ba-elf/4.7.4/mcpu_jn51xx_sizeopt\libgcc.a(__modsi3.o)
 .debug_aranges
                0x00000000000000c0       0x20 c:/nxp/bstudio_nxp/sdk/tools/ba-elf-ba2-r36379/bin/../lib/gcc/ba-elf/4.7.4/mcpu_jn51xx_sizeopt\libgcc.a(_udivdi3.o)
 .debug_aranges
                0x00000000000000e0       0x20 c:/NXP/bstudio_nxp/sdk/JN-SW-4168/Components/Library\libBoot_JN516x.a(ExceptionHandler.o)

.debug_line     0x0000000000000000     0x1013
 .debug_line    0x0000000000000000      0x154 c:/nxp/bstudio_nxp/sdk/tools/ba-elf-ba2-r36379/bin/../lib/gcc/ba-elf/4.7.4/../../../../ba-elf/lib/mcpu_jn51xx_sizeopt\libc.a(lib_a-memcmp.o)
 .debug_line    0x0000000000000154      0x148 c:/nxp/bstudio_nxp/sdk/tools/ba-elf-ba2-r36379/bin/../lib/gcc/ba-elf/4.7.4/../../../../ba-elf/lib/mcpu_jn51xx_sizeopt\libc.a(lib_a-memcpy.o)
 .debug_line    0x000000000000029c      0x13e c:/nxp/bstudio_nxp/sdk/tools/ba-elf-ba2-r36379/bin/../lib/gcc/ba-elf/4.7.4/../../../../ba-elf/lib/mcpu_jn51xx_sizeopt\libc.a(lib_a-memset.o)
 .debug_line    0x00000000000003da      0x47b c:/nxp/bstudio_nxp/sdk/tools/ba-elf-ba2-r36379/bin/../lib/gcc/ba-elf/4.7.4/mcpu_jn51xx_sizeopt\libgcc.a(__udivsi3.o)
 .debug_line    0x0000000000000855      0x3c7 c:/nxp/bstudio_nxp/sdk/tools/ba-elf-ba2-r36379/bin/../lib/gcc/ba-elf/4.7.4/mcpu_jn51xx_sizeopt\libgcc.a(__umodsi3.o)
 .debug_line    0x0000000000000c1c       0xa3 c:/nxp/bstudio_nxp/sdk/tools/ba-elf-ba2-r36379/bin/../lib/gcc/ba-elf/4.7.4/mcpu_jn51xx_sizeopt\libgcc.a(__modsi3.o)
 .debug_line    0x0000000000000cbf      0x1b7 c:/nxp/bstudio_nxp/sdk/tools/ba-elf-ba2-r36379/bin/../lib/gcc/ba-elf/4.7.4/mcpu_jn51xx_sizeopt\libgcc.a(_udivdi3.o)
 .debug_line    0x0000000000000e76      0x19d c:/NXP/bstudio_nxp/sdk/JN-SW-4168/Components/Library\libBoot_JN516x.a(ExceptionHandler.o)

.debug_str      0x0000000000000000      0x2e8
 .debug_str     0x0000000000000000      0x119 c:/nxp/bstudio_nxp/sdk/tools/ba-elf-ba2-r36379/bin/../lib/gcc/ba-elf/4.7.4/../../../../ba-elf/lib/mcpu_jn51xx_sizeopt\libc.a(lib_a-memcmp.o)
                                        0x152 (size before relaxing)
 .debug_str     0x0000000000000119       0x5d c:/nxp/bstudio_nxp/sdk/tools/ba-elf-ba2-r36379/bin/../lib/gcc/ba-elf/4.7.4/../../../../ba-elf/lib/mcpu_jn51xx_sizeopt\libc.a(lib_a-memcpy.o)
                                        0x166 (size before relaxing)
 .debug_str     0x0000000000000176       0x49 c:/nxp/bstudio_nxp/sdk/tools/ba-elf-ba2-r36379/bin/../lib/gcc/ba-elf/4.7.4/../../../../ba-elf/lib/mcpu_jn51xx_sizeopt\libc.a(lib_a-memset.o)
                                        0x152 (size before relaxing)
 .debug_str     0x00000000000001bf      0x129 c:/nxp/bstudio_nxp/sdk/tools/ba-elf-ba2-r36379/bin/../lib/gcc/ba-elf/4.7.4/mcpu_jn51xx_sizeopt\libgcc.a(_udivdi3.o)
                                        0x1d4 (size before relaxing)

.debug_frame    0x0000000000000000       0x60
 .debug_frame   0x0000000000000000       0x20 c:/nxp/bstudio_nxp/sdk/tools/ba-elf-ba2-r36379/bin/../lib/gcc/ba-elf/4.7.4/../../../../ba-elf/lib/mcpu_jn51xx_sizeopt\libc.a(lib_a-memcmp.o)
 .debug_frame   0x0000000000000020       0x20 c:/nxp/bstudio_nxp/sdk/tools/ba-elf-ba2-r36379/bin/../lib/gcc/ba-elf/4.7.4/../../../../ba-elf/lib/mcpu_jn51xx_sizeopt\libc.a(lib_a-memcpy.o)
 .debug_frame   0x0000000000000040       0x20 c:/nxp/bstudio_nxp/sdk/tools/ba-elf-ba2-r36379/bin/../lib/gcc/ba-elf/4.7.4/../../../../ba-elf/lib/mcpu_jn51xx_sizeopt\libc.a(lib_a-memset.o)

.debug_ranges   0x0000000000000000       0xa0
 .debug_ranges  0x0000000000000000       0xa0 c:/nxp/bstudio_nxp/sdk/tools/ba-elf-ba2-r36379/bin/../lib/gcc/ba-elf/4.7.4/mcpu_jn51xx_sizeopt\libgcc.a(_udivdi3.o)
