Archive member included because of file (symbol)

c:/NXP/bstudio_nxp/sdk/JN-SW-4168/Components/Library\libOS_JN516x.a(os.o)
                              os_gen.o (symbol from plugin) (os_vStart)
c:/NXP/bstudio_nxp/sdk/JN-SW-4168/Components/Library\libOS_JN516x.a(os_contirq_JN516x.o)
                              os_irq.o (os_UnclaimedException_W)
c:/NXP/bstudio_nxp/sdk/JN-SW-4168/Components/Library\libPWRM_JN516x.a(pwrm.o)
                              app_start.o (symbol from plugin) (PWRM_vInit)
c:/NXP/bstudio_nxp/sdk/JN-SW-4168/Components/Library\libPWRM_JN516x.a(pwrm_setjmp_JN516x.o)
                              pwrm.o (symbol from plugin) (setjmp)
c:/NXP/bstudio_nxp/sdk/JN-SW-4168/Components/Library\libPWRM_JN516x.a(pwrm_cold_start.o)
                              (AppColdStart)
c:/NXP/bstudio_nxp/sdk/JN-SW-4168/Components/Library\libPWRM_JN516x.a(pwrm_warm_start.o)
                              (AppWarmStart)
c:/NXP/bstudio_nxp/sdk/JN-SW-4168/Components/Library\libPDUM_JN516x.a(pdum_nwk.o)
                              pdum_gen.o (symbol from plugin) (pdum_vNPduInit)
c:/NXP/bstudio_nxp/sdk/JN-SW-4168/Components/Library\libPDUM_JN516x.a(pdum_apl.o)
                              appZdpExtraction.o (symbol from plugin) (PDUM_u16APduInstanceReadNBO)
c:/NXP/bstudio_nxp/sdk/JN-SW-4168/Components/Library\libPDUM_JN516x.a(pdum.o)
                              pdum_nwk.o (symbol from plugin) (PDUM_u16SizeNBO)
c:/NXP/bstudio_nxp/sdk/JN-SW-4168/Components/Library\libZPSAPL_JN516x.a(zps_apl_af.o)
                              App_Coordinator.o (symbol from plugin) (ZPS_eAplAfInit)
c:/NXP/bstudio_nxp/sdk/JN-SW-4168/Components/Library\libZPSAPL_JN516x.a(zps_apl_af_apsde.o)
                              zps_gen.o (symbol from plugin) (zps_vHandleApsdeDataFragIndNotSupported)
c:/NXP/bstudio_nxp/sdk/JN-SW-4168/Components/Library\libZPSAPL_JN516x.a(zps_apl_task.o)
                              zps_apl_af_apsde.o (symbol from plugin) (zps_vAplAfPostEvent)
c:/NXP/bstudio_nxp/sdk/JN-SW-4168/Components/Library\libZPSAPL_JN516x.a(zps_apl_apsde.o)
                              zps_apl_task.o (symbol from plugin) (ZPS_vAplRegisterApsdeDcfmIndCallbacks)
c:/NXP/bstudio_nxp/sdk/JN-SW-4168/Components/Library\libZPSAPL_JN516x.a(zps_apl_apsme.o)
                              zps_apl_task.o (symbol from plugin) (ZPS_vAplRegisterApsmeDcfmIndCallbacks)
c:/NXP/bstudio_nxp/sdk/JN-SW-4168/Components/Library\libZPSAPL_JN516x.a(zps_apl_aps_nlde.o)
                              zps_apl_task.o (symbol from plugin) (zps_vAplApsHandleNldeDcfmInd)
c:/NXP/bstudio_nxp/sdk/JN-SW-4168/Components/Library\libZPSAPL_JN516x.a(zps_apl_sec.o)
                              zps_apl_task.o (symbol from plugin) (zps_psFindKeyDescr)
c:/NXP/bstudio_nxp/sdk/JN-SW-4168/Components/Library\libZPSAPL_JN516x.a(zps_apl_aib.o)
                              app_zbp_utilities.o (symbol from plugin) (zps_psAplAibGetAib)
c:/NXP/bstudio_nxp/sdk/JN-SW-4168/Components/Library\libZPSAPL_JN516x.a(zps_apl_zdo_nwkmanager.o)
                              zps_apl_apsme.o (symbol from plugin) (zps_vAplSaveRecord)
c:/NXP/bstudio_nxp/sdk/JN-SW-4168/Components/Library\libZPSAPL_JN516x.a(zps_apl_zdo_handle_zdp_event.o)
                              zps_apl_task.o (symbol from plugin) (zps_bAplZdoHandleZdpEvent)
c:/NXP/bstudio_nxp/sdk/JN-SW-4168/Components/Library\libZPSAPL_JN516x.a(zps_apl_zdo_trust_center.o)
                              zps_gen.o (symbol from plugin) (zps_vAplTrustCenterInit)
c:/NXP/bstudio_nxp/sdk/JN-SW-4168/Components/Library\libZPSAPL_JN516x.a(zps_apl_zdo_common.o)
                              zps_apl_zdo_nwkmanager.o (symbol from plugin) (zps_eAplZdoNlmeleaveWrapper)
c:/NXP/bstudio_nxp/sdk/JN-SW-4168/Components/Library\libZPSAPL_JN516x.a(zps_apl_zdo_default_server.o)
                              zps_gen.o (symbol from plugin) (zps_vAplZdoDefaultServerInit)
c:/NXP/bstudio_nxp/sdk/JN-SW-4168/Components/Library\libZPSAPL_JN516x.a(zps_apl_mac_isr.o)
                              zps_apl_task.o (symbol from plugin) (u32DataQueueCount)
c:/NXP/bstudio_nxp/sdk/JN-SW-4168/Components/Library\libZPSAPL_JN516x.a(zps_apl_zdo_end_device_bind_server.o)
                              zps_gen.o (symbol from plugin) (zps_vAplZdoEndDeviceBindServerInit)
c:/NXP/bstudio_nxp/sdk/JN-SW-4168/Components/Library\libZPSAPL_JN516x.a(zps_apl_zdo_nwk_addr_server.o)
                              zps_gen.o (symbol from plugin) (zps_vAplZdoNwkAddrServerInit)
c:/NXP/bstudio_nxp/sdk/JN-SW-4168/Components/Library\libZPSAPL_JN516x.a(zps_apl_zdo_ieee_addr_server.o)
                              zps_gen.o (symbol from plugin) (zps_vAplZdoIeeeAddrServerInit)
c:/NXP/bstudio_nxp/sdk/JN-SW-4168/Components/Library\libZPSAPL_JN516x.a(zps_apl_zdo_match_desc_server.o)
                              zps_gen.o (symbol from plugin) (zps_vAplZdoMatchDescServerInit)
[...]
Memory Configuration

Name             Origin             Length             Attributes
flash            0x0000000000080000 0x0000000000080000
ram              0x000000000400004c 0x0000000000007fb4
*default*        0x0000000000000000 0xffffffffffffffff

Linker script and memory map

                0x0000000000001388                __stack_size = 0x1388
                0x00000000000007d0                __minimum_heap_size = 0x7d0
START GROUP
LOAD os_gen.o
LOAD C:\Users\jack\AppData\Local\Temp\ccNMugYx.ltrans0.ltrans.o
LOAD C:\Users\jack\AppData\Local\Temp\ccNMugYx.ltrans1.ltrans.o
LOAD C:\Users\jack\AppData\Local\Temp\ccNMugYx.ltrans2.ltrans.o
LOAD C:\Users\jack\AppData\Local\Temp\ccNMugYx.ltrans3.ltrans.o
LOAD C:\Users\jack\AppData\Local\Temp\ccNMugYx.ltrans4.ltrans.o
LOAD C:\Users\jack\AppData\Local\Temp\ccNMugYx.ltrans5.ltrans.o
LOAD C:\Users\jack\AppData\Local\Temp\ccNMugYx.ltrans6.ltrans.o
LOAD C:\Users\jack\AppData\Local\Temp\ccNMugYx.ltrans7.ltrans.o
LOAD C:\Users\jack\AppData\Local\Temp\ccNMugYx.ltrans8.ltrans.o
LOAD C:\Users\jack\AppData\Local\Temp\ccNMugYx.ltrans9.ltrans.o
LOAD C:\Users\jack\AppData\Local\Temp\ccNMugYx.ltrans10.ltrans.o
LOAD C:\Users\jack\AppData\Local\Temp\ccNMugYx.ltrans11.ltrans.o
LOAD C:\Users\jack\AppData\Local\Temp\ccNMugYx.ltrans12.ltrans.o
LOAD C:\Users\jack\AppData\Local\Temp\ccNMugYx.ltrans13.ltrans.o
LOAD C:\Users\jack\AppData\Local\Temp\ccNMugYx.ltrans14.ltrans.o
LOAD C:\Users\jack\AppData\Local\Temp\ccNMugYx.ltrans15.ltrans.o
LOAD C:\Users\jack\AppData\Local\Temp\ccNMugYx.ltrans16.ltrans.o
LOAD C:\Users\jack\AppData\Local\Temp\ccNMugYx.ltrans17.ltrans.o
LOAD C:\Users\jack\AppData\Local\Temp\ccNMugYx.ltrans18.ltrans.o
LOAD C:\Users\jack\AppData\Local\Temp\ccNMugYx.ltrans19.ltrans.o
LOAD C:\Users\jack\AppData\Local\Temp\ccNMugYx.ltrans20.ltrans.o
LOAD C:\Users\jack\AppData\Local\Temp\ccNMugYx.ltrans21.ltrans.o
LOAD C:\Users\jack\AppData\Local\Temp\ccNMugYx.ltrans22.ltrans.o
LOAD C:\Users\jack\AppData\Local\Temp\ccNMugYx.ltrans23.ltrans.o
LOAD C:\Users\jack\AppData\Local\Temp\ccNMugYx.ltrans24.ltrans.o
LOAD C:\Users\jack\AppData\Local\Temp\ccNMugYx.ltrans25.ltrans.o
LOAD C:\Users\jack\AppData\Local\Temp\ccNMugYx.ltrans26.ltrans.o
LOAD C:\Users\jack\AppData\Local\Temp\ccNMugYx.ltrans27.ltrans.o
LOAD C:\Users\jack\AppData\Local\Temp\ccNMugYx.ltrans28.ltrans.o
LOAD C:\Users\jack\AppData\Local\Temp\ccNMugYx.ltrans29.ltrans.o
LOAD C:\Users\jack\AppData\Local\Temp\ccNMugYx.ltrans30.ltrans.o
LOAD C:\Users\jack\AppData\Local\Temp\ccNMugYx.ltrans31.ltrans.o
LOAD c:/nxp/bstudio_nxp/sdk/tools/ba-elf-ba2-r36379/bin/../lib/gcc/ba-elf/4.7.4/../../../../ba-elf/lib/mcpu_jn51xx_sizeopt\libc.a
LOAD c:/nxp/bstudio_nxp/sdk/tools/ba-elf-ba2-r36379/bin/../lib/gcc/ba-elf/4.7.4/mcpu_jn51xx_sizeopt\libgcc.a
LOAD c:/nxp/bstudio_nxp/sdk/tools/ba-elf-ba2-r36379/bin/../lib/gcc/ba-elf/4.7.4/../../../../ba-elf/lib/mcpu_jn51xx_sizeopt\libc.a
LOAD os_irq.o
LOAD os_irq_alignment.o
LOAD os_irq_buserror.o
LOAD os_irq_illegalinstruction.o
LOAD os_irq_stackoverflowexception.o
LOAD os_irq_unimplementedmodule.o
LOAD pdum_gen.o
LOAD pdum_apdu.o
LOAD zps_gen.o
LOAD app_zbp_utilities.o
LOAD app_exceptions.o
LOAD app_pdm.o
LOAD app_timer_driver.o
LOAD app_start.o
LOAD App_Coordinator.o
LOAD app_endpoint.o
LOAD AgeChildren.o
LOAD haKeys.o
LOAD appZpsBeaconHandler.o
LOAD appZdpExtraction.o
LOAD c:/NXP/bstudio_nxp/sdk/JN-SW-4168/Components/Library\libZPSMAC_Mini_JN516x.a
LOAD c:/NXP/bstudio_nxp/sdk/JN-SW-4168/Components/Library\libOS_JN516x.a
LOAD c:/NXP/bstudio_nxp/sdk/JN-SW-4168/Components/Library\libPWRM_JN516x.a
LOAD c:/NXP/bstudio_nxp/sdk/JN-SW-4168/Components/Library\libZPSTSV_JN516x.a
LOAD c:/NXP/bstudio_nxp/sdk/JN-SW-4168/Components/Library\libAES_SW_JN516x.a
LOAD c:/NXP/bstudio_nxp/sdk/JN-SW-4168/Components/Library\libPDUM_JN516x.a
LOAD c:/NXP/bstudio_nxp/sdk/JN-SW-4168/Components/Library\libZPSAPL_JN516x.a
LOAD c:/NXP/bstudio_nxp/sdk/JN-SW-4168/Components/Library\libRandom_JN516x.a
LOAD c:/NXP/bstudio_nxp/sdk/JN-SW-4168/Components/Library\libPDM_EEPROM_JN516x.a
LOAD c:/NXP/bstudio_nxp/sdk/JN-SW-4168/Components/Library\libDBG_JN516x.a
LOAD c:/NXP/bstudio_nxp/sdk/JN-SW-4168/Components/Library\libZPSNWK_JN516x.a
LOAD c:/NXP/bstudio_nxp/sdk/JN-SW-4168/Components/Library\libMiniMac_JN5169.a
LOAD c:/NXP/bstudio_nxp/sdk/JN-SW-4168/Components/Library\libMiniMacShim_JN516x.a
LOAD c:/NXP/bstudio_nxp/sdk/JN-SW-4168/Components/Library\libMMAC_JN5169.a
LOAD c:/NXP/bstudio_nxp/sdk/JN-SW-4168/Components/Library\libJPT_JN5169.a
LOAD c:/NXP/bstudio_nxp/sdk/JN-SW-4168/Components/Library\libAes_JN516x.a
LOAD c:/NXP/bstudio_nxp/sdk/JN-SW-4168/Components/Library\libHardwareApi_JN5169.a
LOAD c:/NXP/bstudio_nxp/sdk/JN-SW-4168/Components/Library\libMicroSpecific_JN516x.a
LOAD c:/NXP/bstudio_nxp/sdk/JN-SW-4168/Components/Library\libBoot_JN516x.a
LOAD c:/NXP/bstudio_nxp/sdk/JN-SW-4168/Platform/DK4/Library\libBoardLib_JN516x.a
END GROUP
LOAD c:/nxp/bstudio_nxp/sdk/tools/ba-elf-ba2-r36379/bin/../lib/gcc/ba-elf/4.7.4/../../../../ba-elf/lib/mcpu_jn51xx_sizeopt\libc.a
LOAD c:/nxp/bstudio_nxp/sdk/tools/ba-elf-ba2-r36379/bin/../lib/gcc/ba-elf/4.7.4/mcpu_jn51xx_sizeopt\libgcc.a
LOAD c:/nxp/bstudio_nxp/sdk/tools/ba-elf-ba2-r36379/bin/../lib/gcc/ba-elf/4.7.4/../../../../ba-elf/lib/mcpu_jn51xx_sizeopt\libc.a
                0x0000000000080038                exception_vsr_table = 0x80038
                0x0000000004000000                pSPIflashFncTable = 0x4000000
                0x0000000000000044                restore_state = 0x44
                0x000000000000004a                bZSPIWaitWIPClear = 0x4a
                0x0000000000000050                u16ZSPIflashRDID = 0x50
                0x0000000000000056                u8SelectFlashChipType = 0x56
                0x000000000000005c                memcpy = 0x5c
                0x0000000000000066                vBootFlashProg = 0x66
                [0x00000000000007d0]                __minimum_heap_size = DEFINED (__minimum_heap_size)?__minimum_heap_size:0xd16
                [0x0000000000001388]                __stack_size = DEFINED (__stack_size)?__stack_size:0x800
                0x0000000000000000                _SwConfig = (DEFINED (g_bSWConf_Debug) | (DEFINED (g_bSWConf_AltDebugPort) << 0x1))

.version        0x000000000007fffc        0x4
                0x000000000007fffc        0x4 LONG 0xf03000b

.bir            0x0000000000080000       0x10
                0x0000000000080000                _flash_start = ABSOLUTE (.)
                0x0000000000080000                _flash_beg = ABSOLUTE (.)
                0x0000000000080000        0x4 LONG 0x12345678
                0x0000000000080004        0x4 LONG 0x11223344
                0x0000000000080008        0x4 LONG 0x55667788
                0x000000000008000c        0x1 BYTE 0x8
                0x000000000008000d        0x1 BYTE 0x1
                0x000000000008000e        0x2 SHORT 0x0

.flashheader    0x0000000000080010       0x28
                0x0000000000080010        0x4 LONG 0x0
                0x0000000000080014        0x4 LONG 0x0
                0x0000000000080018        0x4 LONG 0x0
                0x000000000008001c        0x2 SHORT 0x0
                0x000000000008001e        0x2 SHORT 0x0 ABSOLUTE (_SwConfig)
                0x0000000000080020                _enc_start = ABSOLUTE (.)
                0x0000000000080020        0x4 LONG 0x1b188 ABSOLUTE (_image_len)
                0x0000000000080024        0x4 LONG 0x9aad0 ABSOLUTE (_flash_data_start)
                0x0000000000080028        0x2 SHORT 0x13 ((ABSOLUTE (_ram_data_start) / 0x4) & 0xffff)
                0x000000000008002a        0x2 SHORT 0x1ae ((ABSOLUTE (_ram_data_len) / 0x4) & 0xffff)
                0x000000000008002c        0x2 SHORT 0x1c1 ((ABSOLUTE (_bss_start) / 0x4) & 0xffff)
                0x000000000008002e        0x2 SHORT 0xc62 ((ABSOLUTE (_bss_len) / 0x4) & 0xffff)
                0x0000000000080030        0x4 LONG 0x93052 ABSOLUTE (AppWarmStart)
                0x0000000000080034        0x4 LONG 0x9305d ABSOLUTE (AppColdStart)
                0x0000000000000000                _enc_offset = (_enc_start & 0xf)

.ro_mac_address
                0x0000000000080040        0x0
                0x0000000000080040                _FlsMACAddress = ABSOLUTE (.)
 *(.ro_mac_address)
                0x0000000000080040                . = ALIGN (0x10)

.ro_ota_header  0x0000000000080040        0x0
                0x0000000000080040                _FlsOtaHeader = ABSOLUTE (.)
 *(.ro_ota_header)
                0x0000000000080040                . = ALIGN (0x10)

.ro_se_lnkKey   0x0000000000080040        0x0
                0x0000000000080040                _FlsLinkKey = ABSOLUTE (.)
 *(.ro_se_lnkKey)
                0x0000000000080040                . = ALIGN (0x10)

.rodata         0x0000000000080038      0xd0c
 *(.rodata*)
 .rodata.str1.1
                0x0000000000080038       0x6d C:\Users\jack\AppData\Local\Temp\ccNMugYx.ltrans0.ltrans.o
 .rodata.str1.1
                0x00000000000800a5      0x377 C:\Users\jack\AppData\Local\Temp\ccNMugYx.ltrans1.ltrans.o
                                        0x3b3 (size before relaxing)
 .rodata        0x000000000008041c       0x30 C:\Users\jack\AppData\Local\Temp\ccNMugYx.ltrans2.ltrans.o
 .rodata.str1.1
                0x0000000000000000      0x377 C:\Users\jack\AppData\Local\Temp\ccNMugYx.ltrans2.ltrans.o
                                          0x8 (size before relaxing)
 .rodata        0x000000000008044c       0x10 C:\Users\jack\AppData\Local\Temp\ccNMugYx.ltrans3.ltrans.o
                0x0000000000080454                au32UartAddrOffset
 .rodata.str1.1
                0x000000000008045c        0x3 C:\Users\jack\AppData\Local\Temp\ccNMugYx.ltrans3.ltrans.o
 .rodata.str1.1
                0x0000000000000000        0x3 C:\Users\jack\AppData\Local\Temp\ccNMugYx.ltrans4.ltrans.o
 *fill*         0x000000000008045f        0x1 00
 .rodata        0x0000000000080460       0x10 C:\Users\jack\AppData\Local\Temp\ccNMugYx.ltrans5.ltrans.o
 .rodata.str1.1
                0x0000000000080470        0x6 C:\Users\jack\AppData\Local\Temp\ccNMugYx.ltrans6.ltrans.o
                                          0xe (size before relaxing)
 .rodata        0x0000000000080476       0x7b C:\Users\jack\AppData\Local\Temp\ccNMugYx.ltrans6.ltrans.o
                0x0000000000080476                au8FlashWaitStatesHSRCO.93836
                0x000000000008047e                au8FlashWaitStates32MXO.93835
 .rodata.str1.1
                0x0000000000000000        0x6 C:\Users\jack\AppData\Local\Temp\ccNMugYx.ltrans7.ltrans.o
                                          0xc (size before relaxing)
 .rodata        0x00000000000804f1        0x6 C:\Users\jack\AppData\Local\Temp\ccNMugYx.ltrans8.ltrans.o
 .rodata.str1.1
                0x00000000000804f7        0xb C:\Users\jack\AppData\Local\Temp\ccNMugYx.ltrans9.ltrans.o
                                         0x10 (size before relaxing)
 .rodata.str1.1
                0x0000000000080502        0x6 C:\Users\jack\AppData\Local\Temp\ccNMugYx.ltrans10.ltrans.o
 .rodata.str1.1
                0x0000000000000000        0x6 C:\Users\jack\AppData\Local\Temp\ccNMugYx.ltrans11.ltrans.o
                                          0x8 (size before relaxing)
 .rodata        0x0000000000080508       0x20 C:\Users\jack\AppData\Local\Temp\ccNMugYx.ltrans12.ltrans.o
                0x0000000000080508                au32NwkPdmRecordOffsets
 .rodata        0x0000000000080528       0x3c C:\Users\jack\AppData\Local\Temp\ccNMugYx.ltrans14.ltrans.o
                0x0000000000080528                s_aprIdleStHandleCme.85285
                0x000000000008053c                s_aprActvStHandleCme.81432
                0x0000000000080560                gMAC_u8MaxBuffers
 .rodata.str1.1
                0x0000000000080564       0x10 C:\Users\jack\AppData\Local\Temp\ccNMugYx.ltrans15.ltrans.o
                                         0x22 (size before relaxing)
 .rodata.str1.1
                0x0000000000080574      0x10d C:\Users\jack\AppData\Local\Temp\ccNMugYx.ltrans16.ltrans.o
                                        0x16c (size before relaxing)
 .rodata.str1.1
                0x0000000000080681       0x12 C:\Users\jack\AppData\Local\Temp\ccNMugYx.ltrans18.ltrans.o
                                         0x2f (size before relaxing)
 .rodata.str1.1
                0x0000000000000000        0x6 C:\Users\jack\AppData\Local\Temp\ccNMugYx.ltrans19.ltrans.o
 .rodata.str1.1
                0x0000000000080693       0x63 C:\Users\jack\AppData\Local\Temp\ccNMugYx.ltrans20.ltrans.o
                                         0x7c (size before relaxing)
 *fill*         0x00000000000806f6        0x2 00
 .rodata        0x00000000000806f8      0x3cc C:\Users\jack\AppData\Local\Temp\ccNMugYx.ltrans20.ltrans.o
                0x00000000000806f8                zps_g_pvApl
                0x00000000000806fc                pwrm_psWakeupCallbacks
 .rodata.str1.1
                0x0000000000080ac4       0x19 C:\Users\jack\AppData\Local\Temp\ccNMugYx.ltrans21.ltrans.o
                                         0x48 (size before relaxing)
 .rodata.str1.1
                0x0000000000080add        0x5 C:\Users\jack\AppData\Local\Temp\ccNMugYx.ltrans22.ltrans.o
                                         0x13 (size before relaxing)
 *fill*         0x0000000000080ae2        0x2 00
 .rodata        0x0000000000080ae4       0x94 C:\Users\jack\AppData\Local\Temp\ccNMugYx.ltrans22.ltrans.o
                0x0000000000080ae4                zps_pacNwkFrmStdByteFmt
                0x0000000000080ae8                zps_pacNwkFrmStdLongFmt
                0x0000000000080aec                zps_pacNwkFrmStdHalfFmt
 .rodata.str1.1
                0x0000000000080b78        0x7 C:\Users\jack\AppData\Local\Temp\ccNMugYx.ltrans23.ltrans.o
                                         0x16 (size before relaxing)
 .rodata.str1.1
                0x0000000000080b7f        0xc C:\Users\jack\AppData\Local\Temp\ccNMugYx.ltrans25.ltrans.o
                                         0x20 (size before relaxing)
 *fill*         0x0000000000080b8b        0x1 00
 .rodata        0x0000000000080b8c       0x4c C:\Users\jack\AppData\Local\Temp\ccNMugYx.ltrans26.ltrans.o
                0x0000000000080b8c                g_u32NwkFcSaveCountBitShift
 .rodata.str1.1
                0x0000000000000000        0x3 C:\Users\jack\AppData\Local\Temp\ccNMugYx.ltrans27.ltrans.o
 .rodata.str1.1
                0x0000000000080bd8       0x4c C:\Users\jack\AppData\Local\Temp\ccNMugYx.ltrans30.ltrans.o
 .rodata        0x0000000000080c24      0x120 C:\Users\jack\AppData\Local\Temp\ccNMugYx.ltrans31.ltrans.o

.text           0x0000000000080d48    0x19d86
 *(.text*)
 .text          0x0000000000080d48     0x150c C:\Users\jack\AppData\Local\Temp\ccNMugYx.ltrans0.ltrans.o
                0x0000000000080d48                APP_TIMER_Version_1v0
                0x0000000000080d48                vInitialiseApp.3726
 .text          0x0000000000082254     0x11e0 C:\Users\jack\AppData\Local\Temp\ccNMugYx.ltrans1.ltrans.o
                0x0000000000082254                os_vAPP_taskCoordinator
 .text          0x0000000000083434     0x1040 C:\Users\jack\AppData\Local\Temp\ccNMugYx.ltrans2.ltrans.o
                0x0000000000083434                DBG_iUartGetChar
                0x0000000000083491                eBasicTxCompleteHandler
                0x0000000000083496                vTxRxTimeout.91312
                0x00000000000834f6                eSmeAcScBeaconInd.83386
                0x0000000000083552                eSmeASFlBeaconInd.83221
                0x0000000000083574                eSmeUDNTScanDcfm.82673
                0x00000000000835fb                zps_eNwkHandleSmePollDcfm
                0x0000000000083625                eLeaveDataDcfmRemoteLeave.87912
                0x000000000008366e                eSmeGenlScanDcfm.83213
                0x00000000000836cc                eSmeEdScScanDcfm.83209
                0x0000000000083873                eSmeAcScBeaconInd.83229
                0x000000000008397b                eSmeUDNTBeaconInd.83205
                0x000000000008399e                vMiniMac_ReturnTxBufferCallback
                0x00000000000839b0                vEnableReceive.91317
                0x00000000000839ee                pvHeap_Alloc
                0x00000000000839f1                vMicroIntRestoreState
                0x00000000000839fd                bAHI_WriteEEPROMfixSegmentData
                0x0000000000083a5b                bAHI_InitialiseEEPROM
                0x0000000000083aa3                vAHI_ReadDataFromEEPROMregister
                0x0000000000083ad0                vAHI_WriteDataIntoEEPROMregister
                0x0000000000083b00                iPDM_WriteSegmentHeaderDataIntoEEPROMsegment
                0x0000000000083b2f                u8AHI_WakeTimerFiredStatus
                0x0000000000083b43                vAHI_WakeTimerStop.part.3.94330
                0x0000000000083b63                vAHI_UartReset.part.4.94084
                0x0000000000083b9b                vAHI_OptimiseWaitStates
                0x0000000000083be7                vAHI_SwReset
                0x0000000000083c17                vAHI_DioSetPullup
                0x0000000000083c37                vAHI_DioSetOutput
                0x0000000000083c4b                vAHI_DioSetDirection
                0x0000000000083c5f                vEcbEncodeStripe.93539
                0x0000000000083cb6                bIssueACIcommand
                0x0000000000083d4c                AESSW_vMMOBlockUpdate
                0x0000000000083dbe                vRadioToOff
                0x0000000000083ddb                vStartReceive
                0x0000000000083df7                MAC_u64GetExtAddr
                0x0000000000083e12                ZPS_u64NwkNibFindExtAddr
                0x0000000000083ebd                ZPS_u16NwkNibFindNwkAddr
                0x0000000000083f63                psSearchForFrameToSend
                0x0000000000083fb1                eMiniMac_FrameInProgress
                0x0000000000083fdc                vRemoveFromTxQueue
                0x0000000000084018                vAddToTxQueue
                0x000000000008404e                u8GetHeaderSize
                0x0000000000084076                vMiniMac_MLME_SetReq_MinBe
                0x00000000000840a1                zps_vSendJoinInd
                0x0000000000084112                zps_psFormatCmdFrameGeneral
                0x000000000008419f                zps_eNwkFormStInit
                0x00000000000841b4                vSendDcfm.83905
                0x00000000000841d9                bCheckMatchingEntry.83381
                0x00000000000841ff                zps_psNwkSlistRemoveFromHead
                0x0000000000084216                zps_psNwkSlistRemove
                0x000000000008424e                zps_bNwkMcpsMgrRemoveDescrFromLists
                0x000000000008428c                zps_vNwkSlistAddToTail
                0x00000000000842a6                ZPS_vNwkSecResetDevice
                0x00000000000842eb                ZPS_bNwkSecHaveNetworkKey
                0x000000000008431f                ZPS_bNwkSecFindMatSet
                0x000000000008435b                zps_eNwkRtMatch
 .text          0x0000000000084474      0xc11 C:\Users\jack\AppData\Local\Temp\ccNMugYx.ltrans3.ltrans.o
                0x00000000000844aa                os_vAPP_cbEnableTickTimer
                0x000000000008452a                os_vAPP_cbDisableTickTimer
                0x000000000008456e                vRetryCcaFailure
                0x00000000000845c2                eBeaconReqSent.92129
                0x00000000000845e9                DBG_vUartInitHardware
                0x0000000000084726                dbg_vPrintfImplNoneVerbose
                0x0000000000084bad                ZPS_bSecDecrypt
                0x0000000000084cbf                boPDM_IsBitmapSaturated.70832
                0x0000000000084d08                iPDM_SearchForBufferIdInList
                0x0000000000084d3d                iPDM_SearchForBufferIdInFileSystem
                0x0000000000084d50                iPDM_GetLengthOfDataInBufferWithIdFromFileSystem
                0x0000000000084dac                iPDM_SearchForSpecificSegmentInList
                0x0000000000084dde                psGetTxFrameBuffer
                0x0000000000084e1a                psGetAndBuildCoordRealignment
                0x0000000000084e72                eBuildAndSend.92133
                0x0000000000084ee7                iPDM_ReadUserDataFromEEPROMsegment
                0x0000000000084f69                iPDM_ReCalculateWearCountAndChecksumAndWriteFileSystemHeader
                0x0000000000084fb3                vPDM_SetEEPROMandFileSystemValidState
                0x0000000000084fda                iPDM_ReadUserDataFromFileSystemRecord
                0x0000000000085004                iPDM_ReadUserDataFromSegmentWithId
                0x0000000000085039                vPDM_WriteFileSystemRecordAndSegmentDataIntoEEPROMsegment
                0x000000000008507c                MAC_vPibSetRxOnWhenIdle.constprop.73
 .text          0x0000000000085085     0x100e C:\Users\jack\AppData\Local\Temp\ccNMugYx.ltrans4.ltrans.o
                0x0000000000085085                vPermitJoinHandleExpiry.78241
                0x000000000008508e                vNwkMcpsTimerCallback
                0x00000000000850a8                zps_eSceGenlIllegal
                0x00000000000850af                zps_eSmeGenlIllegal
                0x00000000000850b6                DBG_vUartFailedAssert
                0x00000000000850ba                zps_bAplZdoBindRequestServer
                0x00000000000851e4                vZdoEndDeviceBindTimeoutSecondMessage
                0x00000000000851f8                psGetVsMcpsBuf.24005
                0x0000000000085201                psGetMlmeBuf.23998
                0x000000000008520a                zps_vExpireRequestKeyReq.21327
                0x0000000000085255                vLoopbackTimerCallback
                0x0000000000085284                zps_eNwkRctMatchNwkAddr
                0x00000000000852eb                ZPS_u8NwkCalcNldeReqOverhead
                0x0000000000085326                zps_vRemoveNextHop
                0x00000000000853c3                zps_vRemoveRoute
                0x0000000000085442                zps_psNwkRtMatchNwkAddr
                0x00000000000854a0                ZPS_u64NwkNibGetMappedIeeeAddr
                0x00000000000854c2                ZPS_bNwkNibNtActvMatch
                0x000000000008557a                bCheckNwkAddr
                0x00000000000855c8                vDisplayAddressMapTable
                0x00000000000855e2                zps_eAplTrustCenterFindDevice
                0x0000000000085626                ZPS_vSetExtendedStatus
                0x0000000000085638                zps_psApsApsAllocateDcfmRecord
                0x00000000000856a6                zps_u8CalcLinkCost
                0x00000000000856e2                ZPS_u8NwkNibNtDiscMatch
                0x00000000000857c6                zps_u64NwkLibFromPayload
                0x0000000000085805                zps_vNwkLibU64ToPayload
                0x0000000000085832                zps_vInitBeaconPayload
                0x00000000000858ae                zps_eNwkDcfmIndPost
                0x00000000000858d1                zps_psNwkDcfmIndGetBuf
                0x00000000000858f3                eRouteRequestDataDcfm.79409
                0x0000000000085947                eNldeDataDcfm.77250
                0x0000000000085977                zps_vSendNwkStatusInd
                0x00000000000859a7                DBG_vInit
                0x00000000000859e9                vPDM_ReadBitmapHeader.70796
                0x0000000000085a08                psSLISTsearch
                0x0000000000085a48                psSLISTremove
                0x0000000000085ac6                psSLISTgetNext
                0x0000000000085aea                u8PDM_CalculateFileSystemCapacity
                0x0000000000085b08                u8PDM_CalculateLargestDataRecordStored
                0x0000000000085b39                bPDM_ImageBitmapRepairCheck
                0x0000000000085b61                u8PDM_ReadSequenceNumber
                0x0000000000085b84                boSegmentNumberDeleteSearchMatch.70368
                0x0000000000085b9f                u32PDM_ReadFileSystemHeaderWearCount
                0x0000000000085bb5                boSearchForWearCountSubstitute.70690
                0x0000000000085bdb                boSearchForWearCountInsertPoint.69939
                0x0000000000085bf9                vPDM_WriteFileSystemHeaderWearCount
                0x0000000000085c0b                u8PDM_CalculateSegmentsRequired.part.0.69075
                0x0000000000085c39                RND_u32GetRand256
                0x0000000000085c56                RND_u32GetRand
                0x0000000000085c7d                u16CalculateFailedTxCount.43354
                0x0000000000085ca7                bFindMatch.26644
                0x0000000000085d05                zps_bAplZdoServerHandleConfirmAcks
                0x0000000000085d4f                zps_bPerformLeaveActionDecider
                0x0000000000085d54                vHandleUpdateDeviceIndication.18319
                0x0000000000085d7e                u32GetScanChannels.18306
                0x0000000000085da9                bDuplicateCheck.13551
                0x0000000000085eb6                zps_vInitAPSMECmdHdr
                0x0000000000085eef                bIsBindTableMatch.13274
                0x0000000000085f40                eRemoveEntryInBindingTable.13302
                0x0000000000085fbf                zps_vAplApsFillAndPostApsAck
                0x0000000000086029                zps_u8AplApsFreeMsgHandle
 .text          0x0000000000086093      0xf4c C:\Users\jack\AppData\Local\Temp\ccNMugYx.ltrans5.ltrans.o
                0x0000000000086093                DBG_vUartFlush
                0x00000000000860c0                DBG_vUartPutch
                0x0000000000086106                boIdValueSearchMatch.69943
                0x0000000000086160                vPostTxActions.91404
                0x000000000008619d                vMiniMac_TxComplete
                0x0000000000086372                vMiniMac_NextTransaction
                0x00000000000863dc                vMiniMac_Init
                0x0000000000086747                eTransmit
                0x0000000000086824                iPDM_FilterDuplicateAppendedSegmentsOnList.71157
                0x000000000008687a                vDispatch.6102
                0x000000000008694c                OS_eStartSWTimer.constprop.87
                0x0000000000086a6b                OS_eActivateTask.constprop.18
                0x0000000000086b0f                OS_eStopSWTimer
                0x0000000000086c32                os_vAPP_taskBlinkLED
                0x0000000000086c9e                OS_ePostMessage
                0x0000000000086e04                vPostMlmeDcfmInd.24001
                0x0000000000086ea1                OS_eExitCriticalSection
                0x0000000000086f86                iPDM_ReadSegmentHeaderDataFromEEPROMsegment
 .text          0x0000000000086fdf      0xcdf C:\Users\jack\AppData\Local\Temp\ccNMugYx.ltrans6.ltrans.o
                0x0000000000086fdf                os_u32APP_cbGetTickTimer
                0x0000000000086fe8                os_bAPP_cbSetTickTimerCompare
                0x0000000000087246                u16PDM_CalculateRecordChecksum
                0x00000000000872f1                zps_psNwkMcpsMgrFindPendingByNwkDstAddr
                0x0000000000087327                u8ZdoEndDeviceBindServerUnpackApdu
                0x00000000000873b7                u8ZdoBindUnbindServerUnpackApdu
                0x0000000000087406                PWRM_vWakeInterruptCallback
                0x000000000008748d                PWRM_vManagePower
                0x00000000000875d7                vDisplayNT
                0x00000000000875f1                ZPS_bIsMacAddressUsedInApsTable
                0x000000000008763b                ZPS_eTsvOpen
                0x0000000000087655                zps_vNwkBttMgrInit
                0x0000000000087683                ZPS_vNwkNibClearTables
                0x000000000008779b                vMicroIntEnableOnly.constprop.86
                0x00000000000877c7                vSetChannelAndPower
                0x0000000000087967                TSV_eStart
                0x00000000000879b7                vMiniMac_MLME_SetReq_PanId
                0x00000000000879f4                vMiniMac_MLME_SetReq_ShortAddr
                0x0000000000087a02                iAHI_WriteDataIntoEEPROMsegment.constprop.67
                0x0000000000087a50                vACI_OptimisedCcmStar.constprop.29
                0x0000000000087c3b                zps_eNwkRtDiscMatch.constprop.26
                0x0000000000087c8e                vTransformKey.isra.0.14814
 .text.unlikely
                0x0000000000087cbe       0xcd C:\Users\jack\AppData\Local\Temp\ccNMugYx.ltrans6.ltrans.o
 .text          0x0000000000087d8b      0xda8 C:\Users\jack\AppData\Local\Temp\ccNMugYx.ltrans7.ltrans.o
                0x0000000000087f1e                vZdoEndDeviceBindStateIdle
                0x000000000008801a                zps_bAplZdoNodeDescServer
                0x000000000008847c                zps_bAplZdoMatchDescServer
                0x00000000000884c7                zps_bAplZdoNwkAddrServer
                0x0000000000088684                zps_bAplZdoIeeeAddrServer
                0x0000000000088827                PDUM_eNPduFree
                0x0000000000088894                vPostVsMcpsDcfmInd.24008
                0x0000000000088956                zps_vNwkMcpsMgrFreeReqDescr
                0x0000000000088980                zps_vNwkRemoveConflictedBroadcast
                0x00000000000889d2                zps_vNwkMcpsMgrTidyBtrReqDescr
                0x0000000000088a15                vNwkBttTimerExpiry.81478
 .text          0x0000000000088b33      0xc9b C:\Users\jack\AppData\Local\Temp\ccNMugYx.ltrans8.ltrans.o
                0x0000000000088b33                vPDM_AddFileSystemElementToListInAscendingWearCountOrder
                0x0000000000088c2a                vPDM_MoveAllDataFromListToList
                0x0000000000088c68                vPDM_MoveAllDataToDeAllocList.constprop.79
                0x0000000000088c93                vPDM_MoveAllDataWithBufferIdAndStateFromListToList
                0x0000000000088d1e                vPDM_MoveAllDataWithBufferIdFromListToList
                0x0000000000088da3                vPDM_DeleteAllSegmentsWithIdFromFileSystemList.constprop.57
                0x0000000000088de5                vPDM_MoveFileRecordFromListToList
                0x0000000000088ef4                iPDM_VerifyDataSequenceWithBufferId
                0x0000000000088f9a                vPDM_MoveRecordToDeAllocList
                0x0000000000088fba                vPDM_DeleteAppendedSequence
                0x000000000008905c                vFreePendingReqDescr
                0x00000000000890be                vHandleRouteDiscoveryExpiry.78971
                0x0000000000089119                PDUM_eNPduAllocate
                0x0000000000089188                zps_u8AplApsConstructAndPostLoopBackDataInd.11887
                0x00000000000892c1                u8PostUnicastMsgToNHLE.11895
                0x00000000000892fa                zps_psAllocateAndFormatMacHdr
                0x00000000000895d1                zps_psNwkInitCmdFrame
                0x0000000000089650                eSendLinkStatusDataDcfm.part.1.73145
                0x0000000000089782                PDUM_eNPduClone
 .text          0x00000000000897ce      0xeeb C:\Users\jack\AppData\Local\Temp\ccNMugYx.ltrans9.ltrans.o
                0x00000000000897ce                vSendNetworkReport.74176
                0x00000000000899ba                zps_eNwkHandleSceRouteRequest
                0x0000000000089ddb                zps_eNwkHandleSceRouteReply
                0x000000000008a092                zps_vNwkHandleCmeLeaveReq
                0x000000000008a160                zps_eNwkHandleSceLeave
                0x000000000008a2f6                zps_psNwkSendRejoinReqCmd.constprop.12
                0x000000000008a35f                zps_u8NwkHandleRejoinReq
                0x000000000008a414                vContinueRejoin.85755
                0x000000000008a4c3                zps_psSendNetworkStatusCmd
                0x000000000008a530                zps_eDefaultDataDcfm
 .text          0x000000000008a6b9      0xdaf C:\Users\jack\AppData\Local\Temp\ccNMugYx.ltrans10.ltrans.o
                0x000000000008a6b9                zps_vAplSaveRecord
                0x000000000008a752                zps_bNwkFindAddIeeeAddr
                0x000000000008a906                eCheckAddrConflict.isra.4.74412
                0x000000000008a99c                vAplSecRemoveLinkKey.18411
                0x000000000008aa19                ZPS_vRemoveEntryFromAddressMap
                0x000000000008aa62                ZPS_vNwkSaveAllRecords
                0x000000000008aa79                zps_vSaveAllZpsRecords
                0x000000000008aa98                ZPS_vNwkNibSetNwkAddr
                0x000000000008aab6                zps_eNwkHandleSceRejnResponse
                0x000000000008ab13                ZPS_vNwkNibSetExtPanId
                0x000000000008ab37                ZPS_vNwkNibSetKeySeqNum
                0x000000000008ab4b                ZPS_vNwkNibSetDepth
                0x000000000008ab54                ZPS_vNwkNibSetUpdateId
                0x000000000008ab63                vSendNetworkUpdate.74180
                0x000000000008ac92                ZPS_vNwkNibSetPanId
                0x000000000008acb0                ZPS_vNwkNibSetCapabilityInfo
                0x000000000008acdd                ZPS_vNwkNibSetChannel
                0x000000000008acfb                ZPS_vNwkSaveNt
                0x000000000008ae15                ZPS_vNtSetUsedStatus
                0x000000000008aebb                zps_vJoinInitNtParent
                0x000000000008af7f                zps_vBuildSortedActvNTList
                0x000000000008b03d                zps_vCheckActvNtForDuplicate
                0x000000000008b0d9                vFinish.86916
                0x000000000008b12f                eSmeOrphScanDcfm.86926
                0x000000000008b1a7                zps_vCleanUnAuthenHandleExpiry
                0x000000000008b2a6                eUnsolicitedRejoinRspDataDcfm.74188
                0x000000000008b2d1                eRejoinRspDataDcfm.85759
                0x000000000008b3a0                zps_eNwkHandleSmeCommStatusInd
                0x000000000008b454                ZPS_vNwkSaveSecMat
 *fill*         0x000000000008b468        0x0 00
 .text          0x000000000008b468      0xe64 C:\Users\jack\AppData\Local\Temp\ccNMugYx.ltrans11.ltrans.o
                0x000000000008b517                zps_eNwkHandleSmeOrphanInd
                0x000000000008b527                vStartScanTimerExpiry.43350
                0x000000000008b7c8                zps_eNwkHandleSceNwkStatus
                0x000000000008bb29                zps_eNwkHandleSmeAssocInd
                0x000000000008bb4b                zps_eNwkHandleSceRejnRequest
                0x000000000008bb9a                eTryNextParent
                0x000000000008bcd9                eSceRjRsRejoinRsp.87050
                0x000000000008bd9a                vCheckSleepingSendPoll.part.1.87028
                0x000000000008be04                zps_eProcessAddrConflict
                0x000000000008bfb1                ZPS_vNwkNibCheckAndUpdateAddresses
                0x000000000008c048                zps_bAplZdoDeviceAnnceServer
 .text          0x000000000008c2cc      0x964 C:\Users\jack\AppData\Local\Temp\ccNMugYx.ltrans12.ltrans.o
                0x000000000008c2cc                iPDM_WriteSegmentHeaderAndData
                0x000000000008c4d5                iPDM_SegmentCopyAndAppendData.constprop.78
                0x000000000008c52f                iPDM_ReconstructReplacedDataTable
                0x000000000008c6d6                iPDM_ReplaceChangedSegmentInSequence
                0x000000000008c928                PDM_eSaveRecordData
                0x000000000008cc04                ZPS_vNwkSaveRecord
 .text          0x000000000008cc30      0xdec C:\Users\jack\AppData\Local\Temp\ccNMugYx.ltrans13.ltrans.o
                0x000000000008cde5                vPollTimeout.92335
                0x000000000008cf30                vSendMlmeCommStatusFromTxFrame
                0x000000000008cf86                MAC_vHandleMlmeVsReqRsp.constprop.80
                0x000000000008d4ca                vScanBeaconReceived
                0x000000000008d50a                vRunningRxCallback
                0x000000000008d807                vPostDcfm.92144
                0x000000000008d876                vScanNextChannel.92150
 .text          0x000000000008da1c      0xbf8 C:\Users\jack\AppData\Local\Temp\ccNMugYx.ltrans14.ltrans.o
                0x000000000008da1c                vMiniMac_InterruptHandler
                0x000000000008dd99                eAssocRespSent.91692
                0x000000000008ddb8                zps_vNwkHandleCmeSyncReq
                0x000000000008de3a                zps_vNwkHandleCmeIdleNwkFormReq
                0x000000000008dee2                zps_vNwkHandleCmeNwkDiscReq
                0x000000000008df5c                zps_vNwkHandleCmeEdScanReq
                0x000000000008e091                zps_eNwkHandleSmeBeaconNotifyInd
                0x000000000008e115                zps_eNwkHandleSceNwkReport
                0x000000000008e193                zps_vNwkHandleCmeNwkJoinReq
                0x000000000008e40d                zps_vNwkHandleCmeNwkActvJoinReq
                0x000000000008e419                eSmeEdScScanDcfm.83914
                0x000000000008e4a9                vHandleRejoinExpiry.86477
                0x000000000008e508                zps_eRejoinDataDcfm
                0x000000000008e54c                eSmeRjPCPollDcfm.87082
                0x000000000008e58d                eSmeAsocAssocDcfm.87086
 .text          0x000000000008e614      0xdca C:\Users\jack\AppData\Local\Temp\ccNMugYx.ltrans15.ltrans.o
                0x000000000008e614                zps_psNwkInitiateRouteDiscovery
                0x000000000008e8e0                zps_psSendFrm
                0x000000000008ebdd                zps_psSendBroadcastFrm.part.0.84549
                0x000000000008ec3b                ZPS_vNwkHandleNldeReqRsp
                0x000000000008ef2d                zps_eAplSendApsmeCmdFrame
                0x000000000008f09c                zps_eAplApsmeUpdateDeviceReqRsp.part.4.13431
                0x000000000008f1df                zps_eAplApsmeRemoveDeviceReqRsp
                0x000000000008f24d                zps_vAplApsmeCmdMgrRetryTimeout.13266
                0x000000000008f276                zps_eNwkHandleSceRouteRecord
                0x000000000008f333                zps_vProcessLocalAddrConflict
 .text          0x000000000008f3de      0xf09 C:\Users\jack\AppData\Local\Temp\ccNMugYx.ltrans16.ltrans.o
                0x000000000008f3de                PDUM_hAPduAllocateAPduInstance
                0x000000000008f452                zps_eAplZdoSendZdpResponse
                0x000000000008f49b                bSendResponse.42168
                0x000000000008f4de                PDUM_eAPduFreeAPduInstance
                0x000000000008f561                zps_bAplZdoSimpleDescServer
                0x000000000008f7fa                zps_bAplZdoPowerDescServer
                0x000000000008f947                zps_bAplZdoActiveEpServer
                0x000000000008fa60                zps_bAplZdoSystemServerDiscoveryServer
                0x000000000008fb1d                zps_bAplZdoMgmtLqiServer
                0x000000000008fdaf                zps_bAplZdoMgmtRtgServer
                0x000000000008ff28                os_vAPP_taskMyEndPoint
                0x000000000008ffbd                vReset_StateMachine.26687
                0x0000000000090001                vZdoServersInit.2787
                0x00000000000901bd                zps_bAplZdoEndDeviceBindServer
                0x0000000000090275                vLoadAplRecord.18346
                0x00000000000902a9                vLoadNwkRecord.76035
 .text          0x00000000000902e7      0xc84 C:\Users\jack\AppData\Local\Temp\ccNMugYx.ltrans17.ltrans.o
                0x0000000000090391                zps_eNwkHandleSceLinkStatus
                0x00000000000904e9                bAplZdoBindUnbindServerProcessApdu
                0x00000000000907fc                vMiniMac_McpsCallback
                0x0000000000090a40                eMcpsTxCompleteHandler.90996
                0x0000000000090a6e                vPDM_ImageBitmapRepair.69858
                0x0000000000090acf                zps_psFindKeyDescr
                0x0000000000090bfb                zps_eAplSecEncryptPacket
                0x0000000000090ced                ZPS_bNwkNibAddrMapAddEntry
                0x0000000000090eb4                zps_vAgeRouter
                0x0000000000090ef2                zps_vLinkStatusHandleExpiry
 .text.unlikely
                0x0000000000090f6b       0x5c C:\Users\jack\AppData\Local\Temp\ccNMugYx.ltrans17.ltrans.o
                0x0000000000090f6b                vInitUnknownNeighbor.75083
 *fill*         0x0000000000090fc7        0x1 00
 .text          0x0000000000090fc8      0xc58 C:\Users\jack\AppData\Local\Temp\ccNMugYx.ltrans18.ltrans.o
                0x0000000000090fc8                vApsmeResendTimeOutHandler
                0x00000000000911d6                vPostNldeDcfmInd.9307
 .text          0x0000000000091c20      0xb72 C:\Users\jack\AppData\Local\Temp\ccNMugYx.ltrans19.ltrans.o
                0x0000000000091cc6                zps_bAplZdoMgmtLeaveServer
                0x0000000000091e38                zps_bAplZdoPermitJoiningServer
                0x0000000000091f32                vChangeChannelTimerExpiry.43346
                0x0000000000091f95                eLeaveReset.87907
                0x0000000000092000                eLeaveDataDcfmLocalLeave.87917
                0x000000000009207a                zps_vAplAfPostEvent
                0x0000000000092494                vPostApsdeDcfmInd.9300
                0x000000000009269d                zps_vHandleApsdeDataFragIndNotSupported
                0x000000000009276c                zps_eAplZdoPermitJoining.constprop.64
 .text          0x0000000000092792      0xccd C:\Users\jack\AppData\Local\Temp\ccNMugYx.ltrans20.ltrans.o
                0x0000000000092792                vZdoBdrmSendNextTimedRequest
                0x0000000000092b69                zps_eZdpNwkAddrResponse
                0x0000000000092c4c                zps_eZdpIeeeAddrResponse
                0x0000000000092d2f                zps_eZdpNodeDescResponse
                0x0000000000093052                AppWarmStart
                0x000000000009305d                AppColdStart
                0x000000000009329e                os_vUnclaimedInterrupt
                0x00000000000932b0                os_vControlledIntCheck
                0x00000000000932f5                os_vControlledInterrupt
                0x000000000009332e                os_vAPP_isrTickTimer
                0x000000000009341e                os_vAPP_isrIllegalInstruction
                0x000000000009342b                os_vAPP_isrAlignmentException
                0x0000000000093438                os_vAPP_isrBusErrorException
                0x0000000000093445                os_vAPP_isrUnimplementedModuleException
                0x0000000000093452                os_vAPP_isrStackOverflowException
 .text          0x000000000009345f      0xbe5 C:\Users\jack\AppData\Local\Temp\ccNMugYx.ltrans21.ltrans.o
                0x000000000009345f                zps_eZdpPowerDescResponse
                0x00000000000934fc                zps_eZdpSimpleDescResponse
                0x0000000000093609                zps_eZdpActiveEpResponse
                0x000000000009369f                zps_eZdpMatchDescResponse
                0x0000000000093735                zps_eZdpSystemServerDiscoveryResponse
                0x00000000000937a4                zps_eAplZdpMgmtLqiResponse
                0x000000000009388c                zps_eAplZdpMgmtRtgResponse
                0x0000000000093953                zps_eZdpMgmtNwkUpdateNotifyResponse
                0x0000000000093a7d                os_vAPP_AgeOutChildren
                0x0000000000093cf9                vZdoEndDeviceBindStateWaitSendWithAck
                0x0000000000093f34                zps_bAplZdoZdoClient
 .text          0x0000000000094044      0xcb5 C:\Users\jack\AppData\Local\Temp\ccNMugYx.ltrans22.ltrans.o
                0x0000000000094044                eOrphanNotificationSent.92125
                0x000000000009408d                os_vzps_isrMAC
                0x00000000000940c4                ZPS_vNwkHandleMcpsVsDcfmInd
 *fill*         0x0000000000094cf9        0x3 00
 .text          0x0000000000094cfc      0xbf8 C:\Users\jack\AppData\Local\Temp\ccNMugYx.ltrans23.ltrans.o
                0x0000000000094cfc                vMcpsMgrExpiry.75071
                0x0000000000094d5b                zps_vNwkHandleCmeRouteDiscoveryReq
                0x0000000000094de1                vMiniMac_MlmeCallback
                0x00000000000950e6                vMiniMacPoll_CheckPollResponse
                0x0000000000095138                ePollReqSent.92337
                0x0000000000095183                ZPS_vNwkResetOutgoingFrameCounter
                0x00000000000951d7                zps_vAplTrustCenterInit
                0x00000000000952a6                eUnfragmentedUnicastTransmission.11870
                0x0000000000095600                zps_eAplApsmeTransportKeyReqRsp.constprop.8
                0x0000000000095783                zps_vAplTrustCenterRequestKey
 .text          0x00000000000958f4      0xa30 C:\Users\jack\AppData\Local\Temp\ccNMugYx.ltrans24.ltrans.o
                0x00000000000958f4                zps_vAplApsPollTimer
                0x0000000000095956                vAplSecAuthPollTimerExpiry.18296
                0x0000000000095abe                zps_vAplTrustCenterUpdateDevice
                0x0000000000095c25                vAplSecAuthTimerExpiry.18300
                0x0000000000095cf5                eRejoinNetwork.18333.constprop.63
                0x0000000000095d91                eStartNetworkDiscovery.18373
                0x0000000000095dfb                zps_eAplZdoStartStack
                0x0000000000095f03                eStartRouter.18383
                0x0000000000095fd2                vPostApsmeDcfmInd.9293
 .text          0x0000000000096324      0x9de C:\Users\jack\AppData\Local\Temp\ccNMugYx.ltrans25.ltrans.o
                0x0000000000096324                ZPS_vAplHandleApsdeReqRsp
                0x0000000000096744                zps_eAplZdpApsdeReqInternal
                0x00000000000967b3                eSendDeviceAnnounce.45994
                0x00000000000968bb                zps_bAplZdoMgmtNWKUpdateServer
                0x0000000000096c5d                zps_eZdpEndDeviceBindResponse
                0x0000000000096c7e                zps_eAplZdpBindResponse
                0x0000000000096c9f                zps_eZdpUnbindResponse
                0x0000000000096cc0                zps_eZdpMgmtLeaveResponse
                0x0000000000096ce1                zps_eZdpMgmtPermitJoiningResponse
 .text          0x0000000000096d02      0xb04 C:\Users\jack\AppData\Local\Temp\ccNMugYx.ltrans26.ltrans.o
                0x0000000000096d5a                zps_vNwkHandleCmeActvStartRouterReq
                0x0000000000096e8f                vHandleNwkLocalUpdateAfterBcast.74193
                0x0000000000096ee3                vHandleNwkRemoteUpdateAfterBcast.74184
                0x0000000000096f37                eSmeAcScScanDcfm.83909
                0x0000000000097205                ZPS_pvNwkCtor.constprop.71
                0x0000000000097789                ZPS_vNwkHandleNlmeReqRsp
 .text          0x0000000000097806      0xa5e C:\Users\jack\AppData\Local\Temp\ccNMugYx.ltrans27.ltrans.o
                0x0000000000097806                vIncrementFrameCounterInPdm.isra.0.76467
                0x00000000000979e2                vProcessListsForSubmission.75183
                0x0000000000097d57                zps_vNwkMcpsMgrPost
                0x0000000000097d7b                zps_psNwkSendLeaveCmd
                0x0000000000097de3                zps_eNwkHandleSdeActvDcfmData
                0x0000000000097ecf                vMcpsMgrTimeoutExpiry
                0x0000000000097f42                zps_sNwkNibNtCheckJoin
                0x00000000000981e5                zps_vNwkHandleCmeDirectJoinReq
 .text          0x0000000000098264      0xbbf C:\Users\jack\AppData\Local\Temp\ccNMugYx.ltrans28.ltrans.o
                0x0000000000098264                psGetNlmeBuf.9283
                0x000000000009826e                psGetNldeBuf.9304
                0x0000000000098278                psGetApsmeBuf.9290
                0x0000000000098281                psGetApsdeBuf.9297
                0x000000000009839a                os_bDummyMemberCheck.6112
                0x000000000009839f                os_vDefaultErrorHook.6108
                0x00000000000983a2                os_bStrictCheck.1358
                0x0000000000098555                bCheckProfile.9142
                0x0000000000098593                ZPS_bIsGroupPresent
                0x00000000000985cb                pdum_u16ReadNBO
                0x000000000009872c                PDUM_u16SizeNBO
                0x000000000009878a                PDUM_u16APduInstanceWriteStrNBO
                0x0000000000098909                PDUM_u16APduInstanceReadNBO
                0x0000000000098954                PDUM_u16APduInstanceWriteNBO
                0x00000000000989be                PDUM_eAPduInstanceSetPayloadSize
                0x00000000000989e6                PDUM_eNPduWriteDataFromBuffer
                0x0000000000098a40                PDUM_eNPduWriteDataToBuffer
                0x0000000000098a9e                PDUM_eNPduWriteFromBuffer
                0x0000000000098ac7                PDUM_eNPduDescend
                0x0000000000098aed                PDUM_eNPduAscend
                0x0000000000098b13                PDUM_eNPduClaimData
                0x0000000000098b80                PDUM_eNPduAppendDataNBO
                0x0000000000098bdd                PDUM_eNPduClaimHeader
                0x0000000000098c00                PDUM_eNPduReadHeaderNBO
                0x0000000000098c53                PDUM_eNPduPrependHeaderNBO
                0x0000000000098cae                PDUM_eNPduInitDescending
                0x0000000000098cc9                eExpireSWTimer.6121
                0x0000000000098d34                vEnterErrorHook.6104
                0x0000000000098d5b                OS_eCollectMessage
                0x0000000000098e20                vOSError
 *fill*         0x0000000000098e23        0x1 00
 .text          0x0000000000098e24      0x7c0 C:\Users\jack\AppData\Local\Temp\ccNMugYx.ltrans29.ltrans.o
                0x0000000000098e24                vPostNlmeDcfmInd.9286
 .text          0x00000000000995e4      0x85a C:\Users\jack\AppData\Local\Temp\ccNMugYx.ltrans30.ltrans.o
                0x00000000000995e4                vfExtendedStatusCallBack.3723
                0x00000000000995f0                OS_eEnterCriticalSection
                0x00000000000996b8                PDM_eReadDataFromRecord.part.0.69193
                0x000000000009973b                ZPS_eTsvStart
                0x0000000000099796                zps_eNwkHandleSceNwkUpdate
                0x00000000000997ba                vProcessTimedList.75092
                0x0000000000099800                zps_vNwkMcpsMgrPostTimed
                0x0000000000099813                vNwkMcpsSendTimedDfcm
                0x0000000000099857                zps_vAplAfPostTimerEvent
                0x00000000000998ce                zps_vExpireOldRoutes
                0x0000000000099948                zps_vNwkJoinStStartResponseTimer
                0x0000000000099982                ZPS_eTsvStop
                0x00000000000999d6                zps_vNwkHandleCmePermitJoinReq
                0x0000000000099a3e                zps_eNwkBtrMatch
                0x0000000000099b33                zps_vAplApsStopPollTimer.part.2.11776
                0x0000000000099bba                ZPS_bSecEncrypt
                0x0000000000099d70                zps_vSendJoinDcfm
                0x0000000000099db7                vGiveUp.86481
                0x0000000000099def                DBG_vDumpStack
                0x0000000000099e31                vUnclaimedInterrupt
 .text          0x0000000000099e3e      0x1c4 C:\Users\jack\AppData\Local\Temp\ccNMugYx.ltrans31.ltrans.o
                0x0000000000099e3e                os_vzps_taskZPS
 .text          0x000000000009a002       0x25 c:/nxp/bstudio_nxp/sdk/tools/ba-elf-ba2-r36379/bin/../lib/gcc/ba-elf/4.7.4/../../../../ba-elf/lib/mcpu_jn51xx_sizeopt\libc.a(lib_a-memcmp.o)
                0x000000000009a002                memcmp
 .text          0x000000000009a027       0x19 c:/nxp/bstudio_nxp/sdk/tools/ba-elf-ba2-r36379/bin/../lib/gcc/ba-elf/4.7.4/../../../../ba-elf/lib/mcpu_jn51xx_sizeopt\libc.a(lib_a-memcpy.o)
 .text          0x000000000009a040       0x12 c:/nxp/bstudio_nxp/sdk/tools/ba-elf-ba2-r36379/bin/../lib/gcc/ba-elf/4.7.4/../../../../ba-elf/lib/mcpu_jn51xx_sizeopt\libc.a(lib_a-memset.o)
                0x000000000009a040                memset
 *fill*         0x000000000009a052        0x2 00
 .text          0x000000000009a054      0x204 c:/nxp/bstudio_nxp/sdk/tools/ba-elf-ba2-r36379/bin/../lib/gcc/ba-elf/4.7.4/mcpu_jn51xx_sizeopt\libgcc.a(__udivsi3.o)
                0x000000000009a054                __udivsi3
 .text          0x000000000009a258      0x1b0 c:/nxp/bstudio_nxp/sdk/tools/ba-elf-ba2-r36379/bin/../lib/gcc/ba-elf/4.7.4/mcpu_jn51xx_sizeopt\libgcc.a(__umodsi3.o)
                0x000000000009a258                __umodsi3
 .text          0x000000000009a408       0x24 c:/nxp/bstudio_nxp/sdk/tools/ba-elf-ba2-r36379/bin/../lib/gcc/ba-elf/4.7.4/mcpu_jn51xx_sizeopt\libgcc.a(__modsi3.o)
                0x000000000009a408                __modsi3
 .text          0x000000000009a42c      0x350 c:/nxp/bstudio_nxp/sdk/tools/ba-elf-ba2-r36379/bin/../lib/gcc/ba-elf/4.7.4/mcpu_jn51xx_sizeopt\libgcc.a(_udivdi3.o)
                0x000000000009a42c                __udivdi3
 *fill*         0x000000000009a77c        0x4 00
 .text          0x000000000009a780      0x138 os_irq.o
                0x000000000009a780                os_ExternalException_W
                0x000000000009a7c4                os_PIC_ChannelPriorities
                0x000000000009a7d4                os_OSMIUM_HwVectTable
                0x000000000009a810                os_PIC_SwVectTable
 .text          0x000000000009a8b8       0x29 os_irq_alignment.o
                0x000000000009a8b8                IRQ_Alignment
 .text          0x000000000009a8e1       0x29 os_irq_buserror.o
                0x000000000009a8e1                IRQ_BusError
 .text          0x000000000009a90a       0x29 os_irq_illegalinstruction.o
                0x000000000009a90a                IRQ_IllegalInstruction
 .text          0x000000000009a933       0x29 os_irq_stackoverflowexception.o
                0x000000000009a933                IRQ_StackOverflowException
 .text          0x000000000009a95c       0x29 os_irq_unimplementedmodule.o
                0x000000000009a95c                IRQ_UnimplementedModule
 *fill*         0x000000000009a985        0x3 00
 .text          0x000000000009a988       0xc0 c:/NXP/bstudio_nxp/sdk/JN-SW-4168/Components/Library\libOS_JN516x.a(os_contirq_JN516x.o)
                0x000000000009a988                os_ExternalException_R
                0x000000000009a9b8                os_CFunc_W
                0x000000000009aa08                os_UnclaimedException_W
                0x000000000009aa28                os_UnclaimedInterrupt_W
 .text          0x000000000009aa48       0x48 c:/NXP/bstudio_nxp/sdk/JN-SW-4168/Components/Library\libPWRM_JN516x.a(pwrm_setjmp_JN516x.o)
                0x000000000009aa48                setjmp
                0x000000000009aa6c                PWRM_longjmp
 .text          0x000000000009aa90       0x27 c:/NXP/bstudio_nxp/sdk/JN-SW-4168/Components/Library\libHardwareApi_JN5169.a(AHI_Interrupt.o)
                0x000000000009aa90                vAHI_InterruptSetPriority
                0x000000000009aaae                vAHI_InterruptSetActivePriorityLevel
 .text.vMicroSyscall
                0x000000000009aab7       0x17 c:/NXP/bstudio_nxp/sdk/JN-SW-4168/Components/Library\libMicroSpecific_JN516x.a(MicroSyscall_ba.o)
                0x000000000009aab7                vMicroSyscall
 .text          0x000000000009aace        0x0 c:/NXP/bstudio_nxp/sdk/JN-SW-4168/Components/Library\libOS_JN516x.a(os_version_lc.o)
                0x000000000009aace                OS_Version_1v2
 .text          0x000000000009aace        0x0 c:/NXP/bstudio_nxp/sdk/JN-SW-4168/Components/Library\libZPSAPL_JN516x.a(zps_apl_version_lc.o)
                0x000000000009aace                ZPS_APL_Version_2v0
 .text          0x000000000009aace        0x0 c:/NXP/bstudio_nxp/sdk/JN-SW-4168/Components/Library\libZPSNWK_JN516x.a(zps_nwk_version_lc.o)
                0x000000000009aace                ZPS_NWK_Version_2v0
                0x000000000009aace                _flash_end = ABSOLUTE (.)

.rela.dyn       0x000000000009aad0        0x0
 .rela.text     0x0000000000000000        0x0 os_irq.o
 .rela.data     0x0000000000000000        0x0 os_irq.o
 .rela.rodata   0x0000000000000000        0x0 os_irq.o
                0x000000000400004c                . = ORIGIN (ram)

.data           0x000000000400004c      0x6b8 load address 0x000000000009aad0
                0x000000000400004c                _ram_data_start = ABSOLUTE (.)
 *(.data*)
 .data          0x000000000400004c       0x11 C:\Users\jack\AppData\Local\Temp\ccNMugYx.ltrans0.ltrans.o
                0x000000000400004c                u8MiniMacConfig_MaxConcurrentAssocResponses
 *fill*         0x000000000400005d        0x3 00
 .data          0x0000000004000060        0x4 C:\Users\jack\AppData\Local\Temp\ccNMugYx.ltrans2.ltrans.o
                0x0000000004000060                u32HeapStart
 .data          0x0000000004000064        0x1 C:\Users\jack\AppData\Local\Temp\ccNMugYx.ltrans3.ltrans.o
 .data          0x0000000004000065        0x1 C:\Users\jack\AppData\Local\Temp\ccNMugYx.ltrans5.ltrans.o
 *fill*         0x0000000004000066        0x2 00
 .data          0x0000000004000068        0x4 C:\Users\jack\AppData\Local\Temp\ccNMugYx.ltrans8.ltrans.o
                0x0000000004000068                bCanLoopback.12116
 .data          0x000000000400006c        0x6 C:\Users\jack\AppData\Local\Temp\ccNMugYx.ltrans17.ltrans.o
 *fill*         0x0000000004000072        0x6 00
 .data          0x0000000004000078      0x5b8 C:\Users\jack\AppData\Local\Temp\ccNMugYx.ltrans20.ltrans.o
                0x0000000004000078                os_Mutex_mutexMAC
                0x0000000004000080                os_Mutex_mutexZPS
                0x0000000004000088                s_sApl.2846
                0x00000000040001d4                os_Message_APP_msgMyEndPointEvents
                0x00000000040001f8                os_Message_APP_msgZpsEvents
                0x000000000400021c                os_SWTimer_APP_cntrTickTimer_App_tmr1sec
                0x0000000004000238                os_SWTimer_APP_cntrTickTimer_APP_AgeOutChildrenTmr
                0x0000000004000254                os_SWTimer_APP_cntrTickTimer_APP_tmrLEDBlinkTimer
                0x0000000004000270                os_Message_zps_msgMlmeDcfmInd
                0x0000000004000294                os_Message_zps_msgTimeEvents
                0x00000000040002b8                os_Message_zps_msgMcpsDcfmInd
                0x00000000040002dc                os_Task_APP_taskMyEndPoint
                0x00000000040002e8                os_Task_APP_taskCoordinator
                0x00000000040002f4                os_Task_APP_AgeOutChildren
                0x0000000004000300                os_Task_zps_taskZPS
                0x000000000400030c                u8AhiBaudRate.71343
                0x0000000004000310                s_prbMemberCheck.6228
                0x0000000004000314                s_prvErrorHook.6226
 .data          0x0000000004000630        0xa C:\Users\jack\AppData\Local\Temp\ccNMugYx.ltrans21.ltrans.o
                0x0000000004000630                u16ActiveEDAddress.5226
 *fill*         0x000000000400063a        0x2 00
 .data          0x000000000400063c       0xac C:\Users\jack\AppData\Local\Temp\ccNMugYx.ltrans28.ltrans.o
                0x000000000400063c                s_asapduZCLInstances
                0x00000000040006b4                s_asapduZDPInstances
 .data          0x00000000040006e8        0x1 C:\Users\jack\AppData\Local\Temp\ccNMugYx.ltrans31.ltrans.o
 *fill*         0x00000000040006e9        0x3 00
 .data.s_asAPduPool
                0x00000000040006ec       0x18 pdum_apdu.o
                0x00000000040006ec                pdum_apduZDP
                0x00000000040006ec                s_asAPduPool
                0x00000000040006f8                pdum_apduZCL
 *(.data.*)
                0x0000000004000704                . = ALIGN (0x4)
                0x0000000004000704                _ram_data_end = ABSOLUTE (.)

.bss            0x0000000004000704     0x3188 load address 0x000000000009b188
                0x0000000004000704                _bss_start = ABSOLUTE (.)
 *(.bss*)
 .bss           0x0000000004000704      0xe4c C:\Users\jack\AppData\Local\Temp\ccNMugYx.ltrans0.ltrans.o
                0x0000000004000704                psNextWake.6299
                0x0000000004000708                s_bWakeTimerActive.6300
                0x0000000004000709                s_ePowerMode.6301
                0x000000000400070a                gu16NumberOfSegments.94693
                0x000000000400070c                pfExtendedStatusCallBack.73705
                0x0000000004000710                u8MaxNpdu.6502
                0x0000000004000711                u8Count.6501
                0x0000000004000714                s_psNPduPoolEnd.6504
                0x0000000004000718                s_psNPduPoolStart.6503
                0x000000000400071c                s_psFreeListHead.6500
                0x0000000004000720                s_hMutex.6499
                0x0000000004000724                s_hMutex.6619
                0x0000000004000728                s_u32x.68965
                0x000000000400072c                s_hMutex.95685
                0x0000000004000730                psShadowRxBuffer
                0x0000000004000734                pvRxStore
                0x0000000004000738                pvTxStore
                0x000000000400073c                g_pvAplHandle
                0x0000000004000740                s_hMacMutex
                0x0000000004000744                s_sDcfmIndMgr.95450
                0x000000000400074c                prAppMlmeGetBuffer
                0x0000000004000750                prAppMlmeCallback
                0x0000000004000754                psFreeMsgListHead
                0x0000000004000758                psActiveMsgListHead
                0x000000000400075c                u8MiniMac_RunTimeOptions
                0x0000000004000760                psPDM_Common
                0x0000000004000764                s_groupTablePdmStorage.2996
 .bss           0x0000000004001550        0x1 C:\Users\jack\AppData\Local\Temp\ccNMugYx.ltrans1.ltrans.o
                0x0000000004001550                s_eDeviceState.4057
 *fill*         0x0000000004001551        0x3 00
 .bss           0x0000000004001554        0xc C:\Users\jack\AppData\Local\Temp\ccNMugYx.ltrans2.ltrans.o
 .bss           0x0000000004001560       0x10 C:\Users\jack\AppData\Local\Temp\ccNMugYx.ltrans3.ltrans.o
                0x0000000004001560                vFlushFn.71287
                0x0000000004001564                vPutchFn.71282
 .bss           0x0000000004001570       0x40 C:\Users\jack\AppData\Local\Temp\ccNMugYx.ltrans4.ltrans.o
 .bss           0x00000000040015b0        0x4 C:\Users\jack\AppData\Local\Temp\ccNMugYx.ltrans5.ltrans.o
 .bss.initinboot
                0x00000000040015b4        0x1 C:\Users\jack\AppData\Local\Temp\ccNMugYx.ltrans5.ltrans.o
 *fill*         0x00000000040015b5        0x3 00
 .bss           0x00000000040015b8       0x1c C:\Users\jack\AppData\Local\Temp\ccNMugYx.ltrans6.ltrans.o
 .bss           0x00000000040015d4        0x4 C:\Users\jack\AppData\Local\Temp\ccNMugYx.ltrans7.ltrans.o
 .bss           0x00000000040015d8       0x30 C:\Users\jack\AppData\Local\Temp\ccNMugYx.ltrans8.ltrans.o
 .bss           0x0000000004001608        0x1 C:\Users\jack\AppData\Local\Temp\ccNMugYx.ltrans9.ltrans.o
 *fill*         0x0000000004001609        0x3 00
 .bss           0x000000000400160c       0x24 C:\Users\jack\AppData\Local\Temp\ccNMugYx.ltrans10.ltrans.o
                0x000000000400160c                apvAplPdmRecordsAddress
                0x0000000004001624                au16AplPdmRecordsSize
 .bss           0x0000000004001630        0xc C:\Users\jack\AppData\Local\Temp\ccNMugYx.ltrans12.ltrans.o
                0x0000000004001630                a16NwkPdmRecordSizes
 .bss           0x000000000400163c        0x1 C:\Users\jack\AppData\Local\Temp\ccNMugYx.ltrans13.ltrans.o
                0x000000000400163c                u8ScanBeaconsSeen.95489
 *fill*         0x000000000400163d        0x3 00
 .bss           0x0000000004001640       0x30 C:\Users\jack\AppData\Local\Temp\ccNMugYx.ltrans14.ltrans.o
                0x0000000004001640                sMiniMacPhyPib
                0x0000000004001644                s_prExpireFn.95686
                0x0000000004001648                psTimerServerList
 .bss           0x0000000004001670       0x40 C:\Users\jack\AppData\Local\Temp\ccNMugYx.ltrans15.ltrans.o
 .bss           0x00000000040016b0       0x10 C:\Users\jack\AppData\Local\Temp\ccNMugYx.ltrans16.ltrans.o
 .bss           0x00000000040016c0        0x3 C:\Users\jack\AppData\Local\Temp\ccNMugYx.ltrans17.ltrans.o
 *fill*         0x00000000040016c3        0xd 00
 .bss           0x00000000040016d0     0x1b00 C:\Users\jack\AppData\Local\Temp\ccNMugYx.ltrans20.ltrans.o
                0x00000000040016d0                s_sDefaultServerContext.2908
                0x00000000040016d8                s_sEndDeviceBindServerContext.2839
                0x0000000004001718                s_sMgmtRtgServerContext.2840
                0x0000000004001720                s_sPermitJoiningServerContext.2841
                0x0000000004001728                s_sBindRequestServerContext.2842
                0x0000000004001768                s_sBindUnbindServerContext.2844
                0x00000000040017a8                s_sMgmtNWKUpdateServerContext.2845
                0x00000000040017e8                s_sMgmtLeaveServerContext.2907
                0x0000000004001810                s_sMgmtLqiServerContext.2906
                0x0000000004001818                s_sSimpleDescServerContext.2905
                0x0000000004001820                s_sMatchDescServerContext.2904
                0x0000000004001828                s_sPowerDescServerContext.2903
                0x0000000004001830                s_sNodeDescServerContext.2902
                0x0000000004001838                s_sSystemServerDiscoveryServerContext.2901
                0x0000000004001840                s_sIeeeAddrServerContext.2900
                0x0000000004001848                s_sNwkAddrServerContext.2899
                0x0000000004001850                s_sActiveEpServerContext.2898
                0x0000000004001858                s_sDeviceAnnceServerContext.2897
                0x0000000004001858                s_sZdoClientContext.2896
                0x0000000004001860                bDefaultServerIgnoreHandleMgmtUpdate
                0x0000000004001864                bBindLookup
                0x0000000004001868                psBindUnbindServerContext
                0x000000000400186c                s_asAPduPool.6618
                0x0000000004001870                s_u32LastExpiredTime.3697
                0x0000000004001874                s_u32CompareTime.3696
                0x0000000004001878                s_prvCurrentISR.6229
                0x000000000400187c                u8AhiUart.71342
                0x0000000004001880                s_u32CurrentPriorityMask.6221
                0x0000000004001884                s_u8OSLevelIPL.6225
                0x0000000004001888                s_asTasks.6224
                0x000000000400188c                s_u32PendingQueue.6223
                0x0000000004001890                pwrm_CPUContext
 .bss           0x00000000040031d0       0xa0 C:\Users\jack\AppData\Local\Temp\ccNMugYx.ltrans21.ltrans.o
                0x00000000040031d0                sMiniMacPib
 .bss           0x0000000004003270       0x9c C:\Users\jack\AppData\Local\Temp\ccNMugYx.ltrans22.ltrans.o
                0x0000000004003270                s_psVsMcpsDcfmInd.25304
                0x0000000004003274                s_psMacDcfmInd.25303
                0x0000000004003278                au32TimerCounter
                0x0000000004003298                aprTimerCallback
                0x00000000040032b8                sMiniMacInternal
                0x00000000040032e4                bCheckChild
 .bss           0x000000000400330c        0x8 C:\Users\jack\AppData\Local\Temp\ccNMugYx.ltrans23.ltrans.o
 .bss           0x0000000004003314        0x2 C:\Users\jack\AppData\Local\Temp\ccNMugYx.ltrans25.ltrans.o
                0x0000000004003314                s_u16ActivityCounter
 *fill*         0x0000000004003316        0x2 00
 .bss           0x0000000004003318        0xc C:\Users\jack\AppData\Local\Temp\ccNMugYx.ltrans26.ltrans.o
                0x0000000004003318                sThisDeviceMacAddr
 .bss           0x0000000004003324        0x1 C:\Users\jack\AppData\Local\Temp\ccNMugYx.ltrans27.ltrans.o
                0x0000000004003324                bIgnoreBroadcast
 *fill*         0x0000000004003325        0x3 00
 .bss           0x0000000004003328      0x51c C:\Users\jack\AppData\Local\Temp\ccNMugYx.ltrans28.ltrans.o
 .bss           0x0000000004003844        0x4 C:\Users\jack\AppData\Local\Temp\ccNMugYx.ltrans30.ltrans.o
                0x0000000004003844                s_psCurrentTask.6222
 .bss           0x0000000004003848        0x4 C:\Users\jack\AppData\Local\Temp\ccNMugYx.ltrans31.ltrans.o
                0x0000000004003848                u32DataQueueCount
 .bss.dontinitinboot
                0x000000000400384c       0x40 c:/NXP/bstudio_nxp/sdk/JN-SW-4168/Components/Library\libBoot_JN516x.a(ExceptionHandler.o)
                0x000000000400384c                isr_handlers
 *(.bss.*)
 *(.scommon*)
 *(.scommon.*)
 *(COMMON)
                0x000000000400388c                . = ALIGN (0x4)
                0x000000000400388c                _bss_end = ABSOLUTE (.)

.heap           0x000000000400388c      0x7d0 load address 0x000000000009e310
                0x000000000400388c                _heap_start = ABSOLUTE (.)
                0x000000000400405c                . = (. + __minimum_heap_size)
 *fill*         0x000000000400388c      0x7d0 00

.stack          0x0000000004006c78     0x1388 load address 0x00000000000a16fc
                0x0000000004006c78                _heap_end = ABSOLUTE (.)
                0x0000000004006c78                _stack_low_water_mark = ABSOLUTE (.)
                0x0000000004008000                . = (. + __stack_size)
 *fill*         0x0000000004006c78     0x1388 00

.test           0x000000000009b188        0x1
                0x000000000009b188        0x1 BYTE 0xff
                0x000000000009aad0                _flash_data_start = LOADADDR (.data)
                0x00000000000006b8                _ram_data_len = (((_ram_data_end - _ram_data_start) + 0x3) & 0xfffffffffffffffc)
                0x0000000000003188                _bss_len = (((_bss_end - _bss_start) + 0x3) & 0xfffffffffffffffc)
                0x000000000001b188                _image_len = ((((_flash_end - _flash_start) + _ram_data_len) + 0x3) & 0xfffffffffffffffc)
                0x0000000004008000                _ram_top = (ABSOLUTE (ORIGIN (ram)) + 0x7fb4)
                0x0000000004008000                ram_top = (ABSOLUTE (ORIGIN (ram)) + 0x7fb4)
                0x0000000001001580                _app_ram_start = 0x1001580
                0x0000000004000060                PROVIDE (_heap_location, u32HeapStart)
                0x0000000004000060                PROVIDE (heap_location, u32HeapStart)
OUTPUT(Coordinator_JN5169.elf elf32-ba)

.comment        0x0000000000000000       0x11
 .comment       0x0000000000000000       0x12 C:\Users\jack\AppData\Local\Temp\ccNMugYx.ltrans0.ltrans.o
 .comment       0x0000000000000000       0x12 C:\Users\jack\AppData\Local\Temp\ccNMugYx.ltrans1.ltrans.o
 .comment       0x0000000000000000       0x12 C:\Users\jack\AppData\Local\Temp\ccNMugYx.ltrans2.ltrans.o
 .comment       0x0000000000000000       0x12 C:\Users\jack\AppData\Local\Temp\ccNMugYx.ltrans3.ltrans.o
 .comment       0x0000000000000000       0x12 C:\Users\jack\AppData\Local\Temp\ccNMugYx.ltrans4.ltrans.o
 .comment       0x0000000000000000       0x12 C:\Users\jack\AppData\Local\Temp\ccNMugYx.ltrans5.ltrans.o
 .comment       0x0000000000000000       0x12 C:\Users\jack\AppData\Local\Temp\ccNMugYx.ltrans6.ltrans.o
 .comment       0x0000000000000000       0x12 C:\Users\jack\AppData\Local\Temp\ccNMugYx.ltrans7.ltrans.o
 .comment       0x0000000000000000       0x12 C:\Users\jack\AppData\Local\Temp\ccNMugYx.ltrans8.ltrans.o
 .comment       0x0000000000000000       0x12 C:\Users\jack\AppData\Local\Temp\ccNMugYx.ltrans9.ltrans.o
 .comment       0x0000000000000000       0x12 C:\Users\jack\AppData\Local\Temp\ccNMugYx.ltrans10.ltrans.o
 .comment       0x0000000000000000       0x12 C:\Users\jack\AppData\Local\Temp\ccNMugYx.ltrans11.ltrans.o
 .comment       0x0000000000000000       0x12 C:\Users\jack\AppData\Local\Temp\ccNMugYx.ltrans12.ltrans.o
 .comment       0x0000000000000000       0x12 C:\Users\jack\AppData\Local\Temp\ccNMugYx.ltrans13.ltrans.o
 .comment       0x0000000000000000       0x12 C:\Users\jack\AppData\Local\Temp\ccNMugYx.ltrans14.ltrans.o
 .comment       0x0000000000000000       0x12 C:\Users\jack\AppData\Local\Temp\ccNMugYx.ltrans15.ltrans.o
 .comment       0x0000000000000000       0x12 C:\Users\jack\AppData\Local\Temp\ccNMugYx.ltrans16.ltrans.o
 .comment       0x0000000000000000       0x12 C:\Users\jack\AppData\Local\Temp\ccNMugYx.ltrans17.ltrans.o
 .comment       0x0000000000000000       0x12 C:\Users\jack\AppData\Local\Temp\ccNMugYx.ltrans18.ltrans.o
 .comment       0x0000000000000000       0x12 C:\Users\jack\AppData\Local\Temp\ccNMugYx.ltrans19.ltrans.o
 .comment       0x0000000000000000       0x12 C:\Users\jack\AppData\Local\Temp\ccNMugYx.ltrans20.ltrans.o
 .comment       0x0000000000000000       0x12 C:\Users\jack\AppData\Local\Temp\ccNMugYx.ltrans21.ltrans.o
 .comment       0x0000000000000000       0x12 C:\Users\jack\AppData\Local\Temp\ccNMugYx.ltrans22.ltrans.o
 .comment       0x0000000000000000       0x12 C:\Users\jack\AppData\Local\Temp\ccNMugYx.ltrans23.ltrans.o
 .comment       0x0000000000000000       0x12 C:\Users\jack\AppData\Local\Temp\ccNMugYx.ltrans24.ltrans.o
 .comment       0x0000000000000000       0x12 C:\Users\jack\AppData\Local\Temp\ccNMugYx.ltrans25.ltrans.o
 .comment       0x0000000000000000       0x12 C:\Users\jack\AppData\Local\Temp\ccNMugYx.ltrans26.ltrans.o
 .comment       0x0000000000000000       0x12 C:\Users\jack\AppData\Local\Temp\ccNMugYx.ltrans27.ltrans.o
 .comment       0x0000000000000000       0x12 C:\Users\jack\AppData\Local\Temp\ccNMugYx.ltrans28.ltrans.o
 .comment       0x0000000000000000       0x12 C:\Users\jack\AppData\Local\Temp\ccNMugYx.ltrans29.ltrans.o
 .comment       0x0000000000000000       0x12 C:\Users\jack\AppData\Local\Temp\ccNMugYx.ltrans30.ltrans.o
 .comment       0x0000000000000000       0x12 C:\Users\jack\AppData\Local\Temp\ccNMugYx.ltrans31.ltrans.o
 .comment       0x0000000000000000       0x12 c:/nxp/bstudio_nxp/sdk/tools/ba-elf-ba2-r36379/bin/../lib/gcc/ba-elf/4.7.4/../../../../ba-elf/lib/mcpu_jn51xx_sizeopt\libc.a(lib_a-memcmp.o)
 .comment       0x0000000000000000       0x12 c:/nxp/bstudio_nxp/sdk/tools/ba-elf-ba2-r36379/bin/../lib/gcc/ba-elf/4.7.4/../../../../ba-elf/lib/mcpu_jn51xx_sizeopt\libc.a(lib_a-memcpy.o)
 .comment       0x0000000000000000       0x12 c:/nxp/bstudio_nxp/sdk/tools/ba-elf-ba2-r36379/bin/../lib/gcc/ba-elf/4.7.4/../../../../ba-elf/lib/mcpu_jn51xx_sizeopt\libc.a(lib_a-memset.o)
 .comment       0x0000000000000000       0x12 c:/nxp/bstudio_nxp/sdk/tools/ba-elf-ba2-r36379/bin/../lib/gcc/ba-elf/4.7.4/mcpu_jn51xx_sizeopt\libgcc.a(_udivdi3.o)
 .comment       0x0000000000000000       0x11 c:/NXP/bstudio_nxp/sdk/JN-SW-4168/Components/Library\libMicroSpecific_JN516x.a(MicroSyscall_ba.o)
                                         0x12 (size before relaxing)

.debug_info     0x0000000000000000      0xbea
 .debug_info    0x0000000000000000       0xf3 c:/nxp/bstudio_nxp/sdk/tools/ba-elf-ba2-r36379/bin/../lib/gcc/ba-elf/4.7.4/../../../../ba-elf/lib/mcpu_jn51xx_sizeopt\libc.a(lib_a-memcmp.o)
 .debug_info    0x00000000000000f3      0x106 c:/nxp/bstudio_nxp/sdk/tools/ba-elf-ba2-r36379/bin/../lib/gcc/ba-elf/4.7.4/../../../../ba-elf/lib/mcpu_jn51xx_sizeopt\libc.a(lib_a-memcpy.o)
 .debug_info    0x00000000000001f9       0xd7 c:/nxp/bstudio_nxp/sdk/tools/ba-elf-ba2-r36379/bin/../lib/gcc/ba-elf/4.7.4/../../../../ba-elf/lib/mcpu_jn51xx_sizeopt\libc.a(lib_a-memset.o)
 .debug_info    0x00000000000002d0       0xb4 c:/nxp/bstudio_nxp/sdk/tools/ba-elf-ba2-r36379/bin/../lib/gcc/ba-elf/4.7.4/mcpu_jn51xx_sizeopt\libgcc.a(__udivsi3.o)
 .debug_info    0x0000000000000384       0xb4 c:/nxp/bstudio_nxp/sdk/tools/ba-elf-ba2-r36379/bin/../lib/gcc/ba-elf/4.7.4/mcpu_jn51xx_sizeopt\libgcc.a(__umodsi3.o)
 .debug_info    0x0000000000000438       0xb4 c:/nxp/bstudio_nxp/sdk/tools/ba-elf-ba2-r36379/bin/../lib/gcc/ba-elf/4.7.4/mcpu_jn51xx_sizeopt\libgcc.a(__modsi3.o)
 .debug_info    0x00000000000004ec      0x648 c:/nxp/bstudio_nxp/sdk/tools/ba-elf-ba2-r36379/bin/../lib/gcc/ba-elf/4.7.4/mcpu_jn51xx_sizeopt\libgcc.a(_udivdi3.o)
 .debug_info    0x0000000000000b34       0xb6 c:/NXP/bstudio_nxp/sdk/JN-SW-4168/Components/Library\libBoot_JN516x.a(ExceptionHandler.o)

.debug_abbrev   0x0000000000000000      0x36d
 .debug_abbrev  0x0000000000000000       0x8e c:/nxp/bstudio_nxp/sdk/tools/ba-elf-ba2-r36379/bin/../lib/gcc/ba-elf/4.7.4/../../../../ba-elf/lib/mcpu_jn51xx_sizeopt\libc.a(lib_a-memcmp.o)
 .debug_abbrev  0x000000000000008e       0xa4 c:/nxp/bstudio_nxp/sdk/tools/ba-elf-ba2-r36379/bin/../lib/gcc/ba-elf/4.7.4/../../../../ba-elf/lib/mcpu_jn51xx_sizeopt\libc.a(lib_a-memcpy.o)
 .debug_abbrev  0x0000000000000132       0x8e c:/nxp/bstudio_nxp/sdk/tools/ba-elf-ba2-r36379/bin/../lib/gcc/ba-elf/4.7.4/../../../../ba-elf/lib/mcpu_jn51xx_sizeopt\libc.a(lib_a-memset.o)
 .debug_abbrev  0x00000000000001c0       0x14 c:/nxp/bstudio_nxp/sdk/tools/ba-elf-ba2-r36379/bin/../lib/gcc/ba-elf/4.7.4/mcpu_jn51xx_sizeopt\libgcc.a(__udivsi3.o)
 .debug_abbrev  0x00000000000001d4       0x14 c:/nxp/bstudio_nxp/sdk/tools/ba-elf-ba2-r36379/bin/../lib/gcc/ba-elf/4.7.4/mcpu_jn51xx_sizeopt\libgcc.a(__umodsi3.o)
 .debug_abbrev  0x00000000000001e8       0x14 c:/nxp/bstudio_nxp/sdk/tools/ba-elf-ba2-r36379/bin/../lib/gcc/ba-elf/4.7.4/mcpu_jn51xx_sizeopt\libgcc.a(__modsi3.o)
 .debug_abbrev  0x00000000000001fc      0x15d c:/nxp/bstudio_nxp/sdk/tools/ba-elf-ba2-r36379/bin/../lib/gcc/ba-elf/4.7.4/mcpu_jn51xx_sizeopt\libgcc.a(_udivdi3.o)
 .debug_abbrev  0x0000000000000359       0x14 c:/NXP/bstudio_nxp/sdk/JN-SW-4168/Components/Library\libBoot_JN516x.a(ExceptionHandler.o)

.debug_loc      0x0000000000000000      0xb66
 .debug_loc     0x0000000000000000       0x73 c:/nxp/bstudio_nxp/sdk/tools/ba-elf-ba2-r36379/bin/../lib/gcc/ba-elf/4.7.4/../../../../ba-elf/lib/mcpu_jn51xx_sizeopt\libc.a(lib_a-memcmp.o)
 .debug_loc     0x0000000000000073       0x39 c:/nxp/bstudio_nxp/sdk/tools/ba-elf-ba2-r36379/bin/../lib/gcc/ba-elf/4.7.4/../../../../ba-elf/lib/mcpu_jn51xx_sizeopt\libc.a(lib_a-memcpy.o)
 .debug_loc     0x00000000000000ac       0x3f c:/nxp/bstudio_nxp/sdk/tools/ba-elf-ba2-r36379/bin/../lib/gcc/ba-elf/4.7.4/../../../../ba-elf/lib/mcpu_jn51xx_sizeopt\libc.a(lib_a-memset.o)
 .debug_loc     0x00000000000000eb      0xa7b c:/nxp/bstudio_nxp/sdk/tools/ba-elf-ba2-r36379/bin/../lib/gcc/ba-elf/4.7.4/mcpu_jn51xx_sizeopt\libgcc.a(_udivdi3.o)

.debug_aranges  0x0000000000000000      0x100
 .debug_aranges
                0x0000000000000000       0x20 c:/nxp/bstudio_nxp/sdk/tools/ba-elf-ba2-r36379/bin/../lib/gcc/ba-elf/4.7.4/../../../../ba-elf/lib/mcpu_jn51xx_sizeopt\libc.a(lib_a-memcmp.o)
 .debug_aranges
                0x0000000000000020       0x20 c:/nxp/bstudio_nxp/sdk/tools/ba-elf-ba2-r36379/bin/../lib/gcc/ba-elf/4.7.4/../../../../ba-elf/lib/mcpu_jn51xx_sizeopt\libc.a(lib_a-memcpy.o)
 .debug_aranges
                0x0000000000000040       0x20 c:/nxp/bstudio_nxp/sdk/tools/ba-elf-ba2-r36379/bin/../lib/gcc/ba-elf/4.7.4/../../../../ba-elf/lib/mcpu_jn51xx_sizeopt\libc.a(lib_a-memset.o)
 .debug_aranges
                0x0000000000000060       0x20 c:/nxp/bstudio_nxp/sdk/tools/ba-elf-ba2-r36379/bin/../lib/gcc/ba-elf/4.7.4/mcpu_jn51xx_sizeopt\libgcc.a(__udivsi3.o)
 .debug_aranges
                0x0000000000000080       0x20 c:/nxp/bstudio_nxp/sdk/tools/ba-elf-ba2-r36379/bin/../lib/gcc/ba-elf/4.7.4/mcpu_jn51xx_sizeopt\libgcc.a(__umodsi3.o)
 .debug_aranges
                0x00000000000000a0       0x20 c:/nxp/bstudio_nxp/sdk/tools/ba-elf-ba2-r36379/bin/../lib/gcc/ba-elf/4.7.4/mcpu_jn51xx_sizeopt\libgcc.a(__modsi3.o)
 .debug_aranges
                0x00000000000000c0       0x20 c:/nxp/bstudio_nxp/sdk/tools/ba-elf-ba2-r36379/bin/../lib/gcc/ba-elf/4.7.4/mcpu_jn51xx_sizeopt\libgcc.a(_udivdi3.o)
 .debug_aranges
                0x00000000000000e0       0x20 c:/NXP/bstudio_nxp/sdk/JN-SW-4168/Components/Library\libBoot_JN516x.a(ExceptionHandler.o)

.debug_line     0x0000000000000000     0x1013
 .debug_line    0x0000000000000000      0x154 c:/nxp/bstudio_nxp/sdk/tools/ba-elf-ba2-r36379/bin/../lib/gcc/ba-elf/4.7.4/../../../../ba-elf/lib/mcpu_jn51xx_sizeopt\libc.a(lib_a-memcmp.o)
 .debug_line    0x0000000000000154      0x148 c:/nxp/bstudio_nxp/sdk/tools/ba-elf-ba2-r36379/bin/../lib/gcc/ba-elf/4.7.4/../../../../ba-elf/lib/mcpu_jn51xx_sizeopt\libc.a(lib_a-memcpy.o)
 .debug_line    0x000000000000029c      0x13e c:/nxp/bstudio_nxp/sdk/tools/ba-elf-ba2-r36379/bin/../lib/gcc/ba-elf/4.7.4/../../../../ba-elf/lib/mcpu_jn51xx_sizeopt\libc.a(lib_a-memset.o)
 .debug_line    0x00000000000003da      0x47b c:/nxp/bstudio_nxp/sdk/tools/ba-elf-ba2-r36379/bin/../lib/gcc/ba-elf/4.7.4/mcpu_jn51xx_sizeopt\libgcc.a(__udivsi3.o)
 .debug_line    0x0000000000000855      0x3c7 c:/nxp/bstudio_nxp/sdk/tools/ba-elf-ba2-r36379/bin/../lib/gcc/ba-elf/4.7.4/mcpu_jn51xx_sizeopt\libgcc.a(__umodsi3.o)
 .debug_line    0x0000000000000c1c       0xa3 c:/nxp/bstudio_nxp/sdk/tools/ba-elf-ba2-r36379/bin/../lib/gcc/ba-elf/4.7.4/mcpu_jn51xx_sizeopt\libgcc.a(__modsi3.o)
 .debug_line    0x0000000000000cbf      0x1b7 c:/nxp/bstudio_nxp/sdk/tools/ba-elf-ba2-r36379/bin/../lib/gcc/ba-elf/4.7.4/mcpu_jn51xx_sizeopt\libgcc.a(_udivdi3.o)
 .debug_line    0x0000000000000e76      0x19d c:/NXP/bstudio_nxp/sdk/JN-SW-4168/Components/Library\libBoot_JN516x.a(ExceptionHandler.o)

.debug_str      0x0000000000000000      0x2e8
 .debug_str     0x0000000000000000      0x119 c:/nxp/bstudio_nxp/sdk/tools/ba-elf-ba2-r36379/bin/../lib/gcc/ba-elf/4.7.4/../../../../ba-elf/lib/mcpu_jn51xx_sizeopt\libc.a(lib_a-memcmp.o)
                                        0x152 (size before relaxing)
 .debug_str     0x0000000000000119       0x5d c:/nxp/bstudio_nxp/sdk/tools/ba-elf-ba2-r36379/bin/../lib/gcc/ba-elf/4.7.4/../../../../ba-elf/lib/mcpu_jn51xx_sizeopt\libc.a(lib_a-memcpy.o)
                                        0x166 (size before relaxing)
 .debug_str     0x0000000000000176       0x49 c:/nxp/bstudio_nxp/sdk/tools/ba-elf-ba2-r36379/bin/../lib/gcc/ba-elf/4.7.4/../../../../ba-elf/lib/mcpu_jn51xx_sizeopt\libc.a(lib_a-memset.o)
                                        0x152 (size before relaxing)
 .debug_str     0x00000000000001bf      0x129 c:/nxp/bstudio_nxp/sdk/tools/ba-elf-ba2-r36379/bin/../lib/gcc/ba-elf/4.7.4/mcpu_jn51xx_sizeopt\libgcc.a(_udivdi3.o)
                                        0x1d4 (size before relaxing)

.debug_frame    0x0000000000000000       0x60
 .debug_frame   0x0000000000000000       0x20 c:/nxp/bstudio_nxp/sdk/tools/ba-elf-ba2-r36379/bin/../lib/gcc/ba-elf/4.7.4/../../../../ba-elf/lib/mcpu_jn51xx_sizeopt\libc.a(lib_a-memcmp.o)
 .debug_frame   0x0000000000000020       0x20 c:/nxp/bstudio_nxp/sdk/tools/ba-elf-ba2-r36379/bin/../lib/gcc/ba-elf/4.7.4/../../../../ba-elf/lib/mcpu_jn51xx_sizeopt\libc.a(lib_a-memcpy.o)
 .debug_frame   0x0000000000000040       0x20 c:/nxp/bstudio_nxp/sdk/tools/ba-elf-ba2-r36379/bin/../lib/gcc/ba-elf/4.7.4/../../../../ba-elf/lib/mcpu_jn51xx_sizeopt\libc.a(lib_a-memset.o)

.debug_ranges   0x0000000000000000       0xa0
 .debug_ranges  0x0000000000000000       0xa0 c:/nxp/bstudio_nxp/sdk/tools/ba-elf-ba2-r36379/bin/../lib/gcc/ba-elf/4.7.4/mcpu_jn51xx_sizeopt\libgcc.a(_udivdi3.o)
